<html>
<body>
<pre>
<h1>µVision Build Log</h1>
<h2>Tool Versions:</h2>
IDE-Version: µVision V5.36.0.0
Copyright (C) 2021 ARM Ltd and ARM Germany GmbH. All rights reserved.
License Information: 1 11, 1, LIC=----
 
Tool Versions:
Toolchain:       MDK-Lite  Version: 5.36.0.0
Toolchain Path:  E:\Prog\Keil\ARM\ARMCC\Bin
C Compiler:      Armcc.exe V5.06 update 7 (build 960)
Assembler:       Armasm.exe V5.06 update 7 (build 960)
Linker/Locator:  ArmLink.exe V5.06 update 7 (build 960)
Library Manager: ArmAr.exe V5.06 update 7 (build 960)
Hex Converter:   FromElf.exe V5.06 update 7 (build 960)
CPU DLL:         SARMCM3.DLL V5.36.0.0
Dialog DLL:      DCM.DLL V1.17.3.0
Target DLL:      CMSIS_AGDI.dll V1.33.0.0
Dialog DLL:      TCM.DLL V1.53.0.0
 
<h2>Project:</h2>
D:\Reposit\AT32_projects\Keil_project\_project\AT32F403_FreeRTOS\mdk_v5\freertos_demo.uvprojx
Project File Date:  06/14/2024

<h2>Output:</h2>
*** Using Compiler 'V5.06 update 7 (build 960)', folder: 'E:\Prog\Keil\ARM\ARMCC\Bin'
Rebuild target 'at_start_f403a_ac5'
compiling include_port.c...
compiling at32f403a_407_int.c...
compiling at32f403a_407_bpr.c...
compiling at32f403a_407_clock.c...
compiling at32f403a_407_adc.c...
compiling at32f403a_407_acc.c...
compiling at32f403a_407_can.c...
compiling main.c...
compiling at32f403a_407_dma.c...
compiling at32f403a_407_crc.c...
compiling at32f403a_407_crm.c...
compiling at32f403a_407_debug.c...
compiling at32f403a_407_dac.c...
compiling at32f403a_407_emac.c...
compiling at32f403a_407_exint.c...
compiling at32f403a_407_flash.c...
compiling at32f403a_407_misc.c...
compiling at32f403a_407_pwc.c...
compiling at32f403a_407_gpio.c...
compiling at32f403a_407_i2c.c...
compiling at32f403a_407_rtc.c...
compiling at32f403a_407_sdio.c...
compiling at32f403a_407_spi.c...
compiling at32f403a_407_usart.c...
compiling at32f403a_407_wdt.c...
compiling at32f403a_407_usb.c...
compiling at32f403a_407_tmr.c...
assembling startup_at32f403a_407.s...
compiling at32f403a_407_wwdt.c...
compiling croutine.c...
compiling list.c...
compiling event_groups.c...
compiling queue.c...
compiling timers.c...
compiling stream_buffer.c...
compiling at32f403a_407_xmc.c...
compiling heap_4.c...
compiling system_at32f403a_407.c...
compiling tasks.c...
compiling delay.c...
compiling user_gpio.c...
..\..\..\user_libraries\inc\user_gpio.h(45): warning:  #1-D: last line of file ends without a newline
   */
..\..\..\user_libraries\src\user_gpio.c(67): warning:  #1-D: last line of file ends without a newline
  // gpio_read_pin
..\..\..\user_libraries\src\user_gpio.c: 2 warnings, 0 errors
compiling usart.c...
..\..\..\user_libraries\inc\usart.h(9): warning:  #1-D: last line of file ends without a newline
  #endif
..\..\..\user_libraries\src\usart.c(16): warning:  #1-D: last line of file ends without a newline
  } */
..\..\..\user_libraries\src\usart.c: 2 warnings, 0 errors
compiling user_timer.c...
..\..\..\user_libraries\inc\user_timer.h(25): warning:  #1-D: last line of file ends without a newline
  void init_timer6_int (void);
..\..\..\user_libraries\inc\user_gpio.h(45): warning:  #1-D: last line of file ends without a newline
   */
..\..\..\user_libraries\src\user_timer.c(77): warning:  #1-D: last line of file ends without a newline
  }
..\..\..\user_libraries\src\user_timer.c: 3 warnings, 0 errors
linking...
Program Size: Code=5286 RO-data=438 RW-data=120 ZI-data=10024  
FromELF: creating hex file...
".\objects\at32f403a_freertos_ac5.axf" - 0 Error(s), 7 Warning(s).

<h2>Software Packages used:</h2>

Package Vendor: ArteryTek
                
                ArteryTek.AT32F403A_407_DFP.2.1.4
                ArteryTek AT32F403A_407 Series Device Support,Drivers

<h2>Collection of Component include folders:</h2>
  C:\Users\nchernov\AppData\Local\Arm\Packs\ArteryTek\AT32F403A_407_DFP\2.1.4\Device\Include

<h2>Collection of Component Files used:</h2>
Build Time Elapsed:  00:00:02
</pre>
</body>
</html>
