Component: ARM Compiler 5.06 update 7 (build 960) Tool: armlink [4d3601]

==============================================================================

Section Cross References

    main.o(i.main) refers to at32f403a_407_wk_config.o(i.wk_system_clock_config) for wk_system_clock_config
    main.o(i.main) refers to at32f403a_407_wk_config.o(i.wk_periph_clock_config) for wk_periph_clock_config
    main.o(i.main) refers to at32f403a_407_wk_config.o(i.wk_debug_config) for wk_debug_config
    main.o(i.main) refers to at32f403a_407_wk_config.o(i.wk_nvic_config) for wk_nvic_config
    main.o(i.main) refers to at32f403a_407_misc.o(i.nvic_irq_enable) for nvic_irq_enable
    main.o(i.main) refers to user_gpio.o(i.init_pin) for init_pin
    main.o(i.main) refers to delay.o(i.delay_init) for delay_init
    main.o(i.main) refers to user_timer.o(i.init_timer6_int) for init_timer6_int
    main.o(i.main) refers to delay.o(i.delay_ms) for delay_ms
    at32f403a_407_wk_config.o(i.wk_debug_config) refers to at32f403a_407_gpio.o(i.gpio_pin_remap_config) for gpio_pin_remap_config
    at32f403a_407_wk_config.o(i.wk_gpio_config) refers to at32f403a_407_gpio.o(i.gpio_default_para_init) for gpio_default_para_init
    at32f403a_407_wk_config.o(i.wk_gpio_config) refers to at32f403a_407_gpio.o(i.gpio_bits_reset) for gpio_bits_reset
    at32f403a_407_wk_config.o(i.wk_gpio_config) refers to at32f403a_407_gpio.o(i.gpio_init) for gpio_init
    at32f403a_407_wk_config.o(i.wk_nvic_config) refers to at32f403a_407_misc.o(i.nvic_priority_group_config) for nvic_priority_group_config
    at32f403a_407_wk_config.o(i.wk_nvic_config) refers to at32f403a_407_misc.o(i.nvic_irq_enable) for nvic_irq_enable
    at32f403a_407_wk_config.o(i.wk_periph_clock_config) refers to at32f403a_407_crm.o(i.crm_periph_clock_enable) for crm_periph_clock_enable
    at32f403a_407_wk_config.o(i.wk_system_clock_config) refers to at32f403a_407_crm.o(i.crm_reset) for crm_reset
    at32f403a_407_wk_config.o(i.wk_system_clock_config) refers to at32f403a_407_crm.o(i.crm_clock_source_enable) for crm_clock_source_enable
    at32f403a_407_wk_config.o(i.wk_system_clock_config) refers to at32f403a_407_crm.o(i.crm_flag_get) for crm_flag_get
    at32f403a_407_wk_config.o(i.wk_system_clock_config) refers to at32f403a_407_crm.o(i.crm_hext_stable_wait) for crm_hext_stable_wait
    at32f403a_407_wk_config.o(i.wk_system_clock_config) refers to at32f403a_407_crm.o(i.crm_pll_config) for crm_pll_config
    at32f403a_407_wk_config.o(i.wk_system_clock_config) refers to at32f403a_407_crm.o(i.crm_ahb_div_set) for crm_ahb_div_set
    at32f403a_407_wk_config.o(i.wk_system_clock_config) refers to at32f403a_407_crm.o(i.crm_apb2_div_set) for crm_apb2_div_set
    at32f403a_407_wk_config.o(i.wk_system_clock_config) refers to at32f403a_407_crm.o(i.crm_apb1_div_set) for crm_apb1_div_set
    at32f403a_407_wk_config.o(i.wk_system_clock_config) refers to at32f403a_407_crm.o(i.crm_auto_step_mode_enable) for crm_auto_step_mode_enable
    at32f403a_407_wk_config.o(i.wk_system_clock_config) refers to at32f403a_407_crm.o(i.crm_sysclk_switch) for crm_sysclk_switch
    at32f403a_407_wk_config.o(i.wk_system_clock_config) refers to at32f403a_407_crm.o(i.crm_sysclk_switch_status_get) for crm_sysclk_switch_status_get
    at32f403a_407_wk_config.o(i.wk_system_clock_config) refers to system_at32f403a_407.o(i.system_core_clock_update) for system_core_clock_update
    at32f403a_407_wk_config.o(i.wk_tmr2_init) refers to at32f403a_407_gpio.o(i.gpio_default_para_init) for gpio_default_para_init
    at32f403a_407_wk_config.o(i.wk_tmr2_init) refers to at32f403a_407_gpio.o(i.gpio_init) for gpio_init
    at32f403a_407_wk_config.o(i.wk_tmr2_init) refers to at32f403a_407_tmr.o(i.tmr_base_init) for tmr_base_init
    at32f403a_407_wk_config.o(i.wk_tmr2_init) refers to at32f403a_407_tmr.o(i.tmr_cnt_dir_set) for tmr_cnt_dir_set
    at32f403a_407_wk_config.o(i.wk_tmr2_init) refers to at32f403a_407_tmr.o(i.tmr_clock_source_div_set) for tmr_clock_source_div_set
    at32f403a_407_wk_config.o(i.wk_tmr2_init) refers to at32f403a_407_tmr.o(i.tmr_period_buffer_enable) for tmr_period_buffer_enable
    at32f403a_407_wk_config.o(i.wk_tmr2_init) refers to at32f403a_407_tmr.o(i.tmr_sub_sync_mode_set) for tmr_sub_sync_mode_set
    at32f403a_407_wk_config.o(i.wk_tmr2_init) refers to at32f403a_407_tmr.o(i.tmr_primary_mode_select) for tmr_primary_mode_select
    at32f403a_407_wk_config.o(i.wk_tmr2_init) refers to at32f403a_407_tmr.o(i.tmr_output_channel_config) for tmr_output_channel_config
    at32f403a_407_wk_config.o(i.wk_tmr2_init) refers to at32f403a_407_tmr.o(i.tmr_channel_value_set) for tmr_channel_value_set
    at32f403a_407_wk_config.o(i.wk_tmr2_init) refers to at32f403a_407_tmr.o(i.tmr_output_channel_buffer_enable) for tmr_output_channel_buffer_enable
    at32f403a_407_wk_config.o(i.wk_tmr2_init) refers to at32f403a_407_tmr.o(i.tmr_output_channel_immediately_set) for tmr_output_channel_immediately_set
[...]
    at32f403a_407_flash.o(i.flash_operation_wait_for) refers to at32f403a_407_flash.o(i.flash_operation_status_get) for flash_operation_status_get
    at32f403a_407_flash.o(i.flash_sector_erase) refers to at32f403a_407_flash.o(i.flash_bank1_operation_wait_for) for flash_bank1_operation_wait_for
    at32f403a_407_flash.o(i.flash_sector_erase) refers to at32f403a_407_flash.o(i.flash_bank2_operation_wait_for) for flash_bank2_operation_wait_for
    at32f403a_407_flash.o(i.flash_sector_erase) refers to at32f403a_407_flash.o(i.flash_spim_operation_wait_for) for flash_spim_operation_wait_for
    at32f403a_407_flash.o(i.flash_sector_erase) refers to at32f403a_407_flash.o(i.flash_spim_dummy_read) for flash_spim_dummy_read
    at32f403a_407_flash.o(i.flash_slib_disable) refers to at32f403a_407_flash.o(i.flash_operation_wait_for) for flash_operation_wait_for
    at32f403a_407_flash.o(i.flash_slib_enable) refers to at32f403a_407_flash.o(i.flash_operation_wait_for) for flash_operation_wait_for
    at32f403a_407_flash.o(i.flash_spim_all_erase) refers to at32f403a_407_flash.o(i.flash_spim_operation_wait_for) for flash_spim_operation_wait_for
    at32f403a_407_flash.o(i.flash_spim_all_erase) refers to at32f403a_407_flash.o(i.flash_spim_dummy_read) for flash_spim_dummy_read
    at32f403a_407_flash.o(i.flash_spim_mass_program) refers to at32f403a_407_flash.o(i.flash_spim_operation_wait_for) for flash_spim_operation_wait_for
    at32f403a_407_flash.o(i.flash_spim_mass_program) refers to at32f403a_407_flash.o(i.flash_spim_dummy_read) for flash_spim_dummy_read
    at32f403a_407_flash.o(i.flash_spim_model_select) refers to at32f403a_407_flash.o(i.flash_spim_dummy_read) for flash_spim_dummy_read
    at32f403a_407_flash.o(i.flash_spim_operation_wait_for) refers to at32f403a_407_flash.o(i.flash_spim_operation_status_get) for flash_spim_operation_status_get
    at32f403a_407_flash.o(i.flash_ssb_set) refers to at32f403a_407_flash.o(i.flash_operation_wait_for) for flash_operation_wait_for
    at32f403a_407_flash.o(i.flash_user_system_data_erase) refers to at32f403a_407_flash.o(i.flash_fap_status_get) for flash_fap_status_get
    at32f403a_407_flash.o(i.flash_user_system_data_erase) refers to at32f403a_407_flash.o(i.flash_operation_wait_for) for flash_operation_wait_for
    at32f403a_407_flash.o(i.flash_user_system_data_program) refers to at32f403a_407_flash.o(i.flash_operation_wait_for) for flash_operation_wait_for
    at32f403a_407_flash.o(i.flash_word_program) refers to at32f403a_407_flash.o(i.flash_bank1_operation_wait_for) for flash_bank1_operation_wait_for
    at32f403a_407_flash.o(i.flash_word_program) refers to at32f403a_407_flash.o(i.flash_bank2_operation_wait_for) for flash_bank2_operation_wait_for
    at32f403a_407_flash.o(i.flash_word_program) refers to at32f403a_407_flash.o(i.flash_spim_operation_wait_for) for flash_spim_operation_wait_for
    at32f403a_407_flash.o(i.flash_word_program) refers to at32f403a_407_flash.o(i.flash_spim_dummy_read) for flash_spim_dummy_read
    at32f403a_407_gpio.o(i.gpio_iomux_reset) refers to at32f403a_407_crm.o(i.crm_periph_reset) for crm_periph_reset
    at32f403a_407_gpio.o(i.gpio_reset) refers to at32f403a_407_crm.o(i.crm_periph_reset) for crm_periph_reset
    at32f403a_407_pwc.o(i.pwc_reset) refers to at32f403a_407_crm.o(i.crm_periph_reset) for crm_periph_reset
    at32f403a_407_tmr.o(i.tmr_external_clock_mode1_config) refers to at32f403a_407_tmr.o(i.tmr_external_clock_config) for tmr_external_clock_config
    at32f403a_407_tmr.o(i.tmr_external_clock_mode2_config) refers to at32f403a_407_tmr.o(i.tmr_external_clock_config) for tmr_external_clock_config
    at32f403a_407_tmr.o(i.tmr_reset) refers to at32f403a_407_crm.o(i.crm_periph_reset) for crm_periph_reset
    startup_at32f403a_407.o(STACK) refers (Special) to heapauxi.o(.text) for __use_two_region_memory
    startup_at32f403a_407.o(HEAP) refers (Special) to heapauxi.o(.text) for __use_two_region_memory
    startup_at32f403a_407.o(RESET) refers (Special) to heapauxi.o(.text) for __use_two_region_memory
    startup_at32f403a_407.o(RESET) refers to startup_at32f403a_407.o(STACK) for __initial_sp
    startup_at32f403a_407.o(RESET) refers to startup_at32f403a_407.o(.text) for Reset_Handler
    startup_at32f403a_407.o(RESET) refers to at32f403a_407_int.o(i.NMI_Handler) for NMI_Handler
    startup_at32f403a_407.o(RESET) refers to at32f403a_407_int.o(i.HardFault_Handler) for HardFault_Handler
    startup_at32f403a_407.o(RESET) refers to at32f403a_407_int.o(i.MemManage_Handler) for MemManage_Handler
    startup_at32f403a_407.o(RESET) refers to at32f403a_407_int.o(i.BusFault_Handler) for BusFault_Handler
    startup_at32f403a_407.o(RESET) refers to at32f403a_407_int.o(i.UsageFault_Handler) for UsageFault_Handler
    startup_at32f403a_407.o(RESET) refers to at32f403a_407_int.o(i.SVC_Handler) for SVC_Handler
    startup_at32f403a_407.o(RESET) refers to at32f403a_407_int.o(i.DebugMon_Handler) for DebugMon_Handler
    startup_at32f403a_407.o(RESET) refers to at32f403a_407_int.o(i.PendSV_Handler) for PendSV_Handler
    startup_at32f403a_407.o(RESET) refers to at32f403a_407_int.o(i.TMR2_GLOBAL_IRQHandler) for TMR2_GLOBAL_IRQHandler
    startup_at32f403a_407.o(RESET) refers to at32f403a_407_int.o(i.TMR6_GLOBAL_IRQHandler) for TMR6_GLOBAL_IRQHandler
    startup_at32f403a_407.o(.text) refers (Special) to heapauxi.o(.text) for __use_two_region_memory
    startup_at32f403a_407.o(.text) refers to system_at32f403a_407.o(i.SystemInit) for SystemInit
    startup_at32f403a_407.o(.text) refers to __main.o(!!!main) for __main
    startup_at32f403a_407.o(.text) refers to startup_at32f403a_407.o(HEAP) for Heap_Mem
    startup_at32f403a_407.o(.text) refers to startup_at32f403a_407.o(STACK) for Stack_Mem
    system_at32f403a_407.o(i.system_core_clock_update) refers to at32f403a_407_crm.o(i.crm_sysclk_switch_status_get) for crm_sysclk_switch_status_get
    system_at32f403a_407.o(i.system_core_clock_update) refers to system_at32f403a_407.o(.data) for system_core_clock
    system_at32f403a_407.o(i.system_core_clock_update) refers to system_at32f403a_407.o(.constdata) for sys_ahb_div_table
    delay.o(i.delay_init) refers to at32f403a_407_misc.o(i.systick_clock_source_config) for systick_clock_source_config
    delay.o(i.delay_init) refers to system_at32f403a_407.o(.data) for system_core_clock
    delay.o(i.delay_init) refers to delay.o(.data) for fac_us
    delay.o(i.delay_ms) refers to delay.o(.data) for fac_ms
    delay.o(i.delay_sec) refers to delay.o(i.delay_ms) for delay_ms
    delay.o(i.delay_us) refers to delay.o(.data) for fac_us
    user_timer.o(i.init_pwm_A0) refers to system_at32f403a_407.o(.data) for system_core_clock
    user_timer.o(i.init_pwm_A0) refers to user_timer.o(.data) for sys_clock
    user_timer.o(i.init_timer6_int) refers to at32f403a_407_crm.o(i.crm_periph_clock_enable) for crm_periph_clock_enable
    user_timer.o(i.init_timer6_int) refers to at32f403a_407_misc.o(i.nvic_irq_enable) for nvic_irq_enable
    __main.o(!!!main) refers to __rtentry.o(.ARM.Collect$$rtentry$$00000000) for __rt_entry
    __rtentry.o(.ARM.Collect$$rtentry$$00000000) refers (Special) to __rtentry2.o(.ARM.Collect$$rtentry$$0000000A) for __rt_entry_li
    __rtentry.o(.ARM.Collect$$rtentry$$00000000) refers (Special) to __rtentry2.o(.ARM.Collect$$rtentry$$0000000D) for __rt_entry_main
    __rtentry.o(.ARM.Collect$$rtentry$$00000000) refers (Special) to __rtentry2.o(.ARM.Collect$$rtentry$$0000000C) for __rt_entry_postli_1
    __rtentry.o(.ARM.Collect$$rtentry$$00000000) refers (Special) to __rtentry2.o(.ARM.Collect$$rtentry$$00000009) for __rt_entry_postsh_1
    __rtentry.o(.ARM.Collect$$rtentry$$00000000) refers (Special) to __rtentry2.o(.ARM.Collect$$rtentry$$00000002) for __rt_entry_presh_1
    __rtentry.o(.ARM.Collect$$rtentry$$00000000) refers (Special) to __rtentry4.o(.ARM.Collect$$rtentry$$00000004) for __rt_entry_sh
    __rtentry2.o(.ARM.Collect$$rtentry$$00000008) refers to boardinit2.o(.text) for _platform_post_stackheap_init
    __rtentry2.o(.ARM.Collect$$rtentry$$0000000A) refers to libinit.o(.ARM.Collect$$libinit$$00000000) for __rt_lib_init
    __rtentry2.o(.ARM.Collect$$rtentry$$0000000B) refers to boardinit3.o(.text) for _platform_post_lib_init
    __rtentry2.o(.ARM.Collect$$rtentry$$0000000D) refers to main.o(i.main) for main
    __rtentry2.o(.ARM.Collect$$rtentry$$0000000D) refers to exit.o(.text) for exit
    __rtentry2.o(.ARM.exidx) refers to __rtentry2.o(.ARM.Collect$$rtentry$$00000001) for .ARM.Collect$$rtentry$$00000001
    __rtentry2.o(.ARM.exidx) refers to __rtentry2.o(.ARM.Collect$$rtentry$$00000008) for .ARM.Collect$$rtentry$$00000008
    __rtentry2.o(.ARM.exidx) refers to __rtentry2.o(.ARM.Collect$$rtentry$$0000000A) for .ARM.Collect$$rtentry$$0000000A
    __rtentry2.o(.ARM.exidx) refers to __rtentry2.o(.ARM.Collect$$rtentry$$0000000B) for .ARM.Collect$$rtentry$$0000000B
    __rtentry2.o(.ARM.exidx) refers to __rtentry2.o(.ARM.Collect$$rtentry$$0000000D) for .ARM.Collect$$rtentry$$0000000D
    __rtentry4.o(.ARM.Collect$$rtentry$$00000004) refers to sys_stackheap_outer.o(.text) for __user_setup_stackheap
    __rtentry4.o(.ARM.exidx) refers to __rtentry4.o(.ARM.Collect$$rtentry$$00000004) for .ARM.Collect$$rtentry$$00000004
    sys_stackheap_outer.o(.text) refers to libspace.o(.text) for __user_perproc_libspace
    sys_stackheap_outer.o(.text) refers to startup_at32f403a_407.o(.text) for __user_initial_stackheap
    exit.o(.text) refers to rtexit.o(.ARM.Collect$$rtexit$$00000000) for __rt_exit
    libinit.o(.ARM.Collect$$libinit$$00000000) refers (Special) to libinit2.o(.ARM.Collect$$libinit$$0000002E) for __rt_lib_init_alloca_1
    libinit.o(.ARM.Collect$$libinit$$00000000) refers (Special) to libinit2.o(.ARM.Collect$$libinit$$0000002C) for __rt_lib_init_argv_1
    libinit.o(.ARM.Collect$$libinit$$00000000) refers (Special) to libinit2.o(.ARM.Collect$$libinit$$0000001B) for __rt_lib_init_atexit_1
    libinit.o(.ARM.Collect$$libinit$$00000000) refers (Special) to libinit2.o(.ARM.Collect$$libinit$$00000021) for __rt_lib_init_clock_1
    libinit.o(.ARM.Collect$$libinit$$00000000) refers (Special) to libinit2.o(.ARM.Collect$$libinit$$00000032) for __rt_lib_init_cpp_1
    libinit.o(.ARM.Collect$$libinit$$00000000) refers (Special) to libinit2.o(.ARM.Collect$$libinit$$00000030) for __rt_lib_init_exceptions_1
    libinit.o(.ARM.Collect$$libinit$$00000000) refers (Special) to libinit2.o(.ARM.Collect$$libinit$$00000001) for __rt_lib_init_fp_1
    libinit.o(.ARM.Collect$$libinit$$00000000) refers (Special) to libinit2.o(.ARM.Collect$$libinit$$0000001F) for __rt_lib_init_fp_trap_1
    libinit.o(.ARM.Collect$$libinit$$00000000) refers (Special) to libinit2.o(.ARM.Collect$$libinit$$00000023) for __rt_lib_init_getenv_1
    libinit.o(.ARM.Collect$$libinit$$00000000) refers (Special) to libinit2.o(.ARM.Collect$$libinit$$0000000A) for __rt_lib_init_heap_1
    libinit.o(.ARM.Collect$$libinit$$00000000) refers (Special) to libinit2.o(.ARM.Collect$$libinit$$00000011) for __rt_lib_init_lc_collate_1
    libinit.o(.ARM.Collect$$libinit$$00000000) refers (Special) to libinit2.o(.ARM.Collect$$libinit$$00000013) for __rt_lib_init_lc_ctype_1
    libinit.o(.ARM.Collect$$libinit$$00000000) refers (Special) to libinit2.o(.ARM.Collect$$libinit$$00000015) for __rt_lib_init_lc_monetary_1
    libinit.o(.ARM.Collect$$libinit$$00000000) refers (Special) to libinit2.o(.ARM.Collect$$libinit$$00000017) for __rt_lib_init_lc_numeric_1
    libinit.o(.ARM.Collect$$libinit$$00000000) refers (Special) to libinit2.o(.ARM.Collect$$libinit$$00000019) for __rt_lib_init_lc_time_1
    libinit.o(.ARM.Collect$$libinit$$00000000) refers (Special) to libinit2.o(.ARM.Collect$$libinit$$00000004) for __rt_lib_init_preinit_1
    libinit.o(.ARM.Collect$$libinit$$00000000) refers (Special) to libinit2.o(.ARM.Collect$$libinit$$0000000E) for __rt_lib_init_rand_1
    libinit.o(.ARM.Collect$$libinit$$00000000) refers (Special) to libinit2.o(.ARM.Collect$$libinit$$00000033) for __rt_lib_init_return
    libinit.o(.ARM.Collect$$libinit$$00000000) refers (Special) to libinit2.o(.ARM.Collect$$libinit$$0000001D) for __rt_lib_init_signal_1
    libinit.o(.ARM.Collect$$libinit$$00000000) refers (Special) to libinit2.o(.ARM.Collect$$libinit$$00000025) for __rt_lib_init_stdio_1
    libinit.o(.ARM.Collect$$libinit$$00000000) refers (Special) to libinit2.o(.ARM.Collect$$libinit$$0000000C) for __rt_lib_init_user_alloc_1
    libspace.o(.text) refers to libspace.o(.bss) for __libspace_start
    rtexit.o(.ARM.Collect$$rtexit$$00000000) refers (Special) to rtexit2.o(.ARM.Collect$$rtexit$$00000004) for __rt_exit_exit
    rtexit.o(.ARM.Collect$$rtexit$$00000000) refers (Special) to rtexit2.o(.ARM.Collect$$rtexit$$00000003) for __rt_exit_ls
    rtexit.o(.ARM.Collect$$rtexit$$00000000) refers (Special) to rtexit2.o(.ARM.Collect$$rtexit$$00000002) for __rt_exit_prels_1
    rtexit.o(.ARM.exidx) refers (Special) to rtexit2.o(.ARM.Collect$$rtexit$$00000004) for __rt_exit_exit
    rtexit.o(.ARM.exidx) refers (Special) to rtexit2.o(.ARM.Collect$$rtexit$$00000003) for __rt_exit_ls
    rtexit.o(.ARM.exidx) refers (Special) to rtexit2.o(.ARM.Collect$$rtexit$$00000002) for __rt_exit_prels_1
    rtexit.o(.ARM.exidx) refers to rtexit.o(.ARM.Collect$$rtexit$$00000000) for .ARM.Collect$$rtexit$$00000000
    libinit2.o(.ARM.Collect$$libinit$$00000001) refers to fpinit.o(x$fpl$fpinit) for _fp_init
    libinit2.o(.ARM.Collect$$libinit$$00000010) refers to libinit2.o(.ARM.Collect$$libinit$$0000000F) for .ARM.Collect$$libinit$$0000000F
    libinit2.o(.ARM.Collect$$libinit$$00000012) refers to libinit2.o(.ARM.Collect$$libinit$$0000000F) for .ARM.Collect$$libinit$$0000000F
    libinit2.o(.ARM.Collect$$libinit$$00000014) refers to libinit2.o(.ARM.Collect$$libinit$$0000000F) for .ARM.Collect$$libinit$$0000000F
    libinit2.o(.ARM.Collect$$libinit$$00000016) refers to libinit2.o(.ARM.Collect$$libinit$$0000000F) for .ARM.Collect$$libinit$$0000000F
    libinit2.o(.ARM.Collect$$libinit$$00000018) refers to libinit2.o(.ARM.Collect$$libinit$$0000000F) for .ARM.Collect$$libinit$$0000000F
    libinit2.o(.ARM.Collect$$libinit$$00000026) refers to argv_veneer.o(.emb_text) for __ARM_argv_veneer
    libinit2.o(.ARM.Collect$$libinit$$00000027) refers to argv_veneer.o(.emb_text) for __ARM_argv_veneer
    rtexit2.o(.ARM.Collect$$rtexit$$00000003) refers to libshutdown.o(.ARM.Collect$$libshutdown$$00000000) for __rt_lib_shutdown
    rtexit2.o(.ARM.Collect$$rtexit$$00000004) refers to sys_exit.o(.text) for _sys_exit
    rtexit2.o(.ARM.exidx) refers to rtexit2.o(.ARM.Collect$$rtexit$$00000001) for .ARM.Collect$$rtexit$$00000001
    rtexit2.o(.ARM.exidx) refers to rtexit2.o(.ARM.Collect$$rtexit$$00000003) for .ARM.Collect$$rtexit$$00000003
    rtexit2.o(.ARM.exidx) refers to rtexit2.o(.ARM.Collect$$rtexit$$00000004) for .ARM.Collect$$rtexit$$00000004
    argv_veneer.o(.emb_text) refers to no_argv.o(.text) for __ARM_get_argv
    sys_exit.o(.text) refers (Special) to use_no_semi.o(.text) for __I$use$semihosting
    sys_exit.o(.text) refers (Special) to indicate_semi.o(.text) for __semihosting_library_function
    _get_argv_nomalloc.o(.text) refers (Special) to hrguard.o(.text) for __heap_region$guard
    _get_argv_nomalloc.o(.text) refers to defsig_rtmem_outer.o(.text) for __rt_SIGRTMEM
    _get_argv_nomalloc.o(.text) refers to sys_command.o(.text) for _sys_command_string
    libshutdown.o(.ARM.Collect$$libshutdown$$00000000) refers (Special) to libshutdown2.o(.ARM.Collect$$libshutdown$$00000004) for __rt_lib_shutdown_cpp_1
    libshutdown.o(.ARM.Collect$$libshutdown$$00000000) refers (Special) to libshutdown2.o(.ARM.Collect$$libshutdown$$00000002) for __rt_lib_shutdown_fini_1
    libshutdown.o(.ARM.Collect$$libshutdown$$00000000) refers (Special) to libshutdown2.o(.ARM.Collect$$libshutdown$$00000009) for __rt_lib_shutdown_fp_trap_1
    libshutdown.o(.ARM.Collect$$libshutdown$$00000000) refers (Special) to libshutdown2.o(.ARM.Collect$$libshutdown$$00000011) for __rt_lib_shutdown_heap_1
    libshutdown.o(.ARM.Collect$$libshutdown$$00000000) refers (Special) to libshutdown2.o(.ARM.Collect$$libshutdown$$00000012) for __rt_lib_shutdown_return
    libshutdown.o(.ARM.Collect$$libshutdown$$00000000) refers (Special) to libshutdown2.o(.ARM.Collect$$libshutdown$$0000000C) for __rt_lib_shutdown_signal_1
    libshutdown.o(.ARM.Collect$$libshutdown$$00000000) refers (Special) to libshutdown2.o(.ARM.Collect$$libshutdown$$00000006) for __rt_lib_shutdown_stdio_1
    libshutdown.o(.ARM.Collect$$libshutdown$$00000000) refers (Special) to libshutdown2.o(.ARM.Collect$$libshutdown$$0000000E) for __rt_lib_shutdown_user_alloc_1
    sys_command.o(.text) refers (Special) to use_no_semi.o(.text) for __I$use$semihosting
    sys_command.o(.text) refers (Special) to indicate_semi.o(.text) for __semihosting_library_function
    defsig_rtmem_outer.o(.text) refers to defsig_rtmem_inner.o(.text) for __rt_SIGRTMEM_inner
    defsig_rtmem_outer.o(.text) refers to defsig_exit.o(.text) for __sig_exit
    defsig_rtmem_formal.o(.text) refers to rt_raise.o(.text) for __rt_raise
    rt_raise.o(.text) refers to __raise.o(.text) for __raise
    rt_raise.o(.text) refers to sys_exit.o(.text) for _sys_exit
    defsig_exit.o(.text) refers to sys_exit.o(.text) for _sys_exit
    defsig_rtmem_inner.o(.text) refers to defsig_general.o(.text) for __default_signal_display
    __raise.o(.text) refers to defsig.o(CL$$defsig) for __default_signal_handler
    defsig_general.o(.text) refers to sys_wrch.o(.text) for _ttywrch
    sys_wrch.o(.text) refers (Special) to use_no_semi.o(.text) for __I$use$semihosting
    sys_wrch.o(.text) refers (Special) to indicate_semi.o(.text) for __semihosting_library_function
    defsig.o(CL$$defsig) refers to defsig_rtmem_inner.o(.text) for __rt_SIGRTMEM_inner
    defsig_abrt_inner.o(.text) refers to defsig_general.o(.text) for __default_signal_display
    defsig_fpe_inner.o(.text) refers to defsig_general.o(.text) for __default_signal_display
    defsig_rtred_inner.o(.text) refers to defsig_general.o(.text) for __default_signal_display
    defsig_stak_inner.o(.text) refers to defsig_general.o(.text) for __default_signal_display
    defsig_pvfn_inner.o(.text) refers to defsig_general.o(.text) for __default_signal_display
    defsig_cppl_inner.o(.text) refers to defsig_general.o(.text) for __default_signal_display
    defsig_segv_inner.o(.text) refers to defsig_general.o(.text) for __default_signal_display
    defsig_other.o(.text) refers to defsig_general.o(.text) for __default_signal_display


==============================================================================

Removing Unused input sections from the image.

    Removing main.o(.rev16_text), (4 bytes).
    Removing main.o(.revsh_text), (4 bytes).
    Removing main.o(.rrx_text), (6 bytes).
    Removing at32f403a_407_wk_config.o(.rev16_text), (4 bytes).
    Removing at32f403a_407_wk_config.o(.revsh_text), (4 bytes).
    Removing at32f403a_407_wk_config.o(.rrx_text), (6 bytes).
    Removing at32f403a_407_wk_config.o(i.wk_gpio_config), (60 bytes).
    Removing at32f403a_407_wk_config.o(i.wk_tmr2_init), (208 bytes).
    Removing at32f403a_407_int.o(.rev16_text), (4 bytes).
    Removing at32f403a_407_int.o(.revsh_text), (4 bytes).
    Removing at32f403a_407_int.o(.rrx_text), (6 bytes).
    Removing at32f403a_407_crm.o(.rev16_text), (4 bytes).
    Removing at32f403a_407_crm.o(.revsh_text), (4 bytes).
    Removing at32f403a_407_crm.o(.rrx_text), (6 bytes).
    Removing at32f403a_407_crm.o(i.crm_adc_clock_div_set), (32 bytes).
    Removing at32f403a_407_crm.o(i.crm_battery_powered_domain_reset), (20 bytes).
    Removing at32f403a_407_crm.o(i.crm_clkout_div_set), (20 bytes).
    Removing at32f403a_407_crm.o(i.crm_clkout_to_tmr10_enable), (20 bytes).
    Removing at32f403a_407_crm.o(i.crm_clock_failure_detection_enable), (20 bytes).
    Removing at32f403a_407_crm.o(i.crm_clock_out_set), (32 bytes).
    Removing at32f403a_407_crm.o(i.crm_clocks_freq_get), (300 bytes).
    Removing at32f403a_407_crm.o(i.crm_flag_clear), (212 bytes).
    Removing at32f403a_407_crm.o(i.crm_hext_bypass), (20 bytes).
    Removing at32f403a_407_crm.o(i.crm_hext_clock_div_set), (20 bytes).
    Removing at32f403a_407_crm.o(i.crm_hick_clock_calibration_set), (40 bytes).
    Removing at32f403a_407_crm.o(i.crm_hick_clock_trimming_set), (20 bytes).
    Removing at32f403a_407_crm.o(i.crm_hick_divider_select), (20 bytes).
    Removing at32f403a_407_crm.o(i.crm_hick_sclk_frequency_select), (28 bytes).
    Removing at32f403a_407_crm.o(i.crm_interrupt_enable), (32 bytes).
    Removing at32f403a_407_crm.o(i.crm_interrupt_flag_get), (176 bytes).
    Removing at32f403a_407_crm.o(i.crm_lext_bypass), (20 bytes).
    Removing at32f403a_407_crm.o(i.crm_periph_reset), (68 bytes).
    Removing at32f403a_407_crm.o(i.crm_periph_sleep_mode_clock_enable), (68 bytes).
    Removing at32f403a_407_crm.o(i.crm_rtc_clock_enable), (20 bytes).
    Removing at32f403a_407_crm.o(i.crm_rtc_clock_select), (20 bytes).
    Removing at32f403a_407_crm.o(i.crm_usb_clock_div_set), (32 bytes).
    Removing at32f403a_407_crm.o(i.crm_usb_clock_source_select), (32 bytes).
    Removing at32f403a_407_crm.o(i.crm_usb_interrupt_remapping_set), (20 bytes).
    Removing at32f403a_407_crm.o(.constdata), (40 bytes).
    Removing at32f403a_407_debug.o(.rev16_text), (4 bytes).
    Removing at32f403a_407_debug.o(.revsh_text), (4 bytes).
    Removing at32f403a_407_debug.o(.rrx_text), (6 bytes).
    Removing at32f403a_407_debug.o(i.debug_device_id_get), (12 bytes).
    Removing at32f403a_407_debug.o(i.debug_periph_mode_set), (32 bytes).
    Removing at32f403a_407_flash.o(.rev16_text), (4 bytes).
    Removing at32f403a_407_flash.o(.revsh_text), (4 bytes).
    Removing at32f403a_407_flash.o(.rrx_text), (6 bytes).
    Removing at32f403a_407_flash.o(i.flash_bank1_erase), (60 bytes).
    Removing at32f403a_407_flash.o(i.flash_bank1_lock), (20 bytes).
    Removing at32f403a_407_flash.o(i.flash_bank1_operation_status_get), (52 bytes).
    Removing at32f403a_407_flash.o(i.flash_bank1_operation_wait_for), (36 bytes).
    Removing at32f403a_407_flash.o(i.flash_bank1_unlock), (24 bytes).
    Removing at32f403a_407_flash.o(i.flash_bank2_erase), (60 bytes).
    Removing at32f403a_407_flash.o(i.flash_bank2_lock), (20 bytes).
    Removing at32f403a_407_flash.o(i.flash_bank2_operation_status_get), (52 bytes).
    Removing at32f403a_407_flash.o(i.flash_bank2_operation_wait_for), (36 bytes).
    Removing at32f403a_407_flash.o(i.flash_bank2_unlock), (24 bytes).
    Removing at32f403a_407_flash.o(i.flash_byte_program), (124 bytes).
    Removing at32f403a_407_flash.o(i.flash_crc_calibrate), (72 bytes).
    Removing at32f403a_407_flash.o(i.flash_epp_set), (220 bytes).
    Removing at32f403a_407_flash.o(i.flash_epp_status_get), (12 bytes).
    Removing at32f403a_407_flash.o(i.flash_fap_enable), (140 bytes).
    Removing at32f403a_407_flash.o(i.flash_fap_status_get), (16 bytes).
    Removing at32f403a_407_flash.o(i.flash_flag_clear), (56 bytes).
    Removing at32f403a_407_flash.o(i.flash_flag_get), (96 bytes).
    Removing at32f403a_407_flash.o(i.flash_halfword_program), (184 bytes).
    Removing at32f403a_407_flash.o(i.flash_internal_all_erase), (108 bytes).
    Removing at32f403a_407_flash.o(i.flash_interrupt_enable), (124 bytes).
    Removing at32f403a_407_flash.o(i.flash_lock), (32 bytes).
    Removing at32f403a_407_flash.o(i.flash_operation_status_get), (52 bytes).
    Removing at32f403a_407_flash.o(i.flash_operation_wait_for), (36 bytes).
    Removing at32f403a_407_flash.o(i.flash_sector_erase), (224 bytes).
    Removing at32f403a_407_flash.o(i.flash_slib_datastart_sector_get), (16 bytes).
    Removing at32f403a_407_flash.o(i.flash_slib_disable), (52 bytes).
    Removing at32f403a_407_flash.o(i.flash_slib_enable), (148 bytes).
    Removing at32f403a_407_flash.o(i.flash_slib_end_sector_get), (12 bytes).
    Removing at32f403a_407_flash.o(i.flash_slib_remaining_count_get), (16 bytes).
    Removing at32f403a_407_flash.o(i.flash_slib_start_sector_get), (16 bytes).
    Removing at32f403a_407_flash.o(i.flash_slib_state_get), (24 bytes).
    Removing at32f403a_407_flash.o(i.flash_spim_all_erase), (76 bytes).
    Removing at32f403a_407_flash.o(i.flash_spim_dummy_read), (24 bytes).
    Removing at32f403a_407_flash.o(i.flash_spim_encryption_range_set), (12 bytes).
    Removing at32f403a_407_flash.o(i.flash_spim_lock), (24 bytes).
    Removing at32f403a_407_flash.o(i.flash_spim_mass_program), (144 bytes).
    Removing at32f403a_407_flash.o(i.flash_spim_model_select), (20 bytes).
    Removing at32f403a_407_flash.o(i.flash_spim_operation_status_get), (52 bytes).
    Removing at32f403a_407_flash.o(i.flash_spim_operation_wait_for), (36 bytes).
    Removing at32f403a_407_flash.o(i.flash_spim_unlock), (32 bytes).
    Removing at32f403a_407_flash.o(i.flash_ssb_set), (92 bytes).
    Removing at32f403a_407_flash.o(i.flash_ssb_status_get), (16 bytes).
    Removing at32f403a_407_flash.o(i.flash_unlock), (32 bytes).
    Removing at32f403a_407_flash.o(i.flash_user_system_data_erase), (152 bytes).
    Removing at32f403a_407_flash.o(i.flash_user_system_data_program), (104 bytes).
    Removing at32f403a_407_flash.o(i.flash_word_program), (184 bytes).
    Removing at32f403a_407_flash.o(.constdata), (8 bytes).
    Removing at32f403a_407_gpio.o(.rev16_text), (4 bytes).
    Removing at32f403a_407_gpio.o(.revsh_text), (4 bytes).
    Removing at32f403a_407_gpio.o(.rrx_text), (6 bytes).
    Removing at32f403a_407_gpio.o(i.gpio_bits_reset), (4 bytes).
    Removing at32f403a_407_gpio.o(i.gpio_bits_set), (4 bytes).
    Removing at32f403a_407_gpio.o(i.gpio_bits_write), (10 bytes).
    Removing at32f403a_407_gpio.o(i.gpio_default_para_init), (22 bytes).
    Removing at32f403a_407_gpio.o(i.gpio_event_output_config), (28 bytes).
    Removing at32f403a_407_gpio.o(i.gpio_event_output_enable), (20 bytes).
    Removing at32f403a_407_gpio.o(i.gpio_exint_line_config), (164 bytes).
    Removing at32f403a_407_gpio.o(i.gpio_init), (168 bytes).
    Removing at32f403a_407_gpio.o(i.gpio_input_data_bit_read), (18 bytes).
    Removing at32f403a_407_gpio.o(i.gpio_input_data_read), (8 bytes).
    Removing at32f403a_407_gpio.o(i.gpio_iomux_reset), (24 bytes).
    Removing at32f403a_407_gpio.o(i.gpio_output_data_bit_read), (18 bytes).
    Removing at32f403a_407_gpio.o(i.gpio_output_data_read), (8 bytes).
    Removing at32f403a_407_gpio.o(i.gpio_pin_wp_config), (18 bytes).
    Removing at32f403a_407_gpio.o(i.gpio_pins_huge_driven_config), (18 bytes).
    Removing at32f403a_407_gpio.o(i.gpio_port_write), (4 bytes).
    Removing at32f403a_407_gpio.o(i.gpio_reset), (164 bytes).
    Removing at32f403a_407_misc.o(.rev16_text), (4 bytes).
    Removing at32f403a_407_misc.o(.revsh_text), (4 bytes).
    Removing at32f403a_407_misc.o(.rrx_text), (6 bytes).
    Removing at32f403a_407_misc.o(i.nvic_irq_disable), (44 bytes).
    Removing at32f403a_407_misc.o(i.nvic_lowpower_mode_config), (32 bytes).
    Removing at32f403a_407_misc.o(i.nvic_system_reset), (44 bytes).
    Removing at32f403a_407_misc.o(i.nvic_vector_table_set), (20 bytes).
    Removing at32f403a_407_pwc.o(.rev16_text), (4 bytes).
    Removing at32f403a_407_pwc.o(.revsh_text), (4 bytes).
    Removing at32f403a_407_pwc.o(.rrx_text), (6 bytes).
    Removing at32f403a_407_pwc.o(i.pwc_battery_powered_domain_access), (20 bytes).
    Removing at32f403a_407_pwc.o(i.pwc_deep_sleep_mode_enter), (48 bytes).
    Removing at32f403a_407_pwc.o(i.pwc_flag_clear), (48 bytes).
    Removing at32f403a_407_pwc.o(i.pwc_flag_get), (24 bytes).
    Removing at32f403a_407_pwc.o(i.pwc_power_voltage_monitor_enable), (20 bytes).
    Removing at32f403a_407_pwc.o(i.pwc_pvm_level_select), (20 bytes).
    Removing at32f403a_407_pwc.o(i.pwc_reset), (24 bytes).
    Removing at32f403a_407_pwc.o(i.pwc_sleep_mode_enter), (36 bytes).
    Removing at32f403a_407_pwc.o(i.pwc_standby_mode_enter), (56 bytes).
    Removing at32f403a_407_pwc.o(i.pwc_voltage_regulate_set), (20 bytes).
    Removing at32f403a_407_pwc.o(i.pwc_wakeup_pin_enable), (32 bytes).
    Removing at32f403a_407_tmr.o(.rev16_text), (4 bytes).
    Removing at32f403a_407_tmr.o(.revsh_text), (4 bytes).
    Removing at32f403a_407_tmr.o(.rrx_text), (6 bytes).
    Removing at32f403a_407_tmr.o(i.tmr_32_bit_function_enable), (28 bytes).
    Removing at32f403a_407_tmr.o(i.tmr_base_init), (16 bytes).
    Removing at32f403a_407_tmr.o(i.tmr_brkdt_config), (72 bytes).
    Removing at32f403a_407_tmr.o(i.tmr_brkdt_default_para_init), (18 bytes).
    Removing at32f403a_407_tmr.o(i.tmr_channel1_input_select), (10 bytes).
    Removing at32f403a_407_tmr.o(i.tmr_channel_buffer_enable), (10 bytes).
    Removing at32f403a_407_tmr.o(i.tmr_channel_dma_select), (10 bytes).
    Removing at32f403a_407_tmr.o(i.tmr_channel_enable), (96 bytes).
    Removing at32f403a_407_tmr.o(i.tmr_channel_value_get), (46 bytes).
    Removing at32f403a_407_tmr.o(i.tmr_channel_value_set), (40 bytes).
    Removing at32f403a_407_tmr.o(i.tmr_clock_source_div_set), (10 bytes).
    Removing at32f403a_407_tmr.o(i.tmr_cnt_dir_set), (10 bytes).
    Removing at32f403a_407_tmr.o(i.tmr_counter_enable), (10 bytes).
    Removing at32f403a_407_tmr.o(i.tmr_counter_value_get), (6 bytes).
    Removing at32f403a_407_tmr.o(i.tmr_counter_value_set), (4 bytes).
    Removing at32f403a_407_tmr.o(i.tmr_div_value_get), (6 bytes).
    Removing at32f403a_407_tmr.o(i.tmr_div_value_set), (4 bytes).
    Removing at32f403a_407_tmr.o(i.tmr_dma_control_config), (18 bytes).
    Removing at32f403a_407_tmr.o(i.tmr_dma_request_enable), (22 bytes).
    Removing at32f403a_407_tmr.o(i.tmr_encoder_mode_config), (70 bytes).
    Removing at32f403a_407_tmr.o(i.tmr_event_sw_trigger), (8 bytes).
    Removing at32f403a_407_tmr.o(i.tmr_external_clock_config), (28 bytes).
    Removing at32f403a_407_tmr.o(i.tmr_external_clock_mode1_config), (44 bytes).
    Removing at32f403a_407_tmr.o(i.tmr_external_clock_mode2_config), (36 bytes).
    Removing at32f403a_407_tmr.o(i.tmr_flag_clear), (6 bytes).
    Removing at32f403a_407_tmr.o(i.tmr_flag_get), (18 bytes).
    Removing at32f403a_407_tmr.o(i.tmr_force_output_set), (66 bytes).
    Removing at32f403a_407_tmr.o(i.tmr_hall_select), (10 bytes).
    Removing at32f403a_407_tmr.o(i.tmr_input_channel_divider_set), (66 bytes).
    Removing at32f403a_407_tmr.o(i.tmr_input_channel_filter_set), (66 bytes).
    Removing at32f403a_407_tmr.o(i.tmr_input_channel_init), (304 bytes).
    Removing at32f403a_407_tmr.o(i.tmr_input_default_para_init), (16 bytes).
    Removing at32f403a_407_tmr.o(i.tmr_internal_clock_set), (10 bytes).
    Removing at32f403a_407_tmr.o(i.tmr_interrupt_enable), (22 bytes).
    Removing at32f403a_407_tmr.o(i.tmr_interrupt_flag_get), (24 bytes).
    Removing at32f403a_407_tmr.o(i.tmr_one_cycle_mode_enable), (10 bytes).
    Removing at32f403a_407_tmr.o(i.tmr_output_channel_buffer_enable), (66 bytes).
    Removing at32f403a_407_tmr.o(i.tmr_output_channel_config), (416 bytes).
    Removing at32f403a_407_tmr.o(i.tmr_output_channel_immediately_set), (66 bytes).
    Removing at32f403a_407_tmr.o(i.tmr_output_channel_mode_select), (66 bytes).
    Removing at32f403a_407_tmr.o(i.tmr_output_channel_polarity_set), (96 bytes).
    Removing at32f403a_407_tmr.o(i.tmr_output_channel_switch_set), (66 bytes).
    Removing at32f403a_407_tmr.o(i.tmr_output_default_para_init), (18 bytes).
    Removing at32f403a_407_tmr.o(i.tmr_output_enable), (10 bytes).
    Removing at32f403a_407_tmr.o(i.tmr_overflow_event_disable), (10 bytes).
    Removing at32f403a_407_tmr.o(i.tmr_overflow_request_source_set), (10 bytes).
    Removing at32f403a_407_tmr.o(i.tmr_period_buffer_enable), (10 bytes).
    Removing at32f403a_407_tmr.o(i.tmr_period_value_get), (6 bytes).
    Removing at32f403a_407_tmr.o(i.tmr_period_value_set), (4 bytes).
    Removing at32f403a_407_tmr.o(i.tmr_primary_mode_select), (10 bytes).
    Removing at32f403a_407_tmr.o(i.tmr_pwm_input_config), (350 bytes).
    Removing at32f403a_407_tmr.o(i.tmr_repetition_counter_set), (10 bytes).
    Removing at32f403a_407_tmr.o(i.tmr_reset), (416 bytes).
    Removing at32f403a_407_tmr.o(i.tmr_sub_mode_select), (10 bytes).
    Removing at32f403a_407_tmr.o(i.tmr_sub_sync_mode_set), (10 bytes).
    Removing at32f403a_407_tmr.o(i.tmr_trigger_input_select), (10 bytes).
    Removing system_at32f403a_407.o(.rev16_text), (4 bytes).
    Removing system_at32f403a_407.o(.revsh_text), (4 bytes).
    Removing system_at32f403a_407.o(.rrx_text), (6 bytes).
    Removing delay.o(.rev16_text), (4 bytes).
    Removing delay.o(.revsh_text), (4 bytes).
    Removing delay.o(.rrx_text), (6 bytes).
    Removing delay.o(i.delay_sec), (34 bytes).
    Removing delay.o(i.delay_us), (80 bytes).
    Removing user_gpio.o(.rev16_text), (4 bytes).
    Removing user_gpio.o(.revsh_text), (4 bytes).
    Removing user_gpio.o(.rrx_text), (6 bytes).
    Removing user_gpio.o(i.write_pins), (12 bytes).
    Removing user_timer.o(.rev16_text), (4 bytes).
    Removing user_timer.o(.revsh_text), (4 bytes).
    Removing user_timer.o(.rrx_text), (6 bytes).
    Removing user_timer.o(i.init_pwm_A0), (128 bytes).
    Removing user_timer.o(i.init_timer2_int), (56 bytes).
    Removing user_timer.o(i.init_timer_test), (88 bytes).
    Removing user_timer.o(.data), (4 bytes).

214 unused section(s) (total 9502 bytes) removed from the image.

==============================================================================

Image Symbol Table

    Local Symbols

    Symbol Name                              Value     Ov Type        Size  Object(Section)

    ../clib/angel/boardlib.s                 0x00000000   Number         0  boardinit3.o ABSOLUTE
    ../clib/angel/boardlib.s                 0x00000000   Number         0  boardinit2.o ABSOLUTE
    ../clib/angel/boardlib.s                 0x00000000   Number         0  boardinit1.o ABSOLUTE
    ../clib/angel/boardlib.s                 0x00000000   Number         0  boardshut.o ABSOLUTE
    ../clib/angel/handlers.s                 0x00000000   Number         0  __scatter_copy.o ABSOLUTE
    ../clib/angel/handlers.s                 0x00000000   Number         0  __scatter_zi.o ABSOLUTE
    ../clib/angel/kernel.s                   0x00000000   Number         0  rtexit2.o ABSOLUTE
    ../clib/angel/kernel.s                   0x00000000   Number         0  rtexit.o ABSOLUTE
    ../clib/angel/kernel.s                   0x00000000   Number         0  __rtentry4.o ABSOLUTE
    ../clib/angel/kernel.s                   0x00000000   Number         0  __rtentry.o ABSOLUTE
    ../clib/angel/kernel.s                   0x00000000   Number         0  __rtentry2.o ABSOLUTE
    ../clib/angel/rt.s                       0x00000000   Number         0  rt_raise.o ABSOLUTE
    ../clib/angel/scatter.s                  0x00000000   Number         0  __scatter.o ABSOLUTE
    ../clib/angel/startup.s                  0x00000000   Number         0  __main.o ABSOLUTE
    ../clib/angel/sys.s                      0x00000000   Number         0  indicate_semi.o ABSOLUTE
    ../clib/angel/sys.s                      0x00000000   Number         0  libspace.o ABSOLUTE
    ../clib/angel/sys.s                      0x00000000   Number         0  use_no_semi.o ABSOLUTE
    ../clib/angel/sys.s                      0x00000000   Number         0  sys_stackheap_outer.o ABSOLUTE
    ../clib/angel/sysapp.c                   0x00000000   Number         0  sys_wrch.o ABSOLUTE
    ../clib/angel/sysapp.c                   0x00000000   Number         0  sys_command.o ABSOLUTE
    ../clib/angel/sysapp.c                   0x00000000   Number         0  sys_exit.o ABSOLUTE
    ../clib/armsys.c                         0x00000000   Number         0  no_argv.o ABSOLUTE
    ../clib/armsys.c                         0x00000000   Number         0  _get_argv_nomalloc.o ABSOLUTE
    ../clib/armsys.c                         0x00000000   Number         0  argv_veneer.o ABSOLUTE
    ../clib/armsys.c                         0x00000000   Number         0  argv_veneer.o ABSOLUTE
    ../clib/heapalloc.c                      0x00000000   Number         0  hrguard.o ABSOLUTE
    ../clib/heapaux.c                        0x00000000   Number         0  heapauxi.o ABSOLUTE
    ../clib/libinit.s                        0x00000000   Number         0  libshutdown2.o ABSOLUTE
    ../clib/libinit.s                        0x00000000   Number         0  libshutdown.o ABSOLUTE
    ../clib/libinit.s                        0x00000000   Number         0  libinit.o ABSOLUTE
    ../clib/libinit.s                        0x00000000   Number         0  libinit2.o ABSOLUTE
    ../clib/signal.c                         0x00000000   Number         0  defsig_rtmem_formal.o ABSOLUTE
    ../clib/signal.c                         0x00000000   Number         0  defsig_abrt_inner.o ABSOLUTE
    ../clib/signal.c                         0x00000000   Number         0  __raise.o ABSOLUTE
    ../clib/signal.c                         0x00000000   Number         0  defsig_rtmem_inner.o ABSOLUTE
    ../clib/signal.c                         0x00000000   Number         0  defsig_exit.o ABSOLUTE
    ../clib/signal.c                         0x00000000   Number         0  defsig_fpe_inner.o ABSOLUTE
    ../clib/signal.c                         0x00000000   Number         0  defsig_rtred_inner.o ABSOLUTE
    ../clib/signal.c                         0x00000000   Number         0  defsig_stak_inner.o ABSOLUTE
    ../clib/signal.c                         0x00000000   Number         0  defsig_pvfn_inner.o ABSOLUTE
    ../clib/signal.c                         0x00000000   Number         0  defsig_general.o ABSOLUTE
    ../clib/signal.c                         0x00000000   Number         0  defsig_cppl_inner.o ABSOLUTE
    ../clib/signal.c                         0x00000000   Number         0  defsig_segv_inner.o ABSOLUTE
    ../clib/signal.c                         0x00000000   Number         0  defsig_other.o ABSOLUTE
    ../clib/signal.c                         0x00000000   Number         0  defsig_rtmem_outer.o ABSOLUTE
    ../clib/signal.s                         0x00000000   Number         0  defsig.o ABSOLUTE
    ../clib/stdlib.c                         0x00000000   Number         0  exit.o ABSOLUTE
    ../fplib/fpinit.s                        0x00000000   Number         0  fpinit.o ABSOLUTE
    ..\..\..\libraries\cmsis\cm4\device_support\system_at32f403a_407.c 0x00000000   Number         0  system_at32f403a_407.o ABSOLUTE
    ..\..\..\libraries\drivers\src\at32f403a_407_crm.c 0x00000000   Number         0  at32f403a_407_crm.o ABSOLUTE
    ..\..\..\libraries\drivers\src\at32f403a_407_debug.c 0x00000000   Number         0  at32f403a_407_debug.o ABSOLUTE
    ..\..\..\libraries\drivers\src\at32f403a_407_flash.c 0x00000000   Number         0  at32f403a_407_flash.o ABSOLUTE
    ..\..\..\libraries\drivers\src\at32f403a_407_gpio.c 0x00000000   Number         0  at32f403a_407_gpio.o ABSOLUTE
    ..\..\..\libraries\drivers\src\at32f403a_407_misc.c 0x00000000   Number         0  at32f403a_407_misc.o ABSOLUTE
    ..\..\..\libraries\drivers\src\at32f403a_407_pwc.c 0x00000000   Number         0  at32f403a_407_pwc.o ABSOLUTE
    ..\..\..\libraries\drivers\src\at32f403a_407_tmr.c 0x00000000   Number         0  at32f403a_407_tmr.o ABSOLUTE
    ..\..\..\user_libraries\src\delay.c      0x00000000   Number         0  delay.o ABSOLUTE
    ..\..\..\user_libraries\src\user_gpio.c  0x00000000   Number         0  user_gpio.o ABSOLUTE
    ..\..\..\user_libraries\src\user_timer.c 0x00000000   Number         0  user_timer.o ABSOLUTE
    ..\\..\\..\\libraries\\cmsis\\cm4\\device_support\\system_at32f403a_407.c 0x00000000   Number         0  system_at32f403a_407.o ABSOLUTE
    ..\\..\\..\\libraries\\drivers\\src\\at32f403a_407_crm.c 0x00000000   Number         0  at32f403a_407_crm.o ABSOLUTE
    ..\\..\\..\\libraries\\drivers\\src\\at32f403a_407_debug.c 0x00000000   Number         0  at32f403a_407_debug.o ABSOLUTE
    ..\\..\\..\\libraries\\drivers\\src\\at32f403a_407_flash.c 0x00000000   Number         0  at32f403a_407_flash.o ABSOLUTE
    ..\\..\\..\\libraries\\drivers\\src\\at32f403a_407_gpio.c 0x00000000   Number         0  at32f403a_407_gpio.o ABSOLUTE
    ..\\..\\..\\libraries\\drivers\\src\\at32f403a_407_misc.c 0x00000000   Number         0  at32f403a_407_misc.o ABSOLUTE
    ..\\..\\..\\libraries\\drivers\\src\\at32f403a_407_pwc.c 0x00000000   Number         0  at32f403a_407_pwc.o ABSOLUTE
    ..\\..\\..\\libraries\\drivers\\src\\at32f403a_407_tmr.c 0x00000000   Number         0  at32f403a_407_tmr.o ABSOLUTE
    ..\\..\\..\\user_libraries\\src\\delay.c 0x00000000   Number         0  delay.o ABSOLUTE
    ..\\..\\..\\user_libraries\\src\\user_gpio.c 0x00000000   Number         0  user_gpio.o ABSOLUTE
    ..\\..\\..\\user_libraries\\src\\user_timer.c 0x00000000   Number         0  user_timer.o ABSOLUTE
    ..\\src\\at32f403a_407_int.c             0x00000000   Number         0  at32f403a_407_int.o ABSOLUTE
    ..\\src\\at32f403a_407_wk_config.c       0x00000000   Number         0  at32f403a_407_wk_config.o ABSOLUTE
    ..\\src\\main.c                          0x00000000   Number         0  main.o ABSOLUTE
    ..\src\at32f403a_407_int.c               0x00000000   Number         0  at32f403a_407_int.o ABSOLUTE
    ..\src\at32f403a_407_wk_config.c         0x00000000   Number         0  at32f403a_407_wk_config.o ABSOLUTE
    ..\src\main.c                            0x00000000   Number         0  main.o ABSOLUTE
    dc.s                                     0x00000000   Number         0  dc.o ABSOLUTE
    startup_at32f403a_407.s                  0x00000000   Number         0  startup_at32f403a_407.o ABSOLUTE
    RESET                                    0x08000000   Section      388  startup_at32f403a_407.o(RESET)
    !!!main                                  0x08000184   Section        8  __main.o(!!!main)
    !!!scatter                               0x0800018c   Section       52  __scatter.o(!!!scatter)
    !!handler_copy                           0x080001c0   Section       26  __scatter_copy.o(!!handler_copy)
    !!handler_zi                             0x080001dc   Section       28  __scatter_zi.o(!!handler_zi)
    .ARM.Collect$$libinit$$00000000          0x080001f8   Section        2  libinit.o(.ARM.Collect$$libinit$$00000000)
    .ARM.Collect$$libinit$$00000001          0x080001fa   Section        4  libinit2.o(.ARM.Collect$$libinit$$00000001)
    .ARM.Collect$$libinit$$00000004          0x080001fe   Section        0  libinit2.o(.ARM.Collect$$libinit$$00000004)
    .ARM.Collect$$libinit$$0000000A          0x080001fe   Section        0  libinit2.o(.ARM.Collect$$libinit$$0000000A)
    .ARM.Collect$$libinit$$0000000C          0x080001fe   Section        0  libinit2.o(.ARM.Collect$$libinit$$0000000C)
    .ARM.Collect$$libinit$$0000000E          0x080001fe   Section        0  libinit2.o(.ARM.Collect$$libinit$$0000000E)
    .ARM.Collect$$libinit$$00000011          0x080001fe   Section        0  libinit2.o(.ARM.Collect$$libinit$$00000011)
    .ARM.Collect$$libinit$$00000013          0x080001fe   Section        0  libinit2.o(.ARM.Collect$$libinit$$00000013)
    .ARM.Collect$$libinit$$00000015          0x080001fe   Section        0  libinit2.o(.ARM.Collect$$libinit$$00000015)
    .ARM.Collect$$libinit$$00000017          0x080001fe   Section        0  libinit2.o(.ARM.Collect$$libinit$$00000017)
    .ARM.Collect$$libinit$$00000019          0x080001fe   Section        0  libinit2.o(.ARM.Collect$$libinit$$00000019)
    .ARM.Collect$$libinit$$0000001B          0x080001fe   Section        0  libinit2.o(.ARM.Collect$$libinit$$0000001B)
    .ARM.Collect$$libinit$$0000001D          0x080001fe   Section        0  libinit2.o(.ARM.Collect$$libinit$$0000001D)
    .ARM.Collect$$libinit$$0000001F          0x080001fe   Section        0  libinit2.o(.ARM.Collect$$libinit$$0000001F)
    .ARM.Collect$$libinit$$00000021          0x080001fe   Section        0  libinit2.o(.ARM.Collect$$libinit$$00000021)
    .ARM.Collect$$libinit$$00000023          0x080001fe   Section        0  libinit2.o(.ARM.Collect$$libinit$$00000023)
    .ARM.Collect$$libinit$$00000025          0x080001fe   Section        0  libinit2.o(.ARM.Collect$$libinit$$00000025)
    .ARM.Collect$$libinit$$0000002C          0x080001fe   Section        0  libinit2.o(.ARM.Collect$$libinit$$0000002C)
    .ARM.Collect$$libinit$$0000002E          0x080001fe   Section        0  libinit2.o(.ARM.Collect$$libinit$$0000002E)
    .ARM.Collect$$libinit$$00000030          0x080001fe   Section        0  libinit2.o(.ARM.Collect$$libinit$$00000030)
    .ARM.Collect$$libinit$$00000032          0x080001fe   Section        0  libinit2.o(.ARM.Collect$$libinit$$00000032)
    .ARM.Collect$$libinit$$00000033          0x080001fe   Section        2  libinit2.o(.ARM.Collect$$libinit$$00000033)
    .ARM.Collect$$libshutdown$$00000000      0x08000200   Section        2  libshutdown.o(.ARM.Collect$$libshutdown$$00000000)
    .ARM.Collect$$libshutdown$$00000002      0x08000202   Section        0  libshutdown2.o(.ARM.Collect$$libshutdown$$00000002)
    .ARM.Collect$$libshutdown$$00000004      0x08000202   Section        0  libshutdown2.o(.ARM.Collect$$libshutdown$$00000004)
    .ARM.Collect$$libshutdown$$00000006      0x08000202   Section        0  libshutdown2.o(.ARM.Collect$$libshutdown$$00000006)
    .ARM.Collect$$libshutdown$$00000009      0x08000202   Section        0  libshutdown2.o(.ARM.Collect$$libshutdown$$00000009)
    .ARM.Collect$$libshutdown$$0000000C      0x08000202   Section        0  libshutdown2.o(.ARM.Collect$$libshutdown$$0000000C)
    .ARM.Collect$$libshutdown$$0000000E      0x08000202   Section        0  libshutdown2.o(.ARM.Collect$$libshutdown$$0000000E)
    .ARM.Collect$$libshutdown$$00000011      0x08000202   Section        0  libshutdown2.o(.ARM.Collect$$libshutdown$$00000011)
    .ARM.Collect$$libshutdown$$00000012      0x08000202   Section        2  libshutdown2.o(.ARM.Collect$$libshutdown$$00000012)
    .ARM.Collect$$rtentry$$00000000          0x08000204   Section        0  __rtentry.o(.ARM.Collect$$rtentry$$00000000)
    .ARM.Collect$$rtentry$$00000002          0x08000204   Section        0  __rtentry2.o(.ARM.Collect$$rtentry$$00000002)
    .ARM.Collect$$rtentry$$00000004          0x08000204   Section        6  __rtentry4.o(.ARM.Collect$$rtentry$$00000004)
    .ARM.Collect$$rtentry$$00000009          0x0800020a   Section        0  __rtentry2.o(.ARM.Collect$$rtentry$$00000009)
    .ARM.Collect$$rtentry$$0000000A          0x0800020a   Section        4  __rtentry2.o(.ARM.Collect$$rtentry$$0000000A)
    .ARM.Collect$$rtentry$$0000000C          0x0800020e   Section        0  __rtentry2.o(.ARM.Collect$$rtentry$$0000000C)
    .ARM.Collect$$rtentry$$0000000D          0x0800020e   Section        8  __rtentry2.o(.ARM.Collect$$rtentry$$0000000D)
    .ARM.Collect$$rtexit$$00000000           0x08000216   Section        2  rtexit.o(.ARM.Collect$$rtexit$$00000000)
    .ARM.Collect$$rtexit$$00000002           0x08000218   Section        0  rtexit2.o(.ARM.Collect$$rtexit$$00000002)
    .ARM.Collect$$rtexit$$00000003           0x08000218   Section        4  rtexit2.o(.ARM.Collect$$rtexit$$00000003)
    .ARM.Collect$$rtexit$$00000004           0x0800021c   Section        6  rtexit2.o(.ARM.Collect$$rtexit$$00000004)
    .text                                    0x08000224   Section       64  startup_at32f403a_407.o(.text)
    $v0                                      0x08000224   Number         0  startup_at32f403a_407.o(.text)
    .text                                    0x08000264   Section        0  heapauxi.o(.text)
    .text                                    0x0800026a   Section       74  sys_stackheap_outer.o(.text)
    .text                                    0x080002b4   Section        0  exit.o(.text)
    .text                                    0x080002c8   Section        8  libspace.o(.text)
    .text                                    0x080002d0   Section        0  sys_exit.o(.text)
    .text                                    0x080002dc   Section        2  use_no_semi.o(.text)
    .text                                    0x080002de   Section        0  indicate_semi.o(.text)
    i.BusFault_Handler                       0x080002de   Section        0  at32f403a_407_int.o(i.BusFault_Handler)
    i.DebugMon_Handler                       0x080002e2   Section        0  at32f403a_407_int.o(i.DebugMon_Handler)
    i.HardFault_Handler                      0x080002e4   Section        0  at32f403a_407_int.o(i.HardFault_Handler)
    i.MemManage_Handler                      0x080002e8   Section        0  at32f403a_407_int.o(i.MemManage_Handler)
    i.NMI_Handler                            0x080002ec   Section        0  at32f403a_407_int.o(i.NMI_Handler)
    i.PendSV_Handler                         0x080002ee   Section        0  at32f403a_407_int.o(i.PendSV_Handler)
    i.SVC_Handler                            0x080002f0   Section        0  at32f403a_407_int.o(i.SVC_Handler)
    i.SystemInit                             0x080002f4   Section        0  system_at32f403a_407.o(i.SystemInit)
    i.TMR2_GLOBAL_IRQHandler                 0x08000364   Section        0  at32f403a_407_int.o(i.TMR2_GLOBAL_IRQHandler)
    i.TMR6_GLOBAL_IRQHandler                 0x0800037c   Section        0  at32f403a_407_int.o(i.TMR6_GLOBAL_IRQHandler)
    i.UsageFault_Handler                     0x08000398   Section        0  at32f403a_407_int.o(i.UsageFault_Handler)
    i.crm_ahb_div_set                        0x0800039c   Section        0  at32f403a_407_crm.o(i.crm_ahb_div_set)
    i.crm_apb1_div_set                       0x080003b0   Section        0  at32f403a_407_crm.o(i.crm_apb1_div_set)
    i.crm_apb2_div_set                       0x080003c4   Section        0  at32f403a_407_crm.o(i.crm_apb2_div_set)
    i.crm_auto_step_mode_enable              0x080003d8   Section        0  at32f403a_407_crm.o(i.crm_auto_step_mode_enable)
    i.crm_clock_source_enable                0x08000400   Section        0  at32f403a_407_crm.o(i.crm_clock_source_enable)
    i.crm_flag_get                           0x08000460   Section        0  at32f403a_407_crm.o(i.crm_flag_get)
    i.crm_hext_stable_wait                   0x08000490   Section        0  at32f403a_407_crm.o(i.crm_hext_stable_wait)
    i.crm_periph_clock_enable                0x080004c0   Section        0  at32f403a_407_crm.o(i.crm_periph_clock_enable)
    i.crm_pll_config                         0x08000504   Section        0  at32f403a_407_crm.o(i.crm_pll_config)
    i.crm_reset                              0x08000580   Section        0  at32f403a_407_crm.o(i.crm_reset)
    i.crm_sysclk_switch                      0x080005d8   Section        0  at32f403a_407_crm.o(i.crm_sysclk_switch)
    i.crm_sysclk_switch_status_get           0x08000614   Section        0  at32f403a_407_crm.o(i.crm_sysclk_switch_status_get)
    i.delay_init                             0x08000624   Section        0  delay.o(i.delay_init)
    i.delay_ms                               0x0800065c   Section        0  delay.o(i.delay_ms)
    i.gpio_pin_remap_config                  0x080006d0   Section        0  at32f403a_407_gpio.o(i.gpio_pin_remap_config)
    i.init_pin                               0x0800071c   Section        0  user_gpio.o(i.init_pin)
    i.init_timer6_int                        0x0800077c   Section        0  user_timer.o(i.init_timer6_int)
    i.main                                   0x080007d8   Section        0  main.o(i.main)
    i.nvic_irq_enable                        0x08000814   Section        0  at32f403a_407_misc.o(i.nvic_irq_enable)
    i.nvic_priority_group_config             0x080008dc   Section        0  at32f403a_407_misc.o(i.nvic_priority_group_config)
    i.system_core_clock_update               0x08000904   Section        0  system_at32f403a_407.o(i.system_core_clock_update)
    i.systick_clock_source_config            0x080009fc   Section        0  at32f403a_407_misc.o(i.systick_clock_source_config)
    i.toggle_pin                             0x08000a24   Section        0  user_gpio.o(i.toggle_pin)
    i.wk_debug_config                        0x08000a4c   Section        0  at32f403a_407_wk_config.o(i.wk_debug_config)
    i.wk_nvic_config                         0x08000a5c   Section        0  at32f403a_407_wk_config.o(i.wk_nvic_config)
    i.wk_periph_clock_config                 0x08000a70   Section        0  at32f403a_407_wk_config.o(i.wk_periph_clock_config)
    i.wk_system_clock_config                 0x08000aa8   Section        0  at32f403a_407_wk_config.o(i.wk_system_clock_config)
    x$fpl$fpinit                             0x08000b40   Section       10  fpinit.o(x$fpl$fpinit)
    $v0                                      0x08000b40   Number         0  fpinit.o(x$fpl$fpinit)
    .constdata                               0x08000b4a   Section       16  system_at32f403a_407.o(.constdata)
    sys_ahb_div_table                        0x08000b4a   Data          16  system_at32f403a_407.o(.constdata)
    .data                                    0x20000000   Section        4  system_at32f403a_407.o(.data)
    .data                                    0x20000004   Section        8  delay.o(.data)
    fac_us                                   0x20000004   Data           4  delay.o(.data)
    fac_ms                                   0x20000008   Data           4  delay.o(.data)
    .bss                                     0x2000000c   Section       96  libspace.o(.bss)
    HEAP                                     0x20000070   Section      512  startup_at32f403a_407.o(HEAP)
    Heap_Mem                                 0x20000070   Data         512  startup_at32f403a_407.o(HEAP)
    STACK                                    0x20000270   Section     1024  startup_at32f403a_407.o(STACK)
    Stack_Mem                                0x20000270   Data        1024  startup_at32f403a_407.o(STACK)
    __initial_sp                             0x20000670   Data           0  startup_at32f403a_407.o(STACK)

    Global Symbols

    Symbol Name                              Value     Ov Type        Size  Object(Section)

    BuildAttributes$$THM_ISAv4$E$P$D$K$B$S$7EM$VFPi3$EXTD16$VFPS$VFMA$PE$A:L22UL41UL21$X:L11$S22US41US21$IEEE1$IW$USESV6$~STKCKD$USESV7$~SHL$OSPACE$ROPI$EBA8$UX$STANDARDLIB$REQ8$PRES8$EABIv2 0x00000000   Number         0  anon$$obj.o ABSOLUTE
    __ARM_use_no_argv                        0x00000000   Number         0  main.o ABSOLUTE
    __ARM_exceptions_init                     - Undefined Weak Reference
    __alloca_initialize                       - Undefined Weak Reference
    __arm_fini_                               - Undefined Weak Reference
    __arm_preinit_                            - Undefined Weak Reference
    __cpp_initialize__aeabi_                  - Undefined Weak Reference
    __cxa_finalize                            - Undefined Weak Reference
    __rt_locale                               - Undefined Weak Reference
    __sigvec_lookup                           - Undefined Weak Reference
    _atexit_init                              - Undefined Weak Reference
    _call_atexit_fns                          - Undefined Weak Reference
    _clock_init                               - Undefined Weak Reference
    _fp_trap_init                             - Undefined Weak Reference
    _fp_trap_shutdown                         - Undefined Weak Reference
    _get_lc_collate                           - Undefined Weak Reference
    _get_lc_ctype                             - Undefined Weak Reference
    _get_lc_monetary                          - Undefined Weak Reference
    _get_lc_numeric                           - Undefined Weak Reference
    _get_lc_time                              - Undefined Weak Reference
    _getenv_init                              - Undefined Weak Reference
    _handle_redirection                       - Undefined Weak Reference
    _init_alloc                               - Undefined Weak Reference
    _init_user_alloc                          - Undefined Weak Reference
    _initio                                   - Undefined Weak Reference
    _rand_init                                - Undefined Weak Reference
    _signal_finish                            - Undefined Weak Reference
    _signal_init                              - Undefined Weak Reference
    _terminate_alloc                          - Undefined Weak Reference
    _terminate_user_alloc                     - Undefined Weak Reference
    _terminateio                              - Undefined Weak Reference
    __Vectors_Size                           0x00000184   Number         0  startup_at32f403a_407.o ABSOLUTE
    __Vectors                                0x08000000   Data           4  startup_at32f403a_407.o(RESET)
    __Vectors_End                            0x08000184   Data           0  startup_at32f403a_407.o(RESET)
    __main                                   0x08000185   Thumb Code     8  __main.o(!!!main)
    __scatterload                            0x0800018d   Thumb Code     0  __scatter.o(!!!scatter)
    __scatterload_rt2                        0x0800018d   Thumb Code    44  __scatter.o(!!!scatter)
    __scatterload_rt2_thumb_only             0x0800018d   Thumb Code     0  __scatter.o(!!!scatter)
    __scatterload_null                       0x0800019b   Thumb Code     0  __scatter.o(!!!scatter)
    __scatterload_copy                       0x080001c1   Thumb Code    26  __scatter_copy.o(!!handler_copy)
    __scatterload_zeroinit                   0x080001dd   Thumb Code    28  __scatter_zi.o(!!handler_zi)
    __rt_lib_init                            0x080001f9   Thumb Code     0  libinit.o(.ARM.Collect$$libinit$$00000000)
    __rt_lib_init_fp_1                       0x080001fb   Thumb Code     0  libinit2.o(.ARM.Collect$$libinit$$00000001)
    __rt_lib_init_alloca_1                   0x080001ff   Thumb Code     0  libinit2.o(.ARM.Collect$$libinit$$0000002E)
    __rt_lib_init_argv_1                     0x080001ff   Thumb Code     0  libinit2.o(.ARM.Collect$$libinit$$0000002C)
    __rt_lib_init_atexit_1                   0x080001ff   Thumb Code     0  libinit2.o(.ARM.Collect$$libinit$$0000001B)
    __rt_lib_init_clock_1                    0x080001ff   Thumb Code     0  libinit2.o(.ARM.Collect$$libinit$$00000021)
    __rt_lib_init_cpp_1                      0x080001ff   Thumb Code     0  libinit2.o(.ARM.Collect$$libinit$$00000032)
    __rt_lib_init_exceptions_1               0x080001ff   Thumb Code     0  libinit2.o(.ARM.Collect$$libinit$$00000030)
    __rt_lib_init_fp_trap_1                  0x080001ff   Thumb Code     0  libinit2.o(.ARM.Collect$$libinit$$0000001F)
    __rt_lib_init_getenv_1                   0x080001ff   Thumb Code     0  libinit2.o(.ARM.Collect$$libinit$$00000023)
    __rt_lib_init_heap_1                     0x080001ff   Thumb Code     0  libinit2.o(.ARM.Collect$$libinit$$0000000A)
    __rt_lib_init_lc_collate_1               0x080001ff   Thumb Code     0  libinit2.o(.ARM.Collect$$libinit$$00000011)
    __rt_lib_init_lc_ctype_1                 0x080001ff   Thumb Code     0  libinit2.o(.ARM.Collect$$libinit$$00000013)
    __rt_lib_init_lc_monetary_1              0x080001ff   Thumb Code     0  libinit2.o(.ARM.Collect$$libinit$$00000015)
    __rt_lib_init_lc_numeric_1               0x080001ff   Thumb Code     0  libinit2.o(.ARM.Collect$$libinit$$00000017)
    __rt_lib_init_lc_time_1                  0x080001ff   Thumb Code     0  libinit2.o(.ARM.Collect$$libinit$$00000019)
    __rt_lib_init_preinit_1                  0x080001ff   Thumb Code     0  libinit2.o(.ARM.Collect$$libinit$$00000004)
    __rt_lib_init_rand_1                     0x080001ff   Thumb Code     0  libinit2.o(.ARM.Collect$$libinit$$0000000E)
    __rt_lib_init_return                     0x080001ff   Thumb Code     0  libinit2.o(.ARM.Collect$$libinit$$00000033)
    __rt_lib_init_signal_1                   0x080001ff   Thumb Code     0  libinit2.o(.ARM.Collect$$libinit$$0000001D)
    __rt_lib_init_stdio_1                    0x080001ff   Thumb Code     0  libinit2.o(.ARM.Collect$$libinit$$00000025)
    __rt_lib_init_user_alloc_1               0x080001ff   Thumb Code     0  libinit2.o(.ARM.Collect$$libinit$$0000000C)
    __rt_lib_shutdown                        0x08000201   Thumb Code     0  libshutdown.o(.ARM.Collect$$libshutdown$$00000000)
    __rt_lib_shutdown_cpp_1                  0x08000203   Thumb Code     0  libshutdown2.o(.ARM.Collect$$libshutdown$$00000004)
    __rt_lib_shutdown_fini_1                 0x08000203   Thumb Code     0  libshutdown2.o(.ARM.Collect$$libshutdown$$00000002)
    __rt_lib_shutdown_fp_trap_1              0x08000203   Thumb Code     0  libshutdown2.o(.ARM.Collect$$libshutdown$$00000009)
    __rt_lib_shutdown_heap_1                 0x08000203   Thumb Code     0  libshutdown2.o(.ARM.Collect$$libshutdown$$00000011)
    __rt_lib_shutdown_return                 0x08000203   Thumb Code     0  libshutdown2.o(.ARM.Collect$$libshutdown$$00000012)
    __rt_lib_shutdown_signal_1               0x08000203   Thumb Code     0  libshutdown2.o(.ARM.Collect$$libshutdown$$0000000C)
    __rt_lib_shutdown_stdio_1                0x08000203   Thumb Code     0  libshutdown2.o(.ARM.Collect$$libshutdown$$00000006)
    __rt_lib_shutdown_user_alloc_1           0x08000203   Thumb Code     0  libshutdown2.o(.ARM.Collect$$libshutdown$$0000000E)
    __rt_entry                               0x08000205   Thumb Code     0  __rtentry.o(.ARM.Collect$$rtentry$$00000000)
    __rt_entry_presh_1                       0x08000205   Thumb Code     0  __rtentry2.o(.ARM.Collect$$rtentry$$00000002)
    __rt_entry_sh                            0x08000205   Thumb Code     0  __rtentry4.o(.ARM.Collect$$rtentry$$00000004)
    __rt_entry_li                            0x0800020b   Thumb Code     0  __rtentry2.o(.ARM.Collect$$rtentry$$0000000A)
    __rt_entry_postsh_1                      0x0800020b   Thumb Code     0  __rtentry2.o(.ARM.Collect$$rtentry$$00000009)
    __rt_entry_main                          0x0800020f   Thumb Code     0  __rtentry2.o(.ARM.Collect$$rtentry$$0000000D)
    __rt_entry_postli_1                      0x0800020f   Thumb Code     0  __rtentry2.o(.ARM.Collect$$rtentry$$0000000C)
    __rt_exit                                0x08000217   Thumb Code     0  rtexit.o(.ARM.Collect$$rtexit$$00000000)
    __rt_exit_ls                             0x08000219   Thumb Code     0  rtexit2.o(.ARM.Collect$$rtexit$$00000003)
    __rt_exit_prels_1                        0x08000219   Thumb Code     0  rtexit2.o(.ARM.Collect$$rtexit$$00000002)
    __rt_exit_exit                           0x0800021d   Thumb Code     0  rtexit2.o(.ARM.Collect$$rtexit$$00000004)
    Reset_Handler                            0x08000225   Thumb Code     8  startup_at32f403a_407.o(.text)
    SysTick_Handler                          0x0800023d   Thumb Code     2  startup_at32f403a_407.o(.text)
    ACC_IRQHandler                           0x0800023f   Thumb Code     0  startup_at32f403a_407.o(.text)
    ADC1_2_IRQHandler                        0x0800023f   Thumb Code     0  startup_at32f403a_407.o(.text)
    ADC3_IRQHandler                          0x0800023f   Thumb Code     0  startup_at32f403a_407.o(.text)
    CAN1_RX1_IRQHandler                      0x0800023f   Thumb Code     0  startup_at32f403a_407.o(.text)
    CAN1_SE_IRQHandler                       0x0800023f   Thumb Code     0  startup_at32f403a_407.o(.text)
    CAN2_RX0_IRQHandler                      0x0800023f   Thumb Code     0  startup_at32f403a_407.o(.text)
    CAN2_RX1_IRQHandler                      0x0800023f   Thumb Code     0  startup_at32f403a_407.o(.text)
    CAN2_SE_IRQHandler                       0x0800023f   Thumb Code     0  startup_at32f403a_407.o(.text)
    CAN2_TX_IRQHandler                       0x0800023f   Thumb Code     0  startup_at32f403a_407.o(.text)
    CRM_IRQHandler                           0x0800023f   Thumb Code     0  startup_at32f403a_407.o(.text)
    DMA1_Channel1_IRQHandler                 0x0800023f   Thumb Code     0  startup_at32f403a_407.o(.text)
    DMA1_Channel2_IRQHandler                 0x0800023f   Thumb Code     0  startup_at32f403a_407.o(.text)
    DMA1_Channel3_IRQHandler                 0x0800023f   Thumb Code     0  startup_at32f403a_407.o(.text)
    DMA1_Channel4_IRQHandler                 0x0800023f   Thumb Code     0  startup_at32f403a_407.o(.text)
    DMA1_Channel5_IRQHandler                 0x0800023f   Thumb Code     0  startup_at32f403a_407.o(.text)
    DMA1_Channel6_IRQHandler                 0x0800023f   Thumb Code     0  startup_at32f403a_407.o(.text)
    DMA1_Channel7_IRQHandler                 0x0800023f   Thumb Code     0  startup_at32f403a_407.o(.text)
    DMA2_Channel1_IRQHandler                 0x0800023f   Thumb Code     0  startup_at32f403a_407.o(.text)
    DMA2_Channel2_IRQHandler                 0x0800023f   Thumb Code     0  startup_at32f403a_407.o(.text)
    DMA2_Channel3_IRQHandler                 0x0800023f   Thumb Code     0  startup_at32f403a_407.o(.text)
    DMA2_Channel4_5_IRQHandler               0x0800023f   Thumb Code     0  startup_at32f403a_407.o(.text)
    DMA2_Channel6_7_IRQHandler               0x0800023f   Thumb Code     0  startup_at32f403a_407.o(.text)
    EMAC_IRQHandler                          0x0800023f   Thumb Code     0  startup_at32f403a_407.o(.text)
    EMAC_WKUP_IRQHandler                     0x0800023f   Thumb Code     0  startup_at32f403a_407.o(.text)
    EXINT0_IRQHandler                        0x0800023f   Thumb Code     0  startup_at32f403a_407.o(.text)
    EXINT15_10_IRQHandler                    0x0800023f   Thumb Code     0  startup_at32f403a_407.o(.text)
    EXINT1_IRQHandler                        0x0800023f   Thumb Code     0  startup_at32f403a_407.o(.text)
    EXINT2_IRQHandler                        0x0800023f   Thumb Code     0  startup_at32f403a_407.o(.text)
    EXINT3_IRQHandler                        0x0800023f   Thumb Code     0  startup_at32f403a_407.o(.text)
    EXINT4_IRQHandler                        0x0800023f   Thumb Code     0  startup_at32f403a_407.o(.text)
    EXINT9_5_IRQHandler                      0x0800023f   Thumb Code     0  startup_at32f403a_407.o(.text)
    FLASH_IRQHandler                         0x0800023f   Thumb Code     0  startup_at32f403a_407.o(.text)
    I2C1_ERR_IRQHandler                      0x0800023f   Thumb Code     0  startup_at32f403a_407.o(.text)
    I2C1_EVT_IRQHandler                      0x0800023f   Thumb Code     0  startup_at32f403a_407.o(.text)
    I2C2_ERR_IRQHandler                      0x0800023f   Thumb Code     0  startup_at32f403a_407.o(.text)
    I2C2_EVT_IRQHandler                      0x0800023f   Thumb Code     0  startup_at32f403a_407.o(.text)
    I2C3_ERR_IRQHandler                      0x0800023f   Thumb Code     0  startup_at32f403a_407.o(.text)
    I2C3_EVT_IRQHandler                      0x0800023f   Thumb Code     0  startup_at32f403a_407.o(.text)
    PVM_IRQHandler                           0x0800023f   Thumb Code     0  startup_at32f403a_407.o(.text)
    RTCAlarm_IRQHandler                      0x0800023f   Thumb Code     0  startup_at32f403a_407.o(.text)
    RTC_IRQHandler                           0x0800023f   Thumb Code     0  startup_at32f403a_407.o(.text)
    SDIO1_IRQHandler                         0x0800023f   Thumb Code     0  startup_at32f403a_407.o(.text)
    SDIO2_IRQHandler                         0x0800023f   Thumb Code     0  startup_at32f403a_407.o(.text)
    SPI1_IRQHandler                          0x0800023f   Thumb Code     0  startup_at32f403a_407.o(.text)
    SPI2_I2S2EXT_IRQHandler                  0x0800023f   Thumb Code     0  startup_at32f403a_407.o(.text)
    SPI3_I2S3EXT_IRQHandler                  0x0800023f   Thumb Code     0  startup_at32f403a_407.o(.text)
    SPI4_IRQHandler                          0x0800023f   Thumb Code     0  startup_at32f403a_407.o(.text)
    TAMPER_IRQHandler                        0x0800023f   Thumb Code     0  startup_at32f403a_407.o(.text)
    TMR1_BRK_TMR9_IRQHandler                 0x0800023f   Thumb Code     0  startup_at32f403a_407.o(.text)
    TMR1_CH_IRQHandler                       0x0800023f   Thumb Code     0  startup_at32f403a_407.o(.text)
    TMR1_OVF_TMR10_IRQHandler                0x0800023f   Thumb Code     0  startup_at32f403a_407.o(.text)
    TMR1_TRG_HALL_TMR11_IRQHandler           0x0800023f   Thumb Code     0  startup_at32f403a_407.o(.text)
    TMR3_GLOBAL_IRQHandler                   0x0800023f   Thumb Code     0  startup_at32f403a_407.o(.text)
    TMR4_GLOBAL_IRQHandler                   0x0800023f   Thumb Code     0  startup_at32f403a_407.o(.text)
    TMR5_GLOBAL_IRQHandler                   0x0800023f   Thumb Code     0  startup_at32f403a_407.o(.text)
    TMR7_GLOBAL_IRQHandler                   0x0800023f   Thumb Code     0  startup_at32f403a_407.o(.text)
    TMR8_BRK_TMR12_IRQHandler                0x0800023f   Thumb Code     0  startup_at32f403a_407.o(.text)
    TMR8_CH_IRQHandler                       0x0800023f   Thumb Code     0  startup_at32f403a_407.o(.text)
    TMR8_OVF_TMR13_IRQHandler                0x0800023f   Thumb Code     0  startup_at32f403a_407.o(.text)
    TMR8_TRG_HALL_TMR14_IRQHandler           0x0800023f   Thumb Code     0  startup_at32f403a_407.o(.text)
    UART4_IRQHandler                         0x0800023f   Thumb Code     0  startup_at32f403a_407.o(.text)
    UART5_IRQHandler                         0x0800023f   Thumb Code     0  startup_at32f403a_407.o(.text)
    UART7_IRQHandler                         0x0800023f   Thumb Code     0  startup_at32f403a_407.o(.text)
    UART8_IRQHandler                         0x0800023f   Thumb Code     0  startup_at32f403a_407.o(.text)
    USART1_IRQHandler                        0x0800023f   Thumb Code     0  startup_at32f403a_407.o(.text)
    USART2_IRQHandler                        0x0800023f   Thumb Code     0  startup_at32f403a_407.o(.text)
    USART3_IRQHandler                        0x0800023f   Thumb Code     0  startup_at32f403a_407.o(.text)
    USART6_IRQHandler                        0x0800023f   Thumb Code     0  startup_at32f403a_407.o(.text)
    USBFSWakeUp_IRQHandler                   0x0800023f   Thumb Code     0  startup_at32f403a_407.o(.text)
    USBFS_H_CAN1_TX_IRQHandler               0x0800023f   Thumb Code     0  startup_at32f403a_407.o(.text)
    USBFS_L_CAN1_RX0_IRQHandler              0x0800023f   Thumb Code     0  startup_at32f403a_407.o(.text)
    USBFS_MAPH_IRQHandler                    0x0800023f   Thumb Code     0  startup_at32f403a_407.o(.text)
    USBFS_MAPL_IRQHandler                    0x0800023f   Thumb Code     0  startup_at32f403a_407.o(.text)
    WWDT_IRQHandler                          0x0800023f   Thumb Code     0  startup_at32f403a_407.o(.text)
    XMC_IRQHandler                           0x0800023f   Thumb Code     0  startup_at32f403a_407.o(.text)
    __user_initial_stackheap                 0x08000241   Thumb Code     0  startup_at32f403a_407.o(.text)
    __use_two_region_memory                  0x08000265   Thumb Code     2  heapauxi.o(.text)
    __rt_heap_escrow$2region                 0x08000267   Thumb Code     2  heapauxi.o(.text)
    __rt_heap_expand$2region                 0x08000269   Thumb Code     2  heapauxi.o(.text)
    __user_setup_stackheap                   0x0800026b   Thumb Code    74  sys_stackheap_outer.o(.text)
    exit                                     0x080002b5   Thumb Code    18  exit.o(.text)
    __user_libspace                          0x080002c9   Thumb Code     8  libspace.o(.text)
    __user_perproc_libspace                  0x080002c9   Thumb Code     0  libspace.o(.text)
    __user_perthread_libspace                0x080002c9   Thumb Code     0  libspace.o(.text)
    _sys_exit                                0x080002d1   Thumb Code     8  sys_exit.o(.text)
    __I$use$semihosting                      0x080002dd   Thumb Code     0  use_no_semi.o(.text)
    __use_no_semihosting_swi                 0x080002dd   Thumb Code     2  use_no_semi.o(.text)
    BusFault_Handler                         0x080002df   Thumb Code     4  at32f403a_407_int.o(i.BusFault_Handler)
    __semihosting_library_function           0x080002df   Thumb Code     0  indicate_semi.o(.text)
    DebugMon_Handler                         0x080002e3   Thumb Code     2  at32f403a_407_int.o(i.DebugMon_Handler)
    HardFault_Handler                        0x080002e5   Thumb Code     4  at32f403a_407_int.o(i.HardFault_Handler)
    MemManage_Handler                        0x080002e9   Thumb Code     4  at32f403a_407_int.o(i.MemManage_Handler)
    NMI_Handler                              0x080002ed   Thumb Code     2  at32f403a_407_int.o(i.NMI_Handler)
    PendSV_Handler                           0x080002ef   Thumb Code     2  at32f403a_407_int.o(i.PendSV_Handler)
    SVC_Handler                              0x080002f1   Thumb Code     2  at32f403a_407_int.o(i.SVC_Handler)
    SystemInit                               0x080002f5   Thumb Code   100  system_at32f403a_407.o(i.SystemInit)
    TMR2_GLOBAL_IRQHandler                   0x08000365   Thumb Code    20  at32f403a_407_int.o(i.TMR2_GLOBAL_IRQHandler)
    TMR6_GLOBAL_IRQHandler                   0x0800037d   Thumb Code    18  at32f403a_407_int.o(i.TMR6_GLOBAL_IRQHandler)
    UsageFault_Handler                       0x08000399   Thumb Code     4  at32f403a_407_int.o(i.UsageFault_Handler)
    crm_ahb_div_set                          0x0800039d   Thumb Code    14  at32f403a_407_crm.o(i.crm_ahb_div_set)
    crm_apb1_div_set                         0x080003b1   Thumb Code    14  at32f403a_407_crm.o(i.crm_apb1_div_set)
    crm_apb2_div_set                         0x080003c5   Thumb Code    14  at32f403a_407_crm.o(i.crm_apb2_div_set)
    crm_auto_step_mode_enable                0x080003d9   Thumb Code    34  at32f403a_407_crm.o(i.crm_auto_step_mode_enable)
    crm_clock_source_enable                  0x08000401   Thumb Code    90  at32f403a_407_crm.o(i.crm_clock_source_enable)
    crm_flag_get                             0x08000461   Thumb Code    42  at32f403a_407_crm.o(i.crm_flag_get)
    crm_hext_stable_wait                     0x08000491   Thumb Code    46  at32f403a_407_crm.o(i.crm_hext_stable_wait)
    crm_periph_clock_enable                  0x080004c1   Thumb Code    62  at32f403a_407_crm.o(i.crm_periph_clock_enable)
    crm_pll_config                           0x08000505   Thumb Code   118  at32f403a_407_crm.o(i.crm_pll_config)
    crm_reset                                0x08000581   Thumb Code    80  at32f403a_407_crm.o(i.crm_reset)
    crm_sysclk_switch                        0x080005d9   Thumb Code    54  at32f403a_407_crm.o(i.crm_sysclk_switch)
    crm_sysclk_switch_status_get             0x08000615   Thumb Code    10  at32f403a_407_crm.o(i.crm_sysclk_switch_status_get)
    delay_init                               0x08000625   Thumb Code    38  delay.o(i.delay_init)
    delay_ms                                 0x0800065d   Thumb Code   110  delay.o(i.delay_ms)
    gpio_pin_remap_config                    0x080006d1   Thumb Code    70  at32f403a_407_gpio.o(i.gpio_pin_remap_config)
    init_pin                                 0x0800071d   Thumb Code    94  user_gpio.o(i.init_pin)
    init_timer6_int                          0x0800077d   Thumb Code    84  user_timer.o(i.init_timer6_int)
    main                                     0x080007d9   Thumb Code    56  main.o(i.main)
    nvic_irq_enable                          0x08000815   Thumb Code   190  at32f403a_407_misc.o(i.nvic_irq_enable)
    nvic_priority_group_config               0x080008dd   Thumb Code    32  at32f403a_407_misc.o(i.nvic_priority_group_config)
    system_core_clock_update                 0x08000905   Thumb Code   222  system_at32f403a_407.o(i.system_core_clock_update)
    systick_clock_source_config              0x080009fd   Thumb Code    40  at32f403a_407_misc.o(i.systick_clock_source_config)
    toggle_pin                               0x08000a25   Thumb Code    40  user_gpio.o(i.toggle_pin)
    wk_debug_config                          0x08000a4d   Thumb Code    12  at32f403a_407_wk_config.o(i.wk_debug_config)
    wk_nvic_config                           0x08000a5d   Thumb Code    20  at32f403a_407_wk_config.o(i.wk_nvic_config)
    wk_periph_clock_config                   0x08000a71   Thumb Code    52  at32f403a_407_wk_config.o(i.wk_periph_clock_config)
    wk_system_clock_config                   0x08000aa9   Thumb Code   146  at32f403a_407_wk_config.o(i.wk_system_clock_config)
    _fp_init                                 0x08000b41   Thumb Code    10  fpinit.o(x$fpl$fpinit)
    __fplib_config_fpu_vfp                   0x08000b49   Thumb Code     0  fpinit.o(x$fpl$fpinit)
    __fplib_config_pureend_doubles           0x08000b49   Thumb Code     0  fpinit.o(x$fpl$fpinit)
    Region$$Table$$Base                      0x08000b5c   Number         0  anon$$obj.o(Region$$Table)
    Region$$Table$$Limit                     0x08000b7c   Number         0  anon$$obj.o(Region$$Table)
    system_core_clock                        0x20000000   Data           4  system_at32f403a_407.o(.data)
    __libspace_start                         0x2000000c   Data          96  libspace.o(.bss)
    __temporary_stack_top$libspace           0x2000006c   Data           0  libspace.o(.bss)



==============================================================================

Memory Map of the image

  Image Entry point : 0x08000185

  Load Region LR_IROM1 (Base: 0x08000000, Size: 0x00000b88, Max: 0x00100000, ABSOLUTE)

    Execution Region ER_IROM1 (Exec base: 0x08000000, Load base: 0x08000000, Size: 0x00000b7c, Max: 0x00100000, ABSOLUTE)

    Exec Addr    Load Addr    Size         Type   Attr      Idx    E Section Name        Object

    0x08000000   0x08000000   0x00000184   Data   RO         1424    RESET               startup_at32f403a_407.o
    0x08000184   0x08000184   0x00000008   Code   RO         1595  * !!!main             c_w.l(__main.o)
    0x0800018c   0x0800018c   0x00000034   Code   RO         1754    !!!scatter          c_w.l(__scatter.o)
    0x080001c0   0x080001c0   0x0000001a   Code   RO         1756    !!handler_copy      c_w.l(__scatter_copy.o)
    0x080001da   0x080001da   0x00000002   PAD
    0x080001dc   0x080001dc   0x0000001c   Code   RO         1758    !!handler_zi        c_w.l(__scatter_zi.o)
    0x080001f8   0x080001f8   0x00000002   Code   RO         1622    .ARM.Collect$$libinit$$00000000  c_w.l(libinit.o)
    0x080001fa   0x080001fa   0x00000004   Code   RO         1628    .ARM.Collect$$libinit$$00000001  c_w.l(libinit2.o)
    0x080001fe   0x080001fe   0x00000000   Code   RO         1631    .ARM.Collect$$libinit$$00000004  c_w.l(libinit2.o)
    0x080001fe   0x080001fe   0x00000000   Code   RO         1634    .ARM.Collect$$libinit$$0000000A  c_w.l(libinit2.o)
    0x080001fe   0x080001fe   0x00000000   Code   RO         1636    .ARM.Collect$$libinit$$0000000C  c_w.l(libinit2.o)
    0x080001fe   0x080001fe   0x00000000   Code   RO         1638    .ARM.Collect$$libinit$$0000000E  c_w.l(libinit2.o)
    0x080001fe   0x080001fe   0x00000000   Code   RO         1641    .ARM.Collect$$libinit$$00000011  c_w.l(libinit2.o)
    0x080001fe   0x080001fe   0x00000000   Code   RO         1643    .ARM.Collect$$libinit$$00000013  c_w.l(libinit2.o)
    0x080001fe   0x080001fe   0x00000000   Code   RO         1645    .ARM.Collect$$libinit$$00000015  c_w.l(libinit2.o)
    0x080001fe   0x080001fe   0x00000000   Code   RO         1647    .ARM.Collect$$libinit$$00000017  c_w.l(libinit2.o)
    0x080001fe   0x080001fe   0x00000000   Code   RO         1649    .ARM.Collect$$libinit$$00000019  c_w.l(libinit2.o)
    0x080001fe   0x080001fe   0x00000000   Code   RO         1651    .ARM.Collect$$libinit$$0000001B  c_w.l(libinit2.o)
    0x080001fe   0x080001fe   0x00000000   Code   RO         1653    .ARM.Collect$$libinit$$0000001D  c_w.l(libinit2.o)
    0x080001fe   0x080001fe   0x00000000   Code   RO         1655    .ARM.Collect$$libinit$$0000001F  c_w.l(libinit2.o)
    0x080001fe   0x080001fe   0x00000000   Code   RO         1657    .ARM.Collect$$libinit$$00000021  c_w.l(libinit2.o)
    0x080001fe   0x080001fe   0x00000000   Code   RO         1659    .ARM.Collect$$libinit$$00000023  c_w.l(libinit2.o)
    0x080001fe   0x080001fe   0x00000000   Code   RO         1661    .ARM.Collect$$libinit$$00000025  c_w.l(libinit2.o)
    0x080001fe   0x080001fe   0x00000000   Code   RO         1665    .ARM.Collect$$libinit$$0000002C  c_w.l(libinit2.o)
    0x080001fe   0x080001fe   0x00000000   Code   RO         1667    .ARM.Collect$$libinit$$0000002E  c_w.l(libinit2.o)
    0x080001fe   0x080001fe   0x00000000   Code   RO         1669    .ARM.Collect$$libinit$$00000030  c_w.l(libinit2.o)
    0x080001fe   0x080001fe   0x00000000   Code   RO         1671    .ARM.Collect$$libinit$$00000032  c_w.l(libinit2.o)
    0x080001fe   0x080001fe   0x00000002   Code   RO         1672    .ARM.Collect$$libinit$$00000033  c_w.l(libinit2.o)
    0x08000200   0x08000200   0x00000002   Code   RO         1692    .ARM.Collect$$libshutdown$$00000000  c_w.l(libshutdown.o)
    0x08000202   0x08000202   0x00000000   Code   RO         1705    .ARM.Collect$$libshutdown$$00000002  c_w.l(libshutdown2.o)
    0x08000202   0x08000202   0x00000000   Code   RO         1707    .ARM.Collect$$libshutdown$$00000004  c_w.l(libshutdown2.o)
    0x08000202   0x08000202   0x00000000   Code   RO         1709    .ARM.Collect$$libshutdown$$00000006  c_w.l(libshutdown2.o)
    0x08000202   0x08000202   0x00000000   Code   RO         1712    .ARM.Collect$$libshutdown$$00000009  c_w.l(libshutdown2.o)
    0x08000202   0x08000202   0x00000000   Code   RO         1715    .ARM.Collect$$libshutdown$$0000000C  c_w.l(libshutdown2.o)
    0x08000202   0x08000202   0x00000000   Code   RO         1717    .ARM.Collect$$libshutdown$$0000000E  c_w.l(libshutdown2.o)
    0x08000202   0x08000202   0x00000000   Code   RO         1720    .ARM.Collect$$libshutdown$$00000011  c_w.l(libshutdown2.o)
    0x08000202   0x08000202   0x00000002   Code   RO         1721    .ARM.Collect$$libshutdown$$00000012  c_w.l(libshutdown2.o)
    0x08000204   0x08000204   0x00000000   Code   RO         1597    .ARM.Collect$$rtentry$$00000000  c_w.l(__rtentry.o)
    0x08000204   0x08000204   0x00000000   Code   RO         1599    .ARM.Collect$$rtentry$$00000002  c_w.l(__rtentry2.o)
    0x08000204   0x08000204   0x00000006   Code   RO         1611    .ARM.Collect$$rtentry$$00000004  c_w.l(__rtentry4.o)
    0x0800020a   0x0800020a   0x00000000   Code   RO         1601    .ARM.Collect$$rtentry$$00000009  c_w.l(__rtentry2.o)
    0x0800020a   0x0800020a   0x00000004   Code   RO         1602    .ARM.Collect$$rtentry$$0000000A  c_w.l(__rtentry2.o)
    0x0800020e   0x0800020e   0x00000000   Code   RO         1604    .ARM.Collect$$rtentry$$0000000C  c_w.l(__rtentry2.o)
    0x0800020e   0x0800020e   0x00000008   Code   RO         1605    .ARM.Collect$$rtentry$$0000000D  c_w.l(__rtentry2.o)
    0x08000216   0x08000216   0x00000002   Code   RO         1626    .ARM.Collect$$rtexit$$00000000  c_w.l(rtexit.o)
    0x08000218   0x08000218   0x00000000   Code   RO         1674    .ARM.Collect$$rtexit$$00000002  c_w.l(rtexit2.o)
    0x08000218   0x08000218   0x00000004   Code   RO         1675    .ARM.Collect$$rtexit$$00000003  c_w.l(rtexit2.o)
    0x0800021c   0x0800021c   0x00000006   Code   RO         1676    .ARM.Collect$$rtexit$$00000004  c_w.l(rtexit2.o)
    0x08000222   0x08000222   0x00000002   PAD
    0x08000224   0x08000224   0x00000040   Code   RO         1425    .text               startup_at32f403a_407.o
    0x08000264   0x08000264   0x00000006   Code   RO         1593    .text               c_w.l(heapauxi.o)
    0x0800026a   0x0800026a   0x0000004a   Code   RO         1613    .text               c_w.l(sys_stackheap_outer.o)
    0x080002b4   0x080002b4   0x00000012   Code   RO         1615    .text               c_w.l(exit.o)
    0x080002c6   0x080002c6   0x00000002   PAD
    0x080002c8   0x080002c8   0x00000008   Code   RO         1623    .text               c_w.l(libspace.o)
    0x080002d0   0x080002d0   0x0000000c   Code   RO         1684    .text               c_w.l(sys_exit.o)
    0x080002dc   0x080002dc   0x00000002   Code   RO         1695    .text               c_w.l(use_no_semi.o)
    0x080002de   0x080002de   0x00000000   Code   RO         1697    .text               c_w.l(indicate_semi.o)
    0x080002de   0x080002de   0x00000004   Code   RO          150    i.BusFault_Handler  at32f403a_407_int.o
    0x080002e2   0x080002e2   0x00000002   Code   RO          151    i.DebugMon_Handler  at32f403a_407_int.o
    0x080002e4   0x080002e4   0x00000004   Code   RO          152    i.HardFault_Handler  at32f403a_407_int.o
    0x080002e8   0x080002e8   0x00000004   Code   RO          153    i.MemManage_Handler  at32f403a_407_int.o
    0x080002ec   0x080002ec   0x00000002   Code   RO          154    i.NMI_Handler       at32f403a_407_int.o
    0x080002ee   0x080002ee   0x00000002   Code   RO          155    i.PendSV_Handler    at32f403a_407_int.o
    0x080002f0   0x080002f0   0x00000002   Code   RO          156    i.SVC_Handler       at32f403a_407_int.o
    0x080002f2   0x080002f2   0x00000002   PAD
    0x080002f4   0x080002f4   0x00000070   Code   RO         1432    i.SystemInit        system_at32f403a_407.o
    0x08000364   0x08000364   0x00000018   Code   RO          157    i.TMR2_GLOBAL_IRQHandler  at32f403a_407_int.o
    0x0800037c   0x0800037c   0x0000001c   Code   RO          158    i.TMR6_GLOBAL_IRQHandler  at32f403a_407_int.o
    0x08000398   0x08000398   0x00000004   Code   RO          159    i.UsageFault_Handler  at32f403a_407_int.o
    0x0800039c   0x0800039c   0x00000014   Code   RO          232    i.crm_ahb_div_set   at32f403a_407_crm.o
    0x080003b0   0x080003b0   0x00000014   Code   RO          233    i.crm_apb1_div_set  at32f403a_407_crm.o
    0x080003c4   0x080003c4   0x00000014   Code   RO          234    i.crm_apb2_div_set  at32f403a_407_crm.o
    0x080003d8   0x080003d8   0x00000028   Code   RO          235    i.crm_auto_step_mode_enable  at32f403a_407_crm.o
    0x08000400   0x08000400   0x00000060   Code   RO          241    i.crm_clock_source_enable  at32f403a_407_crm.o
    0x08000460   0x08000460   0x00000030   Code   RO          244    i.crm_flag_get      at32f403a_407_crm.o
    0x08000490   0x08000490   0x0000002e   Code   RO          247    i.crm_hext_stable_wait  at32f403a_407_crm.o
    0x080004be   0x080004be   0x00000002   PAD
    0x080004c0   0x080004c0   0x00000044   Code   RO          255    i.crm_periph_clock_enable  at32f403a_407_crm.o
    0x08000504   0x08000504   0x0000007c   Code   RO          258    i.crm_pll_config    at32f403a_407_crm.o
    0x08000580   0x08000580   0x00000058   Code   RO          259    i.crm_reset         at32f403a_407_crm.o
    0x080005d8   0x080005d8   0x0000003c   Code   RO          262    i.crm_sysclk_switch  at32f403a_407_crm.o
    0x08000614   0x08000614   0x00000010   Code   RO          263    i.crm_sysclk_switch_status_get  at32f403a_407_crm.o
    0x08000624   0x08000624   0x00000038   Code   RO         1469    i.delay_init        delay.o
    0x0800065c   0x0800065c   0x00000074   Code   RO         1470    i.delay_ms          delay.o
    0x080006d0   0x080006d0   0x0000004c   Code   RO          810    i.gpio_pin_remap_config  at32f403a_407_gpio.o
    0x0800071c   0x0800071c   0x0000005e   Code   RO         1513    i.init_pin          user_gpio.o
    0x0800077a   0x0800077a   0x00000002   PAD
    0x0800077c   0x0800077c   0x0000005c   Code   RO         1551    i.init_timer6_int   user_timer.o
    0x080007d8   0x080007d8   0x0000003c   Code   RO            4    i.main              main.o
    0x08000814   0x08000814   0x000000c8   Code   RO          924    i.nvic_irq_enable   at32f403a_407_misc.o
    0x080008dc   0x080008dc   0x00000028   Code   RO          926    i.nvic_priority_group_config  at32f403a_407_misc.o
    0x08000904   0x08000904   0x000000f8   Code   RO         1433    i.system_core_clock_update  system_at32f403a_407.o
    0x080009fc   0x080009fc   0x00000028   Code   RO          929    i.systick_clock_source_config  at32f403a_407_misc.o
    0x08000a24   0x08000a24   0x00000028   Code   RO         1514    i.toggle_pin        user_gpio.o
    0x08000a4c   0x08000a4c   0x00000010   Code   RO           96    i.wk_debug_config   at32f403a_407_wk_config.o
    0x08000a5c   0x08000a5c   0x00000014   Code   RO           98    i.wk_nvic_config    at32f403a_407_wk_config.o
    0x08000a70   0x08000a70   0x00000038   Code   RO           99    i.wk_periph_clock_config  at32f403a_407_wk_config.o
    0x08000aa8   0x08000aa8   0x00000098   Code   RO          100    i.wk_system_clock_config  at32f403a_407_wk_config.o
    0x08000b40   0x08000b40   0x0000000a   Code   RO         1682    x$fpl$fpinit        fz_wm.l(fpinit.o)
    0x08000b4a   0x08000b4a   0x00000010   Data   RO         1434    .constdata          system_at32f403a_407.o
    0x08000b5a   0x08000b5a   0x00000002   PAD
    0x08000b5c   0x08000b5c   0x00000020   Data   RO         1752    Region$$Table       anon$$obj.o


    Execution Region RW_IRAM1 (Exec base: 0x20000000, Load base: 0x08000b7c, Size: 0x00000670, Max: 0x00018000, ABSOLUTE)

    Exec Addr    Load Addr    Size         Type   Attr      Idx    E Section Name        Object

    0x20000000   0x08000b7c   0x00000004   Data   RW         1435    .data               system_at32f403a_407.o
    0x20000004   0x08000b80   0x00000008   Data   RW         1473    .data               delay.o
    0x2000000c        -       0x00000060   Zero   RW         1624    .bss                c_w.l(libspace.o)
    0x2000006c   0x08000b88   0x00000004   PAD
    0x20000070        -       0x00000200   Zero   RW         1423    HEAP                startup_at32f403a_407.o
    0x20000270        -       0x00000400   Zero   RW         1422    STACK               startup_at32f403a_407.o


==============================================================================

Image component sizes


      Code (inc. data)   RO Data    RW Data    ZI Data      Debug   Object Name

       646         74          0          0          0       7570   at32f403a_407_crm.o
        76          6          0          0          0        912   at32f403a_407_gpio.o
        76         14          0          0          0       5062   at32f403a_407_int.o
       280         18          0          0          0      32808   at32f403a_407_misc.o
       244         14          0          0          0       2289   at32f403a_407_wk_config.o
       172         24          0          8          0       1756   delay.o
        60          4          0          0          0      37963   main.o
        64         26        388          0       1536        848   startup_at32f403a_407.o
       360         38         16          4          0       2348   system_at32f403a_407.o
       134          0          0          0          0       1832   user_gpio.o
        92          8          0          0          0        582   user_timer.o

    ----------------------------------------------------------------------
      2210        226        438         12       1536      93970   Object Totals
         0          0         32          0          0          0   (incl. Generated)
         6          0          2          0          0          0   (incl. Padding)

    ----------------------------------------------------------------------

      Code (inc. data)   RO Data    RW Data    ZI Data      Debug   Library Member Name

         8          0          0          0          0         68   __main.o
         0          0          0          0          0          0   __rtentry.o
        12          0          0          0          0          0   __rtentry2.o
         6          0          0          0          0          0   __rtentry4.o
        52          8          0          0          0          0   __scatter.o
        26          0          0          0          0          0   __scatter_copy.o
        28          0          0          0          0          0   __scatter_zi.o
        18          0          0          0          0         80   exit.o
         6          0          0          0          0        152   heapauxi.o
         0          0          0          0          0          0   indicate_semi.o
         2          0          0          0          0          0   libinit.o
         6          0          0          0          0          0   libinit2.o
         2          0          0          0          0          0   libshutdown.o
         2          0          0          0          0          0   libshutdown2.o
         8          4          0          0         96         68   libspace.o
         2          0          0          0          0          0   rtexit.o
        10          0          0          0          0          0   rtexit2.o
        12          4          0          0          0         68   sys_exit.o
        74          0          0          0          0         80   sys_stackheap_outer.o
         2          0          0          0          0         68   use_no_semi.o
        10          0          0          0          0        116   fpinit.o

    ----------------------------------------------------------------------
       292         16          0          0        100        700   Library Totals
         6          0          0          0          4          0   (incl. Padding)

    ----------------------------------------------------------------------

      Code (inc. data)   RO Data    RW Data    ZI Data      Debug   Library Name

       276         16          0          0         96        584   c_w.l
        10          0          0          0          0        116   fz_wm.l

    ----------------------------------------------------------------------
       292         16          0          0        100        700   Library Totals

    ----------------------------------------------------------------------

==============================================================================


      Code (inc. data)   RO Data    RW Data    ZI Data      Debug   

      2502        242        438         12       1636      91314   Grand Totals
      2502        242        438         12       1636      91314   ELF Image Totals
      2502        242        438         12          0          0   ROM Totals

==============================================================================

    Total RO  Size (Code + RO Data)                 2940 (   2.87kB)
    Total RW  Size (RW Data + ZI Data)              1648 (   1.61kB)
    Total ROM Size (Code + RO Data + RW Data)       2952 (   2.88kB)

==============================================================================

