Component: ARM Compiler 5.06 update 7 (build 960) Tool: armlink [4d3601]

==============================================================================

Section Cross References

    at32f403a_407_clock.o(i.system_clock_config) refers to at32f403a_407_crm.o(i.crm_reset) for crm_reset
    at32f403a_407_clock.o(i.system_clock_config) refers to at32f403a_407_crm.o(i.crm_clock_source_enable) for crm_clock_source_enable
    at32f403a_407_clock.o(i.system_clock_config) refers to at32f403a_407_crm.o(i.crm_hext_stable_wait) for crm_hext_stable_wait
    at32f403a_407_clock.o(i.system_clock_config) refers to at32f403a_407_crm.o(i.crm_pll_config) for crm_pll_config
    at32f403a_407_clock.o(i.system_clock_config) refers to at32f403a_407_crm.o(i.crm_hext_clock_div_set) for crm_hext_clock_div_set
    at32f403a_407_clock.o(i.system_clock_config) refers to at32f403a_407_crm.o(i.crm_flag_get) for crm_flag_get
    at32f403a_407_clock.o(i.system_clock_config) refers to at32f403a_407_crm.o(i.crm_ahb_div_set) for crm_ahb_div_set
    at32f403a_407_clock.o(i.system_clock_config) refers to at32f403a_407_crm.o(i.crm_apb2_div_set) for crm_apb2_div_set
    at32f403a_407_clock.o(i.system_clock_config) refers to at32f403a_407_crm.o(i.crm_apb1_div_set) for crm_apb1_div_set
    at32f403a_407_clock.o(i.system_clock_config) refers to at32f403a_407_crm.o(i.crm_auto_step_mode_enable) for crm_auto_step_mode_enable
    at32f403a_407_clock.o(i.system_clock_config) refers to at32f403a_407_crm.o(i.crm_sysclk_switch) for crm_sysclk_switch
    at32f403a_407_clock.o(i.system_clock_config) refers to at32f403a_407_crm.o(i.crm_sysclk_switch_status_get) for crm_sysclk_switch_status_get
    at32f403a_407_clock.o(i.system_clock_config) refers to system_at32f403a_407.o(i.system_core_clock_update) for system_core_clock_update
    main.o(i.led2_task_function) refers to tasks.o(i.vTaskDelay) for vTaskDelay
    main.o(i.led3_task_function) refers to tasks.o(i.vTaskDelay) for vTaskDelay
    main.o(i.main) refers to at32f403a_407_misc.o(i.nvic_priority_group_config) for nvic_priority_group_config
    main.o(i.main) refers to at32f403a_407_clock.o(i.system_clock_config) for system_clock_config
    main.o(i.main) refers to tasks.o(i.xTaskCreate) for xTaskCreate
    main.o(i.main) refers to include_port.o(i.vPortExitCritical) for vPortExitCritical
    main.o(i.main) refers to tasks.o(i.vTaskStartScheduler) for vTaskStartScheduler
    main.o(i.main) refers to main.o(.data) for led2_handler
    main.o(i.main) refers to main.o(i.led2_task_function) for led2_task_function
    main.o(i.main) refers to main.o(i.led3_task_function) for led3_task_function
    include_port.o(.emb_text) refers to tasks.o(i.vTaskSwitchContext) for vTaskSwitchContext
    include_port.o(.emb_text) refers to tasks.o(.data) for pxCurrentTCB
    include_port.o(i.SysTick_Handler) refers to tasks.o(i.xTaskIncrementTick) for xTaskIncrementTick
    include_port.o(i.prvTaskExitError) refers to include_port.o(.data) for uxCriticalNesting
    include_port.o(i.pxPortInitialiseStack) refers to include_port.o(i.prvTaskExitError) for prvTaskExitError
    include_port.o(i.vPortEndScheduler) refers to include_port.o(.data) for uxCriticalNesting
    include_port.o(i.vPortEnterCritical) refers to include_port.o(.data) for uxCriticalNesting
    include_port.o(i.vPortExitCritical) refers to include_port.o(.data) for uxCriticalNesting
    include_port.o(i.vPortSetupTimerInterrupt) refers to system_at32f403a_407.o(.data) for system_core_clock
    include_port.o(i.vPortValidateInterruptPriority) refers to include_port.o(.emb_text) for vPortGetIPSR
    include_port.o(i.vPortValidateInterruptPriority) refers to include_port.o(.data) for ucMaxSysCallPriority
    include_port.o(i.xPortStartScheduler) refers to include_port.o(i.vPortSetupTimerInterrupt) for vPortSetupTimerInterrupt
    include_port.o(i.xPortStartScheduler) refers to include_port.o(.emb_text) for __asm___14_include_port_c_39a90d8d__prvEnableVFP
    include_port.o(i.xPortStartScheduler) refers to include_port.o(.data) for ucMaxSysCallPriority
    at32f403a_407_adc.o(i.adc_reset) refers to at32f403a_407_crm.o(i.crm_periph_reset) for crm_periph_reset
    at32f403a_407_bpr.o(i.bpr_reset) refers to at32f403a_407_crm.o(i.crm_battery_powered_domain_reset) for crm_battery_powered_domain_reset
    at32f403a_407_can.o(i.can_interrupt_flag_get) refers to at32f403a_407_can.o(i.can_flag_get) for can_flag_get
    at32f403a_407_can.o(i.can_message_receive) refers to at32f403a_407_can.o(i.can_receive_fifo_release) for can_receive_fifo_release
    at32f403a_407_can.o(i.can_reset) refers to at32f403a_407_crm.o(i.crm_periph_reset) for crm_periph_reset
    at32f403a_407_crm.o(i.crm_clocks_freq_get) refers to at32f403a_407_crm.o(i.crm_sysclk_switch_status_get) for crm_sysclk_switch_status_get
    at32f403a_407_crm.o(i.crm_clocks_freq_get) refers to at32f403a_407_crm.o(.constdata) for sclk_ahb_div_table
[...]
    Removing at32f403a_407_tmr.o(i.tmr_counter_value_set), (4 bytes).
    Removing at32f403a_407_tmr.o(i.tmr_div_value_get), (6 bytes).
    Removing at32f403a_407_tmr.o(i.tmr_div_value_set), (4 bytes).
    Removing at32f403a_407_tmr.o(i.tmr_dma_control_config), (18 bytes).
    Removing at32f403a_407_tmr.o(i.tmr_dma_request_enable), (22 bytes).
    Removing at32f403a_407_tmr.o(i.tmr_encoder_mode_config), (70 bytes).
    Removing at32f403a_407_tmr.o(i.tmr_event_sw_trigger), (8 bytes).
    Removing at32f403a_407_tmr.o(i.tmr_external_clock_config), (28 bytes).
    Removing at32f403a_407_tmr.o(i.tmr_external_clock_mode1_config), (44 bytes).
    Removing at32f403a_407_tmr.o(i.tmr_external_clock_mode2_config), (36 bytes).
    Removing at32f403a_407_tmr.o(i.tmr_flag_clear), (6 bytes).
    Removing at32f403a_407_tmr.o(i.tmr_flag_get), (18 bytes).
    Removing at32f403a_407_tmr.o(i.tmr_force_output_set), (66 bytes).
    Removing at32f403a_407_tmr.o(i.tmr_hall_select), (10 bytes).
    Removing at32f403a_407_tmr.o(i.tmr_input_channel_divider_set), (66 bytes).
    Removing at32f403a_407_tmr.o(i.tmr_input_channel_filter_set), (66 bytes).
    Removing at32f403a_407_tmr.o(i.tmr_input_channel_init), (304 bytes).
    Removing at32f403a_407_tmr.o(i.tmr_input_default_para_init), (16 bytes).
    Removing at32f403a_407_tmr.o(i.tmr_internal_clock_set), (10 bytes).
    Removing at32f403a_407_tmr.o(i.tmr_interrupt_enable), (22 bytes).
    Removing at32f403a_407_tmr.o(i.tmr_interrupt_flag_get), (24 bytes).
    Removing at32f403a_407_tmr.o(i.tmr_one_cycle_mode_enable), (10 bytes).
    Removing at32f403a_407_tmr.o(i.tmr_output_channel_buffer_enable), (66 bytes).
    Removing at32f403a_407_tmr.o(i.tmr_output_channel_config), (416 bytes).
    Removing at32f403a_407_tmr.o(i.tmr_output_channel_immediately_set), (66 bytes).
    Removing at32f403a_407_tmr.o(i.tmr_output_channel_mode_select), (66 bytes).
    Removing at32f403a_407_tmr.o(i.tmr_output_channel_polarity_set), (96 bytes).
    Removing at32f403a_407_tmr.o(i.tmr_output_channel_switch_set), (66 bytes).
    Removing at32f403a_407_tmr.o(i.tmr_output_default_para_init), (18 bytes).
    Removing at32f403a_407_tmr.o(i.tmr_output_enable), (10 bytes).
    Removing at32f403a_407_tmr.o(i.tmr_overflow_event_disable), (10 bytes).
    Removing at32f403a_407_tmr.o(i.tmr_overflow_request_source_set), (10 bytes).
    Removing at32f403a_407_tmr.o(i.tmr_period_buffer_enable), (10 bytes).
    Removing at32f403a_407_tmr.o(i.tmr_period_value_get), (6 bytes).
    Removing at32f403a_407_tmr.o(i.tmr_period_value_set), (4 bytes).
    Removing at32f403a_407_tmr.o(i.tmr_primary_mode_select), (10 bytes).
    Removing at32f403a_407_tmr.o(i.tmr_pwm_input_config), (350 bytes).
    Removing at32f403a_407_tmr.o(i.tmr_repetition_counter_set), (10 bytes).
    Removing at32f403a_407_tmr.o(i.tmr_reset), (416 bytes).
    Removing at32f403a_407_tmr.o(i.tmr_sub_mode_select), (10 bytes).
    Removing at32f403a_407_tmr.o(i.tmr_sub_sync_mode_set), (10 bytes).
    Removing at32f403a_407_tmr.o(i.tmr_trigger_input_select), (10 bytes).
    Removing at32f403a_407_usart.o(.rev16_text), (4 bytes).
    Removing at32f403a_407_usart.o(.revsh_text), (4 bytes).
    Removing at32f403a_407_usart.o(.rrx_text), (6 bytes).
    Removing at32f403a_407_usart.o(i.usart_break_bit_num_set), (10 bytes).
    Removing at32f403a_407_usart.o(i.usart_break_send), (12 bytes).
    Removing at32f403a_407_usart.o(i.usart_clock_config), (28 bytes).
    Removing at32f403a_407_usart.o(i.usart_clock_enable), (10 bytes).
    Removing at32f403a_407_usart.o(i.usart_data_receive), (8 bytes).
    Removing at32f403a_407_usart.o(i.usart_data_transmit), (8 bytes).
    Removing at32f403a_407_usart.o(i.usart_dma_receiver_enable), (10 bytes).
    Removing at32f403a_407_usart.o(i.usart_dma_transmitter_enable), (10 bytes).
    Removing at32f403a_407_usart.o(i.usart_enable), (10 bytes).
    Removing at32f403a_407_usart.o(i.usart_flag_clear), (18 bytes).
    Removing at32f403a_407_usart.o(i.usart_flag_get), (16 bytes).
    Removing at32f403a_407_usart.o(i.usart_hardware_flow_control_set), (102 bytes).
    Removing at32f403a_407_usart.o(i.usart_init), (136 bytes).
    Removing at32f403a_407_usart.o(i.usart_interrupt_enable), (54 bytes).
    Removing at32f403a_407_usart.o(i.usart_interrupt_flag_get), (176 bytes).
    Removing at32f403a_407_usart.o(i.usart_irda_low_power_enable), (10 bytes).
    Removing at32f403a_407_usart.o(i.usart_irda_mode_enable), (10 bytes).
    Removing at32f403a_407_usart.o(i.usart_irda_smartcard_division_set), (10 bytes).
    Removing at32f403a_407_usart.o(i.usart_lin_mode_enable), (10 bytes).
    Removing at32f403a_407_usart.o(i.usart_parity_selection_config), (76 bytes).
    Removing at32f403a_407_usart.o(i.usart_receiver_enable), (10 bytes).
    Removing at32f403a_407_usart.o(i.usart_receiver_mute_enable), (10 bytes).
    Removing at32f403a_407_usart.o(i.usart_reset), (244 bytes).
    Removing at32f403a_407_usart.o(i.usart_single_line_halfduplex_select), (10 bytes).
    Removing at32f403a_407_usart.o(i.usart_smartcard_guard_time_set), (10 bytes).
    Removing at32f403a_407_usart.o(i.usart_smartcard_mode_enable), (10 bytes).
    Removing at32f403a_407_usart.o(i.usart_smartcard_nack_set), (10 bytes).
    Removing at32f403a_407_usart.o(i.usart_transmitter_enable), (10 bytes).
    Removing at32f403a_407_usart.o(i.usart_wakeup_id_set), (10 bytes).
    Removing at32f403a_407_usart.o(i.usart_wakeup_mode_set), (10 bytes).
    Removing at32f403a_407_usb.o(.rev16_text), (4 bytes).
    Removing at32f403a_407_usb.o(.revsh_text), (4 bytes).
    Removing at32f403a_407_usb.o(.rrx_text), (6 bytes).
    Removing at32f403a_407_usb.o(i.usb_buffer_free), (12 bytes).
    Removing at32f403a_407_usb.o(i.usb_buffer_malloc), (20 bytes).
    Removing at32f403a_407_usb.o(i.usb_connect), (18 bytes).
    Removing at32f403a_407_usb.o(i.usb_dev_init), (36 bytes).
    Removing at32f403a_407_usb.o(i.usb_disconnect), (22 bytes).
    Removing at32f403a_407_usb.o(i.usb_enter_suspend), (22 bytes).
    Removing at32f403a_407_usb.o(i.usb_ept_close), (572 bytes).
    Removing at32f403a_407_usb.o(i.usb_ept_open), (1296 bytes).
    Removing at32f403a_407_usb.o(i.usb_ept_stall), (108 bytes).
    Removing at32f403a_407_usb.o(i.usb_exit_suspend), (18 bytes).
    Removing at32f403a_407_usb.o(i.usb_flag_clear), (6 bytes).
    Removing at32f403a_407_usb.o(i.usb_flag_get), (16 bytes).
    Removing at32f403a_407_usb.o(i.usb_interrupt_enable), (20 bytes).
    Removing at32f403a_407_usb.o(i.usb_interrupt_flag_get), (38 bytes).
    Removing at32f403a_407_usb.o(i.usb_read_packet), (44 bytes).
    Removing at32f403a_407_usb.o(i.usb_remote_wkup_clear), (10 bytes).
    Removing at32f403a_407_usb.o(i.usb_remote_wkup_set), (12 bytes).
    Removing at32f403a_407_usb.o(i.usb_set_address), (20 bytes).
    Removing at32f403a_407_usb.o(i.usb_usbbufs_enable), (64 bytes).
    Removing at32f403a_407_usb.o(i.usb_write_packet), (44 bytes).
    Removing at32f403a_407_usb.o(.data), (6 bytes).
    Removing at32f403a_407_wdt.o(.rev16_text), (4 bytes).
    Removing at32f403a_407_wdt.o(.revsh_text), (4 bytes).
    Removing at32f403a_407_wdt.o(.rrx_text), (6 bytes).
    Removing at32f403a_407_wdt.o(i.wdt_counter_reload), (16 bytes).
    Removing at32f403a_407_wdt.o(i.wdt_divider_set), (20 bytes).
    Removing at32f403a_407_wdt.o(i.wdt_enable), (16 bytes).
    Removing at32f403a_407_wdt.o(i.wdt_flag_get), (24 bytes).
    Removing at32f403a_407_wdt.o(i.wdt_register_write_enable), (24 bytes).
    Removing at32f403a_407_wdt.o(i.wdt_reload_value_set), (12 bytes).
    Removing at32f403a_407_wwdt.o(.rev16_text), (4 bytes).
    Removing at32f403a_407_wwdt.o(.revsh_text), (4 bytes).
    Removing at32f403a_407_wwdt.o(.rrx_text), (6 bytes).
    Removing at32f403a_407_wwdt.o(i.wwdt_counter_set), (20 bytes).
    Removing at32f403a_407_wwdt.o(i.wwdt_divider_set), (20 bytes).
    Removing at32f403a_407_wwdt.o(i.wwdt_enable), (16 bytes).
    Removing at32f403a_407_wwdt.o(i.wwdt_flag_clear), (12 bytes).
    Removing at32f403a_407_wwdt.o(i.wwdt_flag_get), (16 bytes).
    Removing at32f403a_407_wwdt.o(i.wwdt_interrupt_enable), (24 bytes).
    Removing at32f403a_407_wwdt.o(i.wwdt_interrupt_flag_get), (36 bytes).
    Removing at32f403a_407_wwdt.o(i.wwdt_reset), (24 bytes).
    Removing at32f403a_407_wwdt.o(i.wwdt_window_counter_set), (20 bytes).
    Removing at32f403a_407_xmc.o(.rev16_text), (4 bytes).
    Removing at32f403a_407_xmc.o(.revsh_text), (4 bytes).
    Removing at32f403a_407_xmc.o(.rrx_text), (6 bytes).
    Removing at32f403a_407_xmc.o(i.xmc_ecc_get), (16 bytes).
    Removing at32f403a_407_xmc.o(i.xmc_ext_timing_config), (44 bytes).
    Removing at32f403a_407_xmc.o(i.xmc_flag_clear), (36 bytes).
    Removing at32f403a_407_xmc.o(i.xmc_flag_status_get), (32 bytes).
    Removing at32f403a_407_xmc.o(i.xmc_interrupt_enable), (44 bytes).
    Removing at32f403a_407_xmc.o(i.xmc_interrupt_flag_status_get), (108 bytes).
    Removing at32f403a_407_xmc.o(i.xmc_nand_default_para_init), (20 bytes).
    Removing at32f403a_407_xmc.o(i.xmc_nand_ecc_enable), (22 bytes).
    Removing at32f403a_407_xmc.o(i.xmc_nand_enable), (22 bytes).
    Removing at32f403a_407_xmc.o(i.xmc_nand_init), (46 bytes).
    Removing at32f403a_407_xmc.o(i.xmc_nand_reset), (26 bytes).
    Removing at32f403a_407_xmc.o(i.xmc_nand_timing_config), (62 bytes).
    Removing at32f403a_407_xmc.o(i.xmc_nand_timing_default_para_init), (30 bytes).
    Removing at32f403a_407_xmc.o(i.xmc_nor_sram_enable), (22 bytes).
    Removing at32f403a_407_xmc.o(i.xmc_nor_sram_init), (90 bytes).
    Removing at32f403a_407_xmc.o(i.xmc_nor_sram_reset), (56 bytes).
    Removing at32f403a_407_xmc.o(i.xmc_nor_sram_timing_config), (124 bytes).
    Removing at32f403a_407_xmc.o(i.xmc_norsram_default_para_init), (42 bytes).
    Removing at32f403a_407_xmc.o(i.xmc_norsram_timing_default_para_init), (56 bytes).
    Removing system_at32f403a_407.o(.rev16_text), (4 bytes).
    Removing system_at32f403a_407.o(.revsh_text), (4 bytes).
    Removing system_at32f403a_407.o(.rrx_text), (6 bytes).
    Removing event_groups.o(i.prvTestWaitCondition), (30 bytes).
    Removing event_groups.o(i.vEventGroupClearBitsCallback), (16 bytes).
    Removing event_groups.o(i.vEventGroupDelete), (82 bytes).
    Removing event_groups.o(i.vEventGroupSetBitsCallback), (16 bytes).
    Removing event_groups.o(i.xEventGroupClearBits), (92 bytes).
    Removing event_groups.o(i.xEventGroupCreate), (26 bytes).
    Removing event_groups.o(i.xEventGroupGetBitsFromISR), (44 bytes).
    Removing event_groups.o(i.xEventGroupSetBits), (206 bytes).
    Removing event_groups.o(i.xEventGroupSync), (236 bytes).
    Removing event_groups.o(i.xEventGroupWaitBits), (300 bytes).
    Removing queue.o(i.prvCopyDataFromQueue), (42 bytes).
    Removing queue.o(i.prvCopyDataToQueue), (106 bytes).
    Removing queue.o(i.prvInitialiseNewQueue), (38 bytes).
    Removing queue.o(i.prvIsQueueEmpty), (26 bytes).
    Removing queue.o(i.prvIsQueueFull), (30 bytes).
    Removing queue.o(i.prvUnlockQueue), (126 bytes).
    Removing queue.o(i.uxQueueMessagesWaiting), (42 bytes).
    Removing queue.o(i.uxQueueMessagesWaitingFromISR), (34 bytes).
    Removing queue.o(i.uxQueueSpacesAvailable), (48 bytes).
    Removing queue.o(i.vQueueDelete), (38 bytes).
    Removing queue.o(i.xQueueGenericCreate), (162 bytes).
    Removing queue.o(i.xQueueGenericReset), (152 bytes).
    Removing queue.o(i.xQueueGenericSend), (384 bytes).
    Removing queue.o(i.xQueueGenericSendFromISR), (288 bytes).
    Removing queue.o(i.xQueueGiveFromISR), (260 bytes).
    Removing queue.o(i.xQueueIsQueueEmptyFromISR), (42 bytes).
    Removing queue.o(i.xQueueIsQueueFullFromISR), (46 bytes).
    Removing queue.o(i.xQueuePeek), (328 bytes).
    Removing queue.o(i.xQueuePeekFromISR), (176 bytes).
    Removing queue.o(i.xQueueReceive), (320 bytes).
    Removing queue.o(i.xQueueReceiveFromISR), (238 bytes).
    Removing queue.o(i.xQueueSemaphoreTake), (296 bytes).
    Removing stream_buffer.o(i.prvBytesInBuffer), (24 bytes).
    Removing stream_buffer.o(i.prvInitialiseNewStreamBuffer), (86 bytes).
    Removing stream_buffer.o(i.prvReadBytesFromBuffer), (202 bytes).
    Removing stream_buffer.o(i.prvReadMessageFromBuffer), (72 bytes).
    Removing stream_buffer.o(i.prvWriteBytesToBuffer), (186 bytes).
    Removing stream_buffer.o(i.prvWriteMessageToBuffer), (92 bytes).
    Removing stream_buffer.o(i.vStreamBufferDelete), (56 bytes).
    Removing stream_buffer.o(i.xStreamBufferBytesAvailable), (42 bytes).
    Removing stream_buffer.o(i.xStreamBufferGenericCreate), (172 bytes).
    Removing stream_buffer.o(i.xStreamBufferIsEmpty), (46 bytes).
    Removing stream_buffer.o(i.xStreamBufferIsFull), (64 bytes).
    Removing stream_buffer.o(i.xStreamBufferNextMessageLengthBytes), (120 bytes).
    Removing stream_buffer.o(i.xStreamBufferReceive), (260 bytes).
    Removing stream_buffer.o(i.xStreamBufferReceiveCompletedFromISR), (104 bytes).
    Removing stream_buffer.o(i.xStreamBufferReceiveFromISR), (186 bytes).
    Removing stream_buffer.o(i.xStreamBufferReset), (70 bytes).
    Removing stream_buffer.o(i.xStreamBufferSend), (348 bytes).
    Removing stream_buffer.o(i.xStreamBufferSendCompletedFromISR), (104 bytes).
    Removing stream_buffer.o(i.xStreamBufferSendFromISR), (186 bytes).
    Removing stream_buffer.o(i.xStreamBufferSetTriggerLevel), (50 bytes).
    Removing stream_buffer.o(i.xStreamBufferSpacesAvailable), (54 bytes).
    Removing tasks.o(i.pcTaskGetName), (48 bytes).
    Removing tasks.o(i.prvTaskIsTaskSuspended), (88 bytes).
    Removing tasks.o(i.ulTaskGenericNotifyTake), (168 bytes).
    Removing tasks.o(i.ulTaskGenericNotifyValueClear), (64 bytes).
    Removing tasks.o(i.uxTaskGetNumberOfTasks), (12 bytes).
    Removing tasks.o(i.uxTaskPriorityGet), (36 bytes).
    Removing tasks.o(i.uxTaskPriorityGetFromISR), (68 bytes).
    Removing tasks.o(i.uxTaskResetEventItemValue), (28 bytes).
    Removing tasks.o(i.vTaskDelete), (244 bytes).
    Removing tasks.o(i.vTaskEndScheduler), (36 bytes).
    Removing tasks.o(i.vTaskGenericNotifyGiveFromISR), (292 bytes).
    Removing tasks.o(i.vTaskInternalSetTimeOutState), (24 bytes).
    Removing tasks.o(i.vTaskMissedYield), (12 bytes).
    Removing tasks.o(i.vTaskPlaceOnEventList), (56 bytes).
    Removing tasks.o(i.vTaskPlaceOnUnorderedEventList), (108 bytes).
    Removing tasks.o(i.vTaskPrioritySet), (268 bytes).
    Removing tasks.o(i.vTaskRemoveFromUnorderedEventList), (164 bytes).
    Removing tasks.o(i.vTaskResume), (144 bytes).
    Removing tasks.o(i.vTaskSetTimeOutState), (60 bytes).
    Removing tasks.o(i.vTaskSuspend), (256 bytes).
    Removing tasks.o(i.xTaskCatchUpTicks), (72 bytes).
    Removing tasks.o(i.xTaskCheckForTimeOut), (144 bytes).
    Removing tasks.o(i.xTaskDelayUntil), (216 bytes).
    Removing tasks.o(i.xTaskGenericNotify), (384 bytes).
    Removing tasks.o(i.xTaskGenericNotifyFromISR), (440 bytes).
    Removing tasks.o(i.xTaskGenericNotifyStateClear), (96 bytes).
    Removing tasks.o(i.xTaskGenericNotifyWait), (204 bytes).
    Removing tasks.o(i.xTaskGetCurrentTaskHandle), (12 bytes).
    Removing tasks.o(i.xTaskGetTickCount), (12 bytes).
    Removing tasks.o(i.xTaskGetTickCountFromISR), (20 bytes).
    Removing tasks.o(i.xTaskRemoveFromEventList), (152 bytes).
    Removing tasks.o(i.xTaskResumeFromISR), (188 bytes).
    Removing heap_4.o(i.vPortGetHeapStats), (128 bytes).
    Removing heap_4.o(i.vPortInitialiseBlocks), (2 bytes).
    Removing heap_4.o(i.xPortGetFreeHeapSize), (12 bytes).
    Removing heap_4.o(i.xPortGetMinimumEverFreeHeapSize), (12 bytes).
    Removing delay.o(.rev16_text), (4 bytes).
    Removing delay.o(.revsh_text), (4 bytes).
    Removing delay.o(.rrx_text), (6 bytes).
    Removing delay.o(i.delay_init), (56 bytes).
    Removing delay.o(i.delay_ms), (116 bytes).
    Removing delay.o(i.delay_sec), (34 bytes).
    Removing delay.o(i.delay_us), (80 bytes).
    Removing delay.o(.data), (8 bytes).
    Removing usart.o(.rev16_text), (4 bytes).
    Removing usart.o(.revsh_text), (4 bytes).
    Removing usart.o(.rrx_text), (6 bytes).
    Removing usart.o(i.USART_INIT), (2 bytes).
    Removing user_gpio.o(.rev16_text), (4 bytes).
    Removing user_gpio.o(.revsh_text), (4 bytes).
    Removing user_gpio.o(.rrx_text), (6 bytes).
    Removing user_gpio.o(i.init_pin), (94 bytes).
    Removing user_gpio.o(i.toggle_pin), (40 bytes).
    Removing user_gpio.o(i.write_pins), (12 bytes).
    Removing user_timer.o(.rev16_text), (4 bytes).
    Removing user_timer.o(.revsh_text), (4 bytes).
    Removing user_timer.o(.rrx_text), (6 bytes).
    Removing user_timer.o(i.init_pwm_A0), (128 bytes).
    Removing user_timer.o(i.init_timer2_int), (56 bytes).
    Removing user_timer.o(i.init_timer6_int), (92 bytes).
    Removing user_timer.o(i.init_timer_test), (88 bytes).
    Removing user_timer.o(.data), (4 bytes).

682 unused section(s) (total 35418 bytes) removed from the image.

==============================================================================

Image Symbol Table

    Local Symbols

    Symbol Name                              Value     Ov Type        Size  Object(Section)

    ../clib/angel/boardlib.s                 0x00000000   Number         0  boardinit2.o ABSOLUTE
    ../clib/angel/boardlib.s                 0x00000000   Number         0  boardinit1.o ABSOLUTE
    ../clib/angel/boardlib.s                 0x00000000   Number         0  boardshut.o ABSOLUTE
    ../clib/angel/boardlib.s                 0x00000000   Number         0  boardinit3.o ABSOLUTE
    ../clib/angel/handlers.s                 0x00000000   Number         0  __scatter_copy.o ABSOLUTE
    ../clib/angel/handlers.s                 0x00000000   Number         0  __scatter_zi.o ABSOLUTE
    ../clib/angel/kernel.s                   0x00000000   Number         0  __rtentry4.o ABSOLUTE
    ../clib/angel/kernel.s                   0x00000000   Number         0  __rtentry.o ABSOLUTE
    ../clib/angel/kernel.s                   0x00000000   Number         0  rtexit2.o ABSOLUTE
    ../clib/angel/kernel.s                   0x00000000   Number         0  rtexit.o ABSOLUTE
    ../clib/angel/kernel.s                   0x00000000   Number         0  __rtentry2.o ABSOLUTE
    ../clib/angel/rt.s                       0x00000000   Number         0  rt_raise.o ABSOLUTE
    ../clib/angel/scatter.s                  0x00000000   Number         0  __scatter.o ABSOLUTE
    ../clib/angel/startup.s                  0x00000000   Number         0  __main.o ABSOLUTE
    ../clib/angel/sys.s                      0x00000000   Number         0  libspace.o ABSOLUTE
    ../clib/angel/sys.s                      0x00000000   Number         0  use_no_semi.o ABSOLUTE
    ../clib/angel/sys.s                      0x00000000   Number         0  indicate_semi.o ABSOLUTE
    ../clib/angel/sys.s                      0x00000000   Number         0  sys_stackheap_outer.o ABSOLUTE
    ../clib/angel/sysapp.c                   0x00000000   Number         0  sys_exit.o ABSOLUTE
    ../clib/angel/sysapp.c                   0x00000000   Number         0  sys_command.o ABSOLUTE
    ../clib/angel/sysapp.c                   0x00000000   Number         0  sys_wrch.o ABSOLUTE
    ../clib/armsys.c                         0x00000000   Number         0  argv_veneer.o ABSOLUTE
    ../clib/armsys.c                         0x00000000   Number         0  argv_veneer.o ABSOLUTE
    ../clib/armsys.c                         0x00000000   Number         0  _get_argv_nomalloc.o ABSOLUTE
    ../clib/armsys.c                         0x00000000   Number         0  no_argv.o ABSOLUTE
    ../clib/heapalloc.c                      0x00000000   Number         0  hrguard.o ABSOLUTE
    ../clib/heapaux.c                        0x00000000   Number         0  heapauxi.o ABSOLUTE
    ../clib/libinit.s                        0x00000000   Number         0  libinit2.o ABSOLUTE
    ../clib/libinit.s                        0x00000000   Number         0  libinit.o ABSOLUTE
    ../clib/libinit.s                        0x00000000   Number         0  libshutdown.o ABSOLUTE
    ../clib/libinit.s                        0x00000000   Number         0  libshutdown2.o ABSOLUTE
    ../clib/memcpset.s                       0x00000000   Number         0  rt_memclr.o ABSOLUTE
    ../clib/memcpset.s                       0x00000000   Number         0  rt_memclr_w.o ABSOLUTE
    ../clib/memcpset.s                       0x00000000   Number         0  memset.o ABSOLUTE
    ../clib/memcpset.s                       0x00000000   Number         0  rt_memcpy_v6.o ABSOLUTE
    ../clib/memcpset.s                       0x00000000   Number         0  rt_memcpy_w.o ABSOLUTE
    ../clib/signal.c                         0x00000000   Number         0  defsig_exit.o ABSOLUTE
    ../clib/signal.c                         0x00000000   Number         0  defsig_rtmem_outer.o ABSOLUTE
    ../clib/signal.c                         0x00000000   Number         0  defsig_other.o ABSOLUTE
    ../clib/signal.c                         0x00000000   Number         0  defsig_segv_inner.o ABSOLUTE
    ../clib/signal.c                         0x00000000   Number         0  defsig_cppl_inner.o ABSOLUTE
    ../clib/signal.c                         0x00000000   Number         0  defsig_pvfn_inner.o ABSOLUTE
    ../clib/signal.c                         0x00000000   Number         0  defsig_stak_inner.o ABSOLUTE
    ../clib/signal.c                         0x00000000   Number         0  defsig_rtred_inner.o ABSOLUTE
    ../clib/signal.c                         0x00000000   Number         0  defsig_fpe_inner.o ABSOLUTE
    ../clib/signal.c                         0x00000000   Number         0  defsig_abrt_inner.o ABSOLUTE
    ../clib/signal.c                         0x00000000   Number         0  defsig_rtmem_formal.o ABSOLUTE
    ../clib/signal.c                         0x00000000   Number         0  defsig_general.o ABSOLUTE
    ../clib/signal.c                         0x00000000   Number         0  __raise.o ABSOLUTE
    ../clib/signal.c                         0x00000000   Number         0  defsig_rtmem_inner.o ABSOLUTE
    ../clib/signal.s                         0x00000000   Number         0  defsig.o ABSOLUTE
    ../clib/stdlib.c                         0x00000000   Number         0  exit.o ABSOLUTE
    ../fplib/fpinit.s                        0x00000000   Number         0  fpinit.o ABSOLUTE
    ..\..\..\libraries\cmsis\cm4\device_support\startup\mdk\startup_at32f403a_407.s 0x00000000   Number         0  startup_at32f403a_407.o ABSOLUTE
    ..\..\..\libraries\cmsis\cm4\device_support\system_at32f403a_407.c 0x00000000   Number         0  system_at32f403a_407.o ABSOLUTE
    ..\..\..\libraries\drivers\src\at32f403a_407_acc.c 0x00000000   Number         0  at32f403a_407_acc.o ABSOLUTE
    ..\..\..\libraries\drivers\src\at32f403a_407_adc.c 0x00000000   Number         0  at32f403a_407_adc.o ABSOLUTE
    ..\..\..\libraries\drivers\src\at32f403a_407_bpr.c 0x00000000   Number         0  at32f403a_407_bpr.o ABSOLUTE
    ..\..\..\libraries\drivers\src\at32f403a_407_can.c 0x00000000   Number         0  at32f403a_407_can.o ABSOLUTE
    ..\..\..\libraries\drivers\src\at32f403a_407_crc.c 0x00000000   Number         0  at32f403a_407_crc.o ABSOLUTE
    ..\..\..\libraries\drivers\src\at32f403a_407_crm.c 0x00000000   Number         0  at32f403a_407_crm.o ABSOLUTE
    ..\..\..\libraries\drivers\src\at32f403a_407_dac.c 0x00000000   Number         0  at32f403a_407_dac.o ABSOLUTE
    ..\..\..\libraries\drivers\src\at32f403a_407_debug.c 0x00000000   Number         0  at32f403a_407_debug.o ABSOLUTE
    ..\..\..\libraries\drivers\src\at32f403a_407_dma.c 0x00000000   Number         0  at32f403a_407_dma.o ABSOLUTE
    ..\..\..\libraries\drivers\src\at32f403a_407_emac.c 0x00000000   Number         0  at32f403a_407_emac.o ABSOLUTE
    ..\..\..\libraries\drivers\src\at32f403a_407_exint.c 0x00000000   Number         0  at32f403a_407_exint.o ABSOLUTE
    ..\..\..\libraries\drivers\src\at32f403a_407_flash.c 0x00000000   Number         0  at32f403a_407_flash.o ABSOLUTE
    ..\..\..\libraries\drivers\src\at32f403a_407_gpio.c 0x00000000   Number         0  at32f403a_407_gpio.o ABSOLUTE
    ..\..\..\libraries\drivers\src\at32f403a_407_i2c.c 0x00000000   Number         0  at32f403a_407_i2c.o ABSOLUTE
    ..\..\..\libraries\drivers\src\at32f403a_407_misc.c 0x00000000   Number         0  at32f403a_407_misc.o ABSOLUTE
    ..\..\..\libraries\drivers\src\at32f403a_407_pwc.c 0x00000000   Number         0  at32f403a_407_pwc.o ABSOLUTE
    ..\..\..\libraries\drivers\src\at32f403a_407_rtc.c 0x00000000   Number         0  at32f403a_407_rtc.o ABSOLUTE
    ..\..\..\libraries\drivers\src\at32f403a_407_sdio.c 0x00000000   Number         0  at32f403a_407_sdio.o ABSOLUTE
    ..\..\..\libraries\drivers\src\at32f403a_407_spi.c 0x00000000   Number         0  at32f403a_407_spi.o ABSOLUTE
    ..\..\..\libraries\drivers\src\at32f403a_407_tmr.c 0x00000000   Number         0  at32f403a_407_tmr.o ABSOLUTE
    ..\..\..\libraries\drivers\src\at32f403a_407_usart.c 0x00000000   Number         0  at32f403a_407_usart.o ABSOLUTE
    ..\..\..\libraries\drivers\src\at32f403a_407_usb.c 0x00000000   Number         0  at32f403a_407_usb.o ABSOLUTE
    ..\..\..\libraries\drivers\src\at32f403a_407_wdt.c 0x00000000   Number         0  at32f403a_407_wdt.o ABSOLUTE
    ..\..\..\libraries\drivers\src\at32f403a_407_wwdt.c 0x00000000   Number         0  at32f403a_407_wwdt.o ABSOLUTE
    ..\..\..\libraries\drivers\src\at32f403a_407_xmc.c 0x00000000   Number         0  at32f403a_407_xmc.o ABSOLUTE
    ..\..\..\middlewares\freertos\source\croutine.c 0x00000000   Number         0  croutine.o ABSOLUTE
    ..\..\..\middlewares\freertos\source\event_groups.c 0x00000000   Number         0  event_groups.o ABSOLUTE
    ..\..\..\middlewares\freertos\source\list.c 0x00000000   Number         0  list.o ABSOLUTE
    ..\..\..\middlewares\freertos\source\portable\memmang\heap_4.c 0x00000000   Number         0  heap_4.o ABSOLUTE
    ..\..\..\middlewares\freertos\source\queue.c 0x00000000   Number         0  queue.o ABSOLUTE
    ..\..\..\middlewares\freertos\source\stream_buffer.c 0x00000000   Number         0  stream_buffer.o ABSOLUTE
    ..\..\..\middlewares\freertos\source\tasks.c 0x00000000   Number         0  tasks.o ABSOLUTE
    ..\..\..\middlewares\freertos\source\timers.c 0x00000000   Number         0  timers.o ABSOLUTE
    ..\..\..\user_libraries\src\delay.c      0x00000000   Number         0  delay.o ABSOLUTE
    ..\..\..\user_libraries\src\usart.c      0x00000000   Number         0  usart.o ABSOLUTE
    ..\..\..\user_libraries\src\user_gpio.c  0x00000000   Number         0  user_gpio.o ABSOLUTE
    ..\..\..\user_libraries\src\user_timer.c 0x00000000   Number         0  user_timer.o ABSOLUTE
    ..\\..\\..\\libraries\\cmsis\\cm4\\device_support\\system_at32f403a_407.c 0x00000000   Number         0  system_at32f403a_407.o ABSOLUTE
    ..\\..\\..\\libraries\\drivers\\src\\at32f403a_407_acc.c 0x00000000   Number         0  at32f403a_407_acc.o ABSOLUTE
    ..\\..\\..\\libraries\\drivers\\src\\at32f403a_407_adc.c 0x00000000   Number         0  at32f403a_407_adc.o ABSOLUTE
    ..\\..\\..\\libraries\\drivers\\src\\at32f403a_407_bpr.c 0x00000000   Number         0  at32f403a_407_bpr.o ABSOLUTE
    ..\\..\\..\\libraries\\drivers\\src\\at32f403a_407_can.c 0x00000000   Number         0  at32f403a_407_can.o ABSOLUTE
    ..\\..\\..\\libraries\\drivers\\src\\at32f403a_407_crc.c 0x00000000   Number         0  at32f403a_407_crc.o ABSOLUTE
    ..\\..\\..\\libraries\\drivers\\src\\at32f403a_407_crm.c 0x00000000   Number         0  at32f403a_407_crm.o ABSOLUTE
    ..\\..\\..\\libraries\\drivers\\src\\at32f403a_407_dac.c 0x00000000   Number         0  at32f403a_407_dac.o ABSOLUTE
    ..\\..\\..\\libraries\\drivers\\src\\at32f403a_407_debug.c 0x00000000   Number         0  at32f403a_407_debug.o ABSOLUTE
    ..\\..\\..\\libraries\\drivers\\src\\at32f403a_407_dma.c 0x00000000   Number         0  at32f403a_407_dma.o ABSOLUTE
    ..\\..\\..\\libraries\\drivers\\src\\at32f403a_407_emac.c 0x00000000   Number         0  at32f403a_407_emac.o ABSOLUTE
    ..\\..\\..\\libraries\\drivers\\src\\at32f403a_407_exint.c 0x00000000   Number         0  at32f403a_407_exint.o ABSOLUTE
    ..\\..\\..\\libraries\\drivers\\src\\at32f403a_407_flash.c 0x00000000   Number         0  at32f403a_407_flash.o ABSOLUTE
    ..\\..\\..\\libraries\\drivers\\src\\at32f403a_407_gpio.c 0x00000000   Number         0  at32f403a_407_gpio.o ABSOLUTE
    ..\\..\\..\\libraries\\drivers\\src\\at32f403a_407_i2c.c 0x00000000   Number         0  at32f403a_407_i2c.o ABSOLUTE
    ..\\..\\..\\libraries\\drivers\\src\\at32f403a_407_misc.c 0x00000000   Number         0  at32f403a_407_misc.o ABSOLUTE
    ..\\..\\..\\libraries\\drivers\\src\\at32f403a_407_pwc.c 0x00000000   Number         0  at32f403a_407_pwc.o ABSOLUTE
    ..\\..\\..\\libraries\\drivers\\src\\at32f403a_407_rtc.c 0x00000000   Number         0  at32f403a_407_rtc.o ABSOLUTE
    ..\\..\\..\\libraries\\drivers\\src\\at32f403a_407_sdio.c 0x00000000   Number         0  at32f403a_407_sdio.o ABSOLUTE
    ..\\..\\..\\libraries\\drivers\\src\\at32f403a_407_spi.c 0x00000000   Number         0  at32f403a_407_spi.o ABSOLUTE
    ..\\..\\..\\libraries\\drivers\\src\\at32f403a_407_tmr.c 0x00000000   Number         0  at32f403a_407_tmr.o ABSOLUTE
    ..\\..\\..\\libraries\\drivers\\src\\at32f403a_407_usart.c 0x00000000   Number         0  at32f403a_407_usart.o ABSOLUTE
    ..\\..\\..\\libraries\\drivers\\src\\at32f403a_407_usb.c 0x00000000   Number         0  at32f403a_407_usb.o ABSOLUTE
    ..\\..\\..\\libraries\\drivers\\src\\at32f403a_407_wdt.c 0x00000000   Number         0  at32f403a_407_wdt.o ABSOLUTE
    ..\\..\\..\\libraries\\drivers\\src\\at32f403a_407_wwdt.c 0x00000000   Number         0  at32f403a_407_wwdt.o ABSOLUTE
    ..\\..\\..\\libraries\\drivers\\src\\at32f403a_407_xmc.c 0x00000000   Number         0  at32f403a_407_xmc.o ABSOLUTE
    ..\\..\\..\\user_libraries\\src\\delay.c 0x00000000   Number         0  delay.o ABSOLUTE
    ..\\..\\..\\user_libraries\\src\\usart.c 0x00000000   Number         0  usart.o ABSOLUTE
    ..\\..\\..\\user_libraries\\src\\user_gpio.c 0x00000000   Number         0  user_gpio.o ABSOLUTE
    ..\\..\\..\\user_libraries\\src\\user_timer.c 0x00000000   Number         0  user_timer.o ABSOLUTE
    ..\\src\\at32f403a_407_clock.c           0x00000000   Number         0  at32f403a_407_clock.o ABSOLUTE
    ..\\src\\at32f403a_407_int.c             0x00000000   Number         0  at32f403a_407_int.o ABSOLUTE
    ..\\src\\include_port.c                  0x00000000   Number         0  include_port.o ABSOLUTE
    ..\\src\\main.c                          0x00000000   Number         0  main.o ABSOLUTE
    ..\src\at32f403a_407_clock.c             0x00000000   Number         0  at32f403a_407_clock.o ABSOLUTE
    ..\src\at32f403a_407_int.c               0x00000000   Number         0  at32f403a_407_int.o ABSOLUTE
    ..\src\include_port.c                    0x00000000   Number         0  include_port.o ABSOLUTE
    ..\src\main.c                            0x00000000   Number         0  main.o ABSOLUTE
    dc.s                                     0x00000000   Number         0  dc.o ABSOLUTE
    RESET                                    0x08000000   Section      388  startup_at32f403a_407.o(RESET)
    !!!main                                  0x08000184   Section        8  __main.o(!!!main)
    !!!scatter                               0x0800018c   Section       52  __scatter.o(!!!scatter)
    !!handler_copy                           0x080001c0   Section       26  __scatter_copy.o(!!handler_copy)
    !!handler_zi                             0x080001dc   Section       28  __scatter_zi.o(!!handler_zi)
    .ARM.Collect$$libinit$$00000000          0x080001f8   Section        2  libinit.o(.ARM.Collect$$libinit$$00000000)
    .ARM.Collect$$libinit$$00000001          0x080001fa   Section        4  libinit2.o(.ARM.Collect$$libinit$$00000001)
    .ARM.Collect$$libinit$$00000004          0x080001fe   Section        0  libinit2.o(.ARM.Collect$$libinit$$00000004)
    .ARM.Collect$$libinit$$0000000A          0x080001fe   Section        0  libinit2.o(.ARM.Collect$$libinit$$0000000A)
    .ARM.Collect$$libinit$$0000000C          0x080001fe   Section        0  libinit2.o(.ARM.Collect$$libinit$$0000000C)
    .ARM.Collect$$libinit$$0000000E          0x080001fe   Section        0  libinit2.o(.ARM.Collect$$libinit$$0000000E)
    .ARM.Collect$$libinit$$00000011          0x080001fe   Section        0  libinit2.o(.ARM.Collect$$libinit$$00000011)
    .ARM.Collect$$libinit$$00000013          0x080001fe   Section        0  libinit2.o(.ARM.Collect$$libinit$$00000013)
    .ARM.Collect$$libinit$$00000015          0x080001fe   Section        0  libinit2.o(.ARM.Collect$$libinit$$00000015)
    .ARM.Collect$$libinit$$00000017          0x080001fe   Section        0  libinit2.o(.ARM.Collect$$libinit$$00000017)
    .ARM.Collect$$libinit$$00000019          0x080001fe   Section        0  libinit2.o(.ARM.Collect$$libinit$$00000019)
    .ARM.Collect$$libinit$$0000001B          0x080001fe   Section        0  libinit2.o(.ARM.Collect$$libinit$$0000001B)
    .ARM.Collect$$libinit$$0000001D          0x080001fe   Section        0  libinit2.o(.ARM.Collect$$libinit$$0000001D)
    .ARM.Collect$$libinit$$0000001F          0x080001fe   Section        0  libinit2.o(.ARM.Collect$$libinit$$0000001F)
    .ARM.Collect$$libinit$$00000021          0x080001fe   Section        0  libinit2.o(.ARM.Collect$$libinit$$00000021)
    .ARM.Collect$$libinit$$00000023          0x080001fe   Section        0  libinit2.o(.ARM.Collect$$libinit$$00000023)
    .ARM.Collect$$libinit$$00000025          0x080001fe   Section        0  libinit2.o(.ARM.Collect$$libinit$$00000025)
    .ARM.Collect$$libinit$$0000002C          0x080001fe   Section        0  libinit2.o(.ARM.Collect$$libinit$$0000002C)
    .ARM.Collect$$libinit$$0000002E          0x080001fe   Section        0  libinit2.o(.ARM.Collect$$libinit$$0000002E)
    .ARM.Collect$$libinit$$00000030          0x080001fe   Section        0  libinit2.o(.ARM.Collect$$libinit$$00000030)
    .ARM.Collect$$libinit$$00000032          0x080001fe   Section        0  libinit2.o(.ARM.Collect$$libinit$$00000032)
    .ARM.Collect$$libinit$$00000033          0x080001fe   Section        2  libinit2.o(.ARM.Collect$$libinit$$00000033)
    .ARM.Collect$$libshutdown$$00000000      0x08000200   Section        2  libshutdown.o(.ARM.Collect$$libshutdown$$00000000)
    .ARM.Collect$$libshutdown$$00000002      0x08000202   Section        0  libshutdown2.o(.ARM.Collect$$libshutdown$$00000002)
    .ARM.Collect$$libshutdown$$00000004      0x08000202   Section        0  libshutdown2.o(.ARM.Collect$$libshutdown$$00000004)
    .ARM.Collect$$libshutdown$$00000006      0x08000202   Section        0  libshutdown2.o(.ARM.Collect$$libshutdown$$00000006)
    .ARM.Collect$$libshutdown$$00000009      0x08000202   Section        0  libshutdown2.o(.ARM.Collect$$libshutdown$$00000009)
    .ARM.Collect$$libshutdown$$0000000C      0x08000202   Section        0  libshutdown2.o(.ARM.Collect$$libshutdown$$0000000C)
    .ARM.Collect$$libshutdown$$0000000E      0x08000202   Section        0  libshutdown2.o(.ARM.Collect$$libshutdown$$0000000E)
    .ARM.Collect$$libshutdown$$00000011      0x08000202   Section        0  libshutdown2.o(.ARM.Collect$$libshutdown$$00000011)
    .ARM.Collect$$libshutdown$$00000012      0x08000202   Section        2  libshutdown2.o(.ARM.Collect$$libshutdown$$00000012)
    .ARM.Collect$$rtentry$$00000000          0x08000204   Section        0  __rtentry.o(.ARM.Collect$$rtentry$$00000000)
    .ARM.Collect$$rtentry$$00000002          0x08000204   Section        0  __rtentry2.o(.ARM.Collect$$rtentry$$00000002)
    .ARM.Collect$$rtentry$$00000004          0x08000204   Section        6  __rtentry4.o(.ARM.Collect$$rtentry$$00000004)
    .ARM.Collect$$rtentry$$00000009          0x0800020a   Section        0  __rtentry2.o(.ARM.Collect$$rtentry$$00000009)
    .ARM.Collect$$rtentry$$0000000A          0x0800020a   Section        4  __rtentry2.o(.ARM.Collect$$rtentry$$0000000A)
    .ARM.Collect$$rtentry$$0000000C          0x0800020e   Section        0  __rtentry2.o(.ARM.Collect$$rtentry$$0000000C)
    .ARM.Collect$$rtentry$$0000000D          0x0800020e   Section        8  __rtentry2.o(.ARM.Collect$$rtentry$$0000000D)
    .ARM.Collect$$rtexit$$00000000           0x08000216   Section        2  rtexit.o(.ARM.Collect$$rtexit$$00000000)
    .ARM.Collect$$rtexit$$00000002           0x08000218   Section        0  rtexit2.o(.ARM.Collect$$rtexit$$00000002)
    .ARM.Collect$$rtexit$$00000003           0x08000218   Section        4  rtexit2.o(.ARM.Collect$$rtexit$$00000003)
    .ARM.Collect$$rtexit$$00000004           0x0800021c   Section        6  rtexit2.o(.ARM.Collect$$rtexit$$00000004)
    .emb_text                                0x08000224   Section      190  include_port.o(.emb_text)
    $v0                                      0x08000224   Number         0  include_port.o(.emb_text)
    .text                                    0x080002e4   Section       64  startup_at32f403a_407.o(.text)
    $v0                                      0x080002e4   Number         0  startup_at32f403a_407.o(.text)
    .text                                    0x08000324   Section        0  heapauxi.o(.text)
    .text                                    0x0800032a   Section       74  sys_stackheap_outer.o(.text)
    .text                                    0x08000374   Section        0  exit.o(.text)
    .text                                    0x08000388   Section        8  libspace.o(.text)
    .text                                    0x08000390   Section        0  sys_exit.o(.text)
    .text                                    0x0800039c   Section        2  use_no_semi.o(.text)
    .text                                    0x0800039e   Section        0  indicate_semi.o(.text)
    i.BusFault_Handler                       0x0800039e   Section        0  at32f403a_407_int.o(i.BusFault_Handler)
    i.DebugMon_Handler                       0x080003a2   Section        0  at32f403a_407_int.o(i.DebugMon_Handler)
    i.HardFault_Handler                      0x080003a4   Section        0  at32f403a_407_int.o(i.HardFault_Handler)
    i.MemManage_Handler                      0x080003a8   Section        0  at32f403a_407_int.o(i.MemManage_Handler)
    i.NMI_Handler                            0x080003ac   Section        0  at32f403a_407_int.o(i.NMI_Handler)
    i.SysTick_Handler                        0x080003b0   Section        0  include_port.o(i.SysTick_Handler)
    i.SystemInit                             0x080003e4   Section        0  system_at32f403a_407.o(i.SystemInit)
    i.UsageFault_Handler                     0x08000454   Section        0  at32f403a_407_int.o(i.UsageFault_Handler)
    i.crm_ahb_div_set                        0x08000458   Section        0  at32f403a_407_crm.o(i.crm_ahb_div_set)
    i.crm_apb1_div_set                       0x0800046c   Section        0  at32f403a_407_crm.o(i.crm_apb1_div_set)
    i.crm_apb2_div_set                       0x08000480   Section        0  at32f403a_407_crm.o(i.crm_apb2_div_set)
    i.crm_auto_step_mode_enable              0x08000494   Section        0  at32f403a_407_crm.o(i.crm_auto_step_mode_enable)
    i.crm_clock_source_enable                0x080004bc   Section        0  at32f403a_407_crm.o(i.crm_clock_source_enable)
    i.crm_flag_get                           0x0800051c   Section        0  at32f403a_407_crm.o(i.crm_flag_get)
    i.crm_hext_clock_div_set                 0x0800054c   Section        0  at32f403a_407_crm.o(i.crm_hext_clock_div_set)
    i.crm_hext_stable_wait                   0x08000560   Section        0  at32f403a_407_crm.o(i.crm_hext_stable_wait)
    i.crm_pll_config                         0x08000590   Section        0  at32f403a_407_crm.o(i.crm_pll_config)
    i.crm_reset                              0x0800060c   Section        0  at32f403a_407_crm.o(i.crm_reset)
    i.crm_sysclk_switch                      0x08000664   Section        0  at32f403a_407_crm.o(i.crm_sysclk_switch)
    i.crm_sysclk_switch_status_get           0x080006a0   Section        0  at32f403a_407_crm.o(i.crm_sysclk_switch_status_get)
    i.led2_task_function                     0x080006b0   Section        0  main.o(i.led2_task_function)
    i.led3_task_function                     0x080006bc   Section        0  main.o(i.led3_task_function)
    i.main                                   0x080006c8   Section        0  main.o(i.main)
    i.nvic_priority_group_config             0x08000730   Section        0  at32f403a_407_misc.o(i.nvic_priority_group_config)
    i.prvAddCurrentTaskToDelayedList         0x08000758   Section        0  tasks.o(i.prvAddCurrentTaskToDelayedList)
    prvAddCurrentTaskToDelayedList           0x08000759   Thumb Code   124  tasks.o(i.prvAddCurrentTaskToDelayedList)
    i.prvAddNewTaskToReadyList               0x080007f0   Section        0  tasks.o(i.prvAddNewTaskToReadyList)
    prvAddNewTaskToReadyList                 0x080007f1   Thumb Code   150  tasks.o(i.prvAddNewTaskToReadyList)
    i.prvCheckTasksWaitingTermination        0x080008a4   Section        0  tasks.o(i.prvCheckTasksWaitingTermination)
    prvCheckTasksWaitingTermination          0x080008a5   Thumb Code    60  tasks.o(i.prvCheckTasksWaitingTermination)
    i.prvDeleteTCB                           0x080008ec   Section        0  tasks.o(i.prvDeleteTCB)
    prvDeleteTCB                             0x080008ed   Thumb Code    18  tasks.o(i.prvDeleteTCB)
    i.prvHeapInit                            0x08000900   Section        0  heap_4.o(i.prvHeapInit)
    prvHeapInit                              0x08000901   Thumb Code    98  heap_4.o(i.prvHeapInit)
    i.prvIdleTask                            0x0800097c   Section        0  tasks.o(i.prvIdleTask)
    prvIdleTask                              0x0800097d   Thumb Code    32  tasks.o(i.prvIdleTask)
    i.prvInitialiseNewTask                   0x080009a4   Section        0  tasks.o(i.prvInitialiseNewTask)
    prvInitialiseNewTask                     0x080009a5   Thumb Code   174  tasks.o(i.prvInitialiseNewTask)
    i.prvInitialiseTaskLists                 0x08000a54   Section        0  tasks.o(i.prvInitialiseTaskLists)
    prvInitialiseTaskLists                   0x08000a55   Thumb Code    70  tasks.o(i.prvInitialiseTaskLists)
    i.prvInsertBlockIntoFreeList             0x08000abc   Section        0  heap_4.o(i.prvInsertBlockIntoFreeList)
    prvInsertBlockIntoFreeList               0x08000abd   Thumb Code    96  heap_4.o(i.prvInsertBlockIntoFreeList)
    i.prvResetNextTaskUnblockTime            0x08000b24   Section        0  tasks.o(i.prvResetNextTaskUnblockTime)
    prvResetNextTaskUnblockTime              0x08000b25   Thumb Code    40  tasks.o(i.prvResetNextTaskUnblockTime)
    i.prvTaskExitError                       0x08000b54   Section        0  include_port.o(i.prvTaskExitError)
    prvTaskExitError                         0x08000b55   Thumb Code    60  include_port.o(i.prvTaskExitError)
    i.pvPortMalloc                           0x08000b94   Section        0  heap_4.o(i.pvPortMalloc)
    i.pxPortInitialiseStack                  0x08000d00   Section        0  include_port.o(i.pxPortInitialiseStack)
    i.system_clock_config                    0x08000d2c   Section        0  at32f403a_407_clock.o(i.system_clock_config)
    i.system_core_clock_update               0x08000d9c   Section        0  system_at32f403a_407.o(i.system_core_clock_update)
    i.uxListRemove                           0x08000e94   Section        0  list.o(i.uxListRemove)
    i.vListInitialise                        0x08000ebc   Section        0  list.o(i.vListInitialise)
    i.vListInitialiseItem                    0x08000ed6   Section        0  list.o(i.vListInitialiseItem)
    i.vListInsert                            0x08000edc   Section        0  list.o(i.vListInsert)
    i.vListInsertEnd                         0x08000f10   Section        0  list.o(i.vListInsertEnd)
    i.vPortEnterCritical                     0x08000f28   Section        0  include_port.o(i.vPortEnterCritical)
    i.vPortExitCritical                      0x08000f7c   Section        0  include_port.o(i.vPortExitCritical)
    i.vPortFree                              0x08000fb8   Section        0  heap_4.o(i.vPortFree)
    i.vPortSetupTimerInterrupt               0x0800105c   Section        0  include_port.o(i.vPortSetupTimerInterrupt)
    i.vTaskDelay                             0x08001084   Section        0  tasks.o(i.vTaskDelay)
    i.vTaskStartScheduler                    0x080010e0   Section        0  tasks.o(i.vTaskStartScheduler)
    i.vTaskSuspendAll                        0x08001170   Section        0  tasks.o(i.vTaskSuspendAll)
    i.vTaskSwitchContext                     0x08001180   Section        0  tasks.o(i.vTaskSwitchContext)
    i.xPortStartScheduler                    0x0800120c   Section        0  include_port.o(i.xPortStartScheduler)
    i.xTaskCreate                            0x08001374   Section        0  tasks.o(i.xTaskCreate)
    i.xTaskIncrementTick                     0x080013d4   Section        0  tasks.o(i.xTaskIncrementTick)
    i.xTaskResumeAll                         0x0800151c   Section        0  tasks.o(i.xTaskResumeAll)
    x$fpl$fpinit                             0x08001620   Section       10  fpinit.o(x$fpl$fpinit)
    $v0                                      0x08001620   Number         0  fpinit.o(x$fpl$fpinit)
    .constdata                               0x0800162a   Section       16  system_at32f403a_407.o(.constdata)
    sys_ahb_div_table                        0x0800162a   Data          16  system_at32f403a_407.o(.constdata)
    .data                                    0x20000000   Section        8  main.o(.data)
    .data                                    0x20000008   Section       12  include_port.o(.data)
    uxCriticalNesting                        0x20000008   Data           4  include_port.o(.data)
    ucMaxSysCallPriority                     0x2000000c   Data           1  include_port.o(.data)
    ulMaxPRIGROUPValue                       0x20000010   Data           4  include_port.o(.data)
    .data                                    0x20000014   Section        4  system_at32f403a_407.o(.data)
    .data                                    0x20000018   Section       64  tasks.o(.data)
    pxDelayedTaskList                        0x2000001c   Data           4  tasks.o(.data)
    pxOverflowDelayedTaskList                0x20000020   Data           4  tasks.o(.data)
    uxDeletedTasksWaitingCleanUp             0x20000024   Data           4  tasks.o(.data)
    uxCurrentNumberOfTasks                   0x20000028   Data           4  tasks.o(.data)
    xTickCount                               0x2000002c   Data           4  tasks.o(.data)
    uxTopReadyPriority                       0x20000030   Data           4  tasks.o(.data)
    xSchedulerRunning                        0x20000034   Data           4  tasks.o(.data)
    xPendedTicks                             0x20000038   Data           4  tasks.o(.data)
    xYieldPending                            0x2000003c   Data           4  tasks.o(.data)
    xNumOfOverflows                          0x20000040   Data           4  tasks.o(.data)
    uxTaskNumber                             0x20000044   Data           4  tasks.o(.data)
    xNextTaskUnblockTime                     0x20000048   Data           4  tasks.o(.data)
    xIdleTaskHandle                          0x2000004c   Data           4  tasks.o(.data)
    uxSchedulerSuspended                     0x20000054   Data           4  tasks.o(.data)
    .data                                    0x20000058   Section       32  heap_4.o(.data)
    xStart                                   0x20000058   Data           8  heap_4.o(.data)
    pxEnd                                    0x20000060   Data           4  heap_4.o(.data)
    xFreeBytesRemaining                      0x20000064   Data           4  heap_4.o(.data)
    xMinimumEverFreeBytesRemaining           0x20000068   Data           4  heap_4.o(.data)
    xNumberOfSuccessfulAllocations           0x2000006c   Data           4  heap_4.o(.data)
    xNumberOfSuccessfulFrees                 0x20000070   Data           4  heap_4.o(.data)
    xBlockAllocatedBit                       0x20000074   Data           4  heap_4.o(.data)
    .bss                                     0x20000078   Section      200  tasks.o(.bss)
    pxReadyTasksLists                        0x20000078   Data         100  tasks.o(.bss)
    xDelayedTaskList1                        0x200000dc   Data          20  tasks.o(.bss)
    xDelayedTaskList2                        0x200000f0   Data          20  tasks.o(.bss)
    xPendingReadyList                        0x20000104   Data          20  tasks.o(.bss)
    xTasksWaitingTermination                 0x20000118   Data          20  tasks.o(.bss)
    xSuspendedTaskList                       0x2000012c   Data          20  tasks.o(.bss)
    .bss                                     0x20000140   Section     8192  heap_4.o(.bss)
    ucHeap                                   0x20000140   Data        8192  heap_4.o(.bss)
    .bss                                     0x20002140   Section       96  libspace.o(.bss)
    HEAP                                     0x200021a0   Section      512  startup_at32f403a_407.o(HEAP)
    Heap_Mem                                 0x200021a0   Data         512  startup_at32f403a_407.o(HEAP)
    STACK                                    0x200023a0   Section     1024  startup_at32f403a_407.o(STACK)
    Stack_Mem                                0x200023a0   Data        1024  startup_at32f403a_407.o(STACK)
    __initial_sp                             0x200027a0   Data           0  startup_at32f403a_407.o(STACK)

    Global Symbols

    Symbol Name                              Value     Ov Type        Size  Object(Section)

    BuildAttributes$$THM_ISAv4$E$P$D$K$B$S$7EM$VFPi3$EXTD16$VFPS$VFMA$PE$A:L22UL41UL21$X:L11$S22US41US21$IEEE1$IW$USESV6$~STKCKD$USESV7$~SHL$OSPACE$ROPI$EBA8$UX$STANDARDLIB$REQ8$PRES8$EABIv2 0x00000000   Number         0  anon$$obj.o ABSOLUTE
    __ARM_use_no_argv                        0x00000000   Number         0  main.o ABSOLUTE
    __ARM_exceptions_init                     - Undefined Weak Reference
    __alloca_initialize                       - Undefined Weak Reference
    __arm_fini_                               - Undefined Weak Reference
    __arm_preinit_                            - Undefined Weak Reference
    __cpp_initialize__aeabi_                  - Undefined Weak Reference
    __cxa_finalize                            - Undefined Weak Reference
    __rt_locale                               - Undefined Weak Reference
    __sigvec_lookup                           - Undefined Weak Reference
    _atexit_init                              - Undefined Weak Reference
    _call_atexit_fns                          - Undefined Weak Reference
    _clock_init                               - Undefined Weak Reference
    _fp_trap_init                             - Undefined Weak Reference
    _fp_trap_shutdown                         - Undefined Weak Reference
    _get_lc_collate                           - Undefined Weak Reference
    _get_lc_ctype                             - Undefined Weak Reference
    _get_lc_monetary                          - Undefined Weak Reference
    _get_lc_numeric                           - Undefined Weak Reference
    _get_lc_time                              - Undefined Weak Reference
    _getenv_init                              - Undefined Weak Reference
    _handle_redirection                       - Undefined Weak Reference
    _init_alloc                               - Undefined Weak Reference
    _init_user_alloc                          - Undefined Weak Reference
    _initio                                   - Undefined Weak Reference
    _rand_init                                - Undefined Weak Reference
    _signal_finish                            - Undefined Weak Reference
    _signal_init                              - Undefined Weak Reference
    _terminate_alloc                          - Undefined Weak Reference
    _terminate_user_alloc                     - Undefined Weak Reference
    _terminateio                              - Undefined Weak Reference
    __Vectors_Size                           0x00000184   Number         0  startup_at32f403a_407.o ABSOLUTE
    __Vectors                                0x08000000   Data           4  startup_at32f403a_407.o(RESET)
    __Vectors_End                            0x08000184   Data           0  startup_at32f403a_407.o(RESET)
    __main                                   0x08000185   Thumb Code     8  __main.o(!!!main)
    __scatterload                            0x0800018d   Thumb Code     0  __scatter.o(!!!scatter)
    __scatterload_rt2                        0x0800018d   Thumb Code    44  __scatter.o(!!!scatter)
    __scatterload_rt2_thumb_only             0x0800018d   Thumb Code     0  __scatter.o(!!!scatter)
    __scatterload_null                       0x0800019b   Thumb Code     0  __scatter.o(!!!scatter)
    __scatterload_copy                       0x080001c1   Thumb Code    26  __scatter_copy.o(!!handler_copy)
    __scatterload_zeroinit                   0x080001dd   Thumb Code    28  __scatter_zi.o(!!handler_zi)
    __rt_lib_init                            0x080001f9   Thumb Code     0  libinit.o(.ARM.Collect$$libinit$$00000000)
    __rt_lib_init_fp_1                       0x080001fb   Thumb Code     0  libinit2.o(.ARM.Collect$$libinit$$00000001)
    __rt_lib_init_alloca_1                   0x080001ff   Thumb Code     0  libinit2.o(.ARM.Collect$$libinit$$0000002E)
    __rt_lib_init_argv_1                     0x080001ff   Thumb Code     0  libinit2.o(.ARM.Collect$$libinit$$0000002C)
    __rt_lib_init_atexit_1                   0x080001ff   Thumb Code     0  libinit2.o(.ARM.Collect$$libinit$$0000001B)
    __rt_lib_init_clock_1                    0x080001ff   Thumb Code     0  libinit2.o(.ARM.Collect$$libinit$$00000021)
    __rt_lib_init_cpp_1                      0x080001ff   Thumb Code     0  libinit2.o(.ARM.Collect$$libinit$$00000032)
    __rt_lib_init_exceptions_1               0x080001ff   Thumb Code     0  libinit2.o(.ARM.Collect$$libinit$$00000030)
    __rt_lib_init_fp_trap_1                  0x080001ff   Thumb Code     0  libinit2.o(.ARM.Collect$$libinit$$0000001F)
    __rt_lib_init_getenv_1                   0x080001ff   Thumb Code     0  libinit2.o(.ARM.Collect$$libinit$$00000023)
    __rt_lib_init_heap_1                     0x080001ff   Thumb Code     0  libinit2.o(.ARM.Collect$$libinit$$0000000A)
    __rt_lib_init_lc_collate_1               0x080001ff   Thumb Code     0  libinit2.o(.ARM.Collect$$libinit$$00000011)
    __rt_lib_init_lc_ctype_1                 0x080001ff   Thumb Code     0  libinit2.o(.ARM.Collect$$libinit$$00000013)
    __rt_lib_init_lc_monetary_1              0x080001ff   Thumb Code     0  libinit2.o(.ARM.Collect$$libinit$$00000015)
    __rt_lib_init_lc_numeric_1               0x080001ff   Thumb Code     0  libinit2.o(.ARM.Collect$$libinit$$00000017)
    __rt_lib_init_lc_time_1                  0x080001ff   Thumb Code     0  libinit2.o(.ARM.Collect$$libinit$$00000019)
    __rt_lib_init_preinit_1                  0x080001ff   Thumb Code     0  libinit2.o(.ARM.Collect$$libinit$$00000004)
    __rt_lib_init_rand_1                     0x080001ff   Thumb Code     0  libinit2.o(.ARM.Collect$$libinit$$0000000E)
    __rt_lib_init_return                     0x080001ff   Thumb Code     0  libinit2.o(.ARM.Collect$$libinit$$00000033)
    __rt_lib_init_signal_1                   0x080001ff   Thumb Code     0  libinit2.o(.ARM.Collect$$libinit$$0000001D)
    __rt_lib_init_stdio_1                    0x080001ff   Thumb Code     0  libinit2.o(.ARM.Collect$$libinit$$00000025)
    __rt_lib_init_user_alloc_1               0x080001ff   Thumb Code     0  libinit2.o(.ARM.Collect$$libinit$$0000000C)
    __rt_lib_shutdown                        0x08000201   Thumb Code     0  libshutdown.o(.ARM.Collect$$libshutdown$$00000000)
    __rt_lib_shutdown_cpp_1                  0x08000203   Thumb Code     0  libshutdown2.o(.ARM.Collect$$libshutdown$$00000004)
    __rt_lib_shutdown_fini_1                 0x08000203   Thumb Code     0  libshutdown2.o(.ARM.Collect$$libshutdown$$00000002)
    __rt_lib_shutdown_fp_trap_1              0x08000203   Thumb Code     0  libshutdown2.o(.ARM.Collect$$libshutdown$$00000009)
    __rt_lib_shutdown_heap_1                 0x08000203   Thumb Code     0  libshutdown2.o(.ARM.Collect$$libshutdown$$00000011)
    __rt_lib_shutdown_return                 0x08000203   Thumb Code     0  libshutdown2.o(.ARM.Collect$$libshutdown$$00000012)
    __rt_lib_shutdown_signal_1               0x08000203   Thumb Code     0  libshutdown2.o(.ARM.Collect$$libshutdown$$0000000C)
    __rt_lib_shutdown_stdio_1                0x08000203   Thumb Code     0  libshutdown2.o(.ARM.Collect$$libshutdown$$00000006)
    __rt_lib_shutdown_user_alloc_1           0x08000203   Thumb Code     0  libshutdown2.o(.ARM.Collect$$libshutdown$$0000000E)
    __rt_entry                               0x08000205   Thumb Code     0  __rtentry.o(.ARM.Collect$$rtentry$$00000000)
    __rt_entry_presh_1                       0x08000205   Thumb Code     0  __rtentry2.o(.ARM.Collect$$rtentry$$00000002)
    __rt_entry_sh                            0x08000205   Thumb Code     0  __rtentry4.o(.ARM.Collect$$rtentry$$00000004)
    __rt_entry_li                            0x0800020b   Thumb Code     0  __rtentry2.o(.ARM.Collect$$rtentry$$0000000A)
    __rt_entry_postsh_1                      0x0800020b   Thumb Code     0  __rtentry2.o(.ARM.Collect$$rtentry$$00000009)
    __rt_entry_main                          0x0800020f   Thumb Code     0  __rtentry2.o(.ARM.Collect$$rtentry$$0000000D)
    __rt_entry_postli_1                      0x0800020f   Thumb Code     0  __rtentry2.o(.ARM.Collect$$rtentry$$0000000C)
    __rt_exit                                0x08000217   Thumb Code     0  rtexit.o(.ARM.Collect$$rtexit$$00000000)
    __rt_exit_ls                             0x08000219   Thumb Code     0  rtexit2.o(.ARM.Collect$$rtexit$$00000003)
    __rt_exit_prels_1                        0x08000219   Thumb Code     0  rtexit2.o(.ARM.Collect$$rtexit$$00000002)
    __rt_exit_exit                           0x0800021d   Thumb Code     0  rtexit2.o(.ARM.Collect$$rtexit$$00000004)
    SVC_Handler                              0x08000225   Thumb Code    28  include_port.o(.emb_text)
    __asm___14_include_port_c_39a90d8d__prvStartFirstTask 0x08000245   Thumb Code    36  include_port.o(.emb_text)
    __asm___14_include_port_c_39a90d8d__prvEnableVFP 0x0800026d   Thumb Code    16  include_port.o(.emb_text)
    PendSV_Handler                           0x08000281   Thumb Code    88  include_port.o(.emb_text)
    vPortGetIPSR                             0x080002dd   Thumb Code     6  include_port.o(.emb_text)
    Reset_Handler                            0x080002e5   Thumb Code     8  startup_at32f403a_407.o(.text)
    ACC_IRQHandler                           0x080002ff   Thumb Code     0  startup_at32f403a_407.o(.text)
    ADC1_2_IRQHandler                        0x080002ff   Thumb Code     0  startup_at32f403a_407.o(.text)
    ADC3_IRQHandler                          0x080002ff   Thumb Code     0  startup_at32f403a_407.o(.text)
    CAN1_RX1_IRQHandler                      0x080002ff   Thumb Code     0  startup_at32f403a_407.o(.text)
    CAN1_SE_IRQHandler                       0x080002ff   Thumb Code     0  startup_at32f403a_407.o(.text)
    CAN2_RX0_IRQHandler                      0x080002ff   Thumb Code     0  startup_at32f403a_407.o(.text)
    CAN2_RX1_IRQHandler                      0x080002ff   Thumb Code     0  startup_at32f403a_407.o(.text)
    CAN2_SE_IRQHandler                       0x080002ff   Thumb Code     0  startup_at32f403a_407.o(.text)
    CAN2_TX_IRQHandler                       0x080002ff   Thumb Code     0  startup_at32f403a_407.o(.text)
    CRM_IRQHandler                           0x080002ff   Thumb Code     0  startup_at32f403a_407.o(.text)
    DMA1_Channel1_IRQHandler                 0x080002ff   Thumb Code     0  startup_at32f403a_407.o(.text)
    DMA1_Channel2_IRQHandler                 0x080002ff   Thumb Code     0  startup_at32f403a_407.o(.text)
    DMA1_Channel3_IRQHandler                 0x080002ff   Thumb Code     0  startup_at32f403a_407.o(.text)
    DMA1_Channel4_IRQHandler                 0x080002ff   Thumb Code     0  startup_at32f403a_407.o(.text)
    DMA1_Channel5_IRQHandler                 0x080002ff   Thumb Code     0  startup_at32f403a_407.o(.text)
    DMA1_Channel6_IRQHandler                 0x080002ff   Thumb Code     0  startup_at32f403a_407.o(.text)
    DMA1_Channel7_IRQHandler                 0x080002ff   Thumb Code     0  startup_at32f403a_407.o(.text)
    DMA2_Channel1_IRQHandler                 0x080002ff   Thumb Code     0  startup_at32f403a_407.o(.text)
    DMA2_Channel2_IRQHandler                 0x080002ff   Thumb Code     0  startup_at32f403a_407.o(.text)
    DMA2_Channel3_IRQHandler                 0x080002ff   Thumb Code     0  startup_at32f403a_407.o(.text)
    DMA2_Channel4_5_IRQHandler               0x080002ff   Thumb Code     0  startup_at32f403a_407.o(.text)
    DMA2_Channel6_7_IRQHandler               0x080002ff   Thumb Code     0  startup_at32f403a_407.o(.text)
    EMAC_IRQHandler                          0x080002ff   Thumb Code     0  startup_at32f403a_407.o(.text)
    EMAC_WKUP_IRQHandler                     0x080002ff   Thumb Code     0  startup_at32f403a_407.o(.text)
    EXINT0_IRQHandler                        0x080002ff   Thumb Code     0  startup_at32f403a_407.o(.text)
    EXINT15_10_IRQHandler                    0x080002ff   Thumb Code     0  startup_at32f403a_407.o(.text)
    EXINT1_IRQHandler                        0x080002ff   Thumb Code     0  startup_at32f403a_407.o(.text)
    EXINT2_IRQHandler                        0x080002ff   Thumb Code     0  startup_at32f403a_407.o(.text)
    EXINT3_IRQHandler                        0x080002ff   Thumb Code     0  startup_at32f403a_407.o(.text)
    EXINT4_IRQHandler                        0x080002ff   Thumb Code     0  startup_at32f403a_407.o(.text)
    EXINT9_5_IRQHandler                      0x080002ff   Thumb Code     0  startup_at32f403a_407.o(.text)
    FLASH_IRQHandler                         0x080002ff   Thumb Code     0  startup_at32f403a_407.o(.text)
    I2C1_ERR_IRQHandler                      0x080002ff   Thumb Code     0  startup_at32f403a_407.o(.text)
    I2C1_EVT_IRQHandler                      0x080002ff   Thumb Code     0  startup_at32f403a_407.o(.text)
    I2C2_ERR_IRQHandler                      0x080002ff   Thumb Code     0  startup_at32f403a_407.o(.text)
    I2C2_EVT_IRQHandler                      0x080002ff   Thumb Code     0  startup_at32f403a_407.o(.text)
    I2C3_ERR_IRQHandler                      0x080002ff   Thumb Code     0  startup_at32f403a_407.o(.text)
    I2C3_EVT_IRQHandler                      0x080002ff   Thumb Code     0  startup_at32f403a_407.o(.text)
    PVM_IRQHandler                           0x080002ff   Thumb Code     0  startup_at32f403a_407.o(.text)
    RTCAlarm_IRQHandler                      0x080002ff   Thumb Code     0  startup_at32f403a_407.o(.text)
    RTC_IRQHandler                           0x080002ff   Thumb Code     0  startup_at32f403a_407.o(.text)
    SDIO1_IRQHandler                         0x080002ff   Thumb Code     0  startup_at32f403a_407.o(.text)
    SDIO2_IRQHandler                         0x080002ff   Thumb Code     0  startup_at32f403a_407.o(.text)
    SPI1_IRQHandler                          0x080002ff   Thumb Code     0  startup_at32f403a_407.o(.text)
    SPI2_I2S2EXT_IRQHandler                  0x080002ff   Thumb Code     0  startup_at32f403a_407.o(.text)
    SPI3_I2S3EXT_IRQHandler                  0x080002ff   Thumb Code     0  startup_at32f403a_407.o(.text)
    SPI4_IRQHandler                          0x080002ff   Thumb Code     0  startup_at32f403a_407.o(.text)
    TAMPER_IRQHandler                        0x080002ff   Thumb Code     0  startup_at32f403a_407.o(.text)
    TMR1_BRK_TMR9_IRQHandler                 0x080002ff   Thumb Code     0  startup_at32f403a_407.o(.text)
    TMR1_CH_IRQHandler                       0x080002ff   Thumb Code     0  startup_at32f403a_407.o(.text)
    TMR1_OVF_TMR10_IRQHandler                0x080002ff   Thumb Code     0  startup_at32f403a_407.o(.text)
    TMR1_TRG_HALL_TMR11_IRQHandler           0x080002ff   Thumb Code     0  startup_at32f403a_407.o(.text)
    TMR2_GLOBAL_IRQHandler                   0x080002ff   Thumb Code     0  startup_at32f403a_407.o(.text)
    TMR3_GLOBAL_IRQHandler                   0x080002ff   Thumb Code     0  startup_at32f403a_407.o(.text)
    TMR4_GLOBAL_IRQHandler                   0x080002ff   Thumb Code     0  startup_at32f403a_407.o(.text)
    TMR5_GLOBAL_IRQHandler                   0x080002ff   Thumb Code     0  startup_at32f403a_407.o(.text)
    TMR6_GLOBAL_IRQHandler                   0x080002ff   Thumb Code     0  startup_at32f403a_407.o(.text)
    TMR7_GLOBAL_IRQHandler                   0x080002ff   Thumb Code     0  startup_at32f403a_407.o(.text)
    TMR8_BRK_TMR12_IRQHandler                0x080002ff   Thumb Code     0  startup_at32f403a_407.o(.text)
    TMR8_CH_IRQHandler                       0x080002ff   Thumb Code     0  startup_at32f403a_407.o(.text)
    TMR8_OVF_TMR13_IRQHandler                0x080002ff   Thumb Code     0  startup_at32f403a_407.o(.text)
    TMR8_TRG_HALL_TMR14_IRQHandler           0x080002ff   Thumb Code     0  startup_at32f403a_407.o(.text)
    UART4_IRQHandler                         0x080002ff   Thumb Code     0  startup_at32f403a_407.o(.text)
    UART5_IRQHandler                         0x080002ff   Thumb Code     0  startup_at32f403a_407.o(.text)
    UART7_IRQHandler                         0x080002ff   Thumb Code     0  startup_at32f403a_407.o(.text)
    UART8_IRQHandler                         0x080002ff   Thumb Code     0  startup_at32f403a_407.o(.text)
    USART1_IRQHandler                        0x080002ff   Thumb Code     0  startup_at32f403a_407.o(.text)
    USART2_IRQHandler                        0x080002ff   Thumb Code     0  startup_at32f403a_407.o(.text)
    USART3_IRQHandler                        0x080002ff   Thumb Code     0  startup_at32f403a_407.o(.text)
    USART6_IRQHandler                        0x080002ff   Thumb Code     0  startup_at32f403a_407.o(.text)
    USBFSWakeUp_IRQHandler                   0x080002ff   Thumb Code     0  startup_at32f403a_407.o(.text)
    USBFS_H_CAN1_TX_IRQHandler               0x080002ff   Thumb Code     0  startup_at32f403a_407.o(.text)
    USBFS_L_CAN1_RX0_IRQHandler              0x080002ff   Thumb Code     0  startup_at32f403a_407.o(.text)
    USBFS_MAPH_IRQHandler                    0x080002ff   Thumb Code     0  startup_at32f403a_407.o(.text)
    USBFS_MAPL_IRQHandler                    0x080002ff   Thumb Code     0  startup_at32f403a_407.o(.text)
    WWDT_IRQHandler                          0x080002ff   Thumb Code     0  startup_at32f403a_407.o(.text)
    XMC_IRQHandler                           0x080002ff   Thumb Code     0  startup_at32f403a_407.o(.text)
    __user_initial_stackheap                 0x08000301   Thumb Code     0  startup_at32f403a_407.o(.text)
    __use_two_region_memory                  0x08000325   Thumb Code     2  heapauxi.o(.text)
    __rt_heap_escrow$2region                 0x08000327   Thumb Code     2  heapauxi.o(.text)
    __rt_heap_expand$2region                 0x08000329   Thumb Code     2  heapauxi.o(.text)
    __user_setup_stackheap                   0x0800032b   Thumb Code    74  sys_stackheap_outer.o(.text)
    exit                                     0x08000375   Thumb Code    18  exit.o(.text)
    __user_libspace                          0x08000389   Thumb Code     8  libspace.o(.text)
    __user_perproc_libspace                  0x08000389   Thumb Code     0  libspace.o(.text)
    __user_perthread_libspace                0x08000389   Thumb Code     0  libspace.o(.text)
    _sys_exit                                0x08000391   Thumb Code     8  sys_exit.o(.text)
    __I$use$semihosting                      0x0800039d   Thumb Code     0  use_no_semi.o(.text)
    __use_no_semihosting_swi                 0x0800039d   Thumb Code     2  use_no_semi.o(.text)
    BusFault_Handler                         0x0800039f   Thumb Code     4  at32f403a_407_int.o(i.BusFault_Handler)
    __semihosting_library_function           0x0800039f   Thumb Code     0  indicate_semi.o(.text)
    DebugMon_Handler                         0x080003a3   Thumb Code     2  at32f403a_407_int.o(i.DebugMon_Handler)
    HardFault_Handler                        0x080003a5   Thumb Code     4  at32f403a_407_int.o(i.HardFault_Handler)
    MemManage_Handler                        0x080003a9   Thumb Code     4  at32f403a_407_int.o(i.MemManage_Handler)
    NMI_Handler                              0x080003ad   Thumb Code     2  at32f403a_407_int.o(i.NMI_Handler)
    SysTick_Handler                          0x080003b1   Thumb Code    46  include_port.o(i.SysTick_Handler)
    SystemInit                               0x080003e5   Thumb Code   100  system_at32f403a_407.o(i.SystemInit)
    UsageFault_Handler                       0x08000455   Thumb Code     4  at32f403a_407_int.o(i.UsageFault_Handler)
    crm_ahb_div_set                          0x08000459   Thumb Code    14  at32f403a_407_crm.o(i.crm_ahb_div_set)
    crm_apb1_div_set                         0x0800046d   Thumb Code    14  at32f403a_407_crm.o(i.crm_apb1_div_set)
    crm_apb2_div_set                         0x08000481   Thumb Code    14  at32f403a_407_crm.o(i.crm_apb2_div_set)
    crm_auto_step_mode_enable                0x08000495   Thumb Code    34  at32f403a_407_crm.o(i.crm_auto_step_mode_enable)
    crm_clock_source_enable                  0x080004bd   Thumb Code    90  at32f403a_407_crm.o(i.crm_clock_source_enable)
    crm_flag_get                             0x0800051d   Thumb Code    42  at32f403a_407_crm.o(i.crm_flag_get)
    crm_hext_clock_div_set                   0x0800054d   Thumb Code    14  at32f403a_407_crm.o(i.crm_hext_clock_div_set)
    crm_hext_stable_wait                     0x08000561   Thumb Code    46  at32f403a_407_crm.o(i.crm_hext_stable_wait)
    crm_pll_config                           0x08000591   Thumb Code   118  at32f403a_407_crm.o(i.crm_pll_config)
    crm_reset                                0x0800060d   Thumb Code    80  at32f403a_407_crm.o(i.crm_reset)
    crm_sysclk_switch                        0x08000665   Thumb Code    54  at32f403a_407_crm.o(i.crm_sysclk_switch)
    crm_sysclk_switch_status_get             0x080006a1   Thumb Code    10  at32f403a_407_crm.o(i.crm_sysclk_switch_status_get)
    led2_task_function                       0x080006b1   Thumb Code    12  main.o(i.led2_task_function)
    led3_task_function                       0x080006bd   Thumb Code    12  main.o(i.led3_task_function)
    main                                     0x080006c9   Thumb Code    64  main.o(i.main)
    nvic_priority_group_config               0x08000731   Thumb Code    32  at32f403a_407_misc.o(i.nvic_priority_group_config)
    pvPortMalloc                             0x08000b95   Thumb Code   338  heap_4.o(i.pvPortMalloc)
    pxPortInitialiseStack                    0x08000d01   Thumb Code    38  include_port.o(i.pxPortInitialiseStack)
    system_clock_config                      0x08000d2d   Thumb Code   112  at32f403a_407_clock.o(i.system_clock_config)
    system_core_clock_update                 0x08000d9d   Thumb Code   222  system_at32f403a_407.o(i.system_core_clock_update)
    uxListRemove                             0x08000e95   Thumb Code    40  list.o(i.uxListRemove)
    vListInitialise                          0x08000ebd   Thumb Code    26  list.o(i.vListInitialise)
    vListInitialiseItem                      0x08000ed7   Thumb Code     6  list.o(i.vListInitialiseItem)
    vListInsert                              0x08000edd   Thumb Code    52  list.o(i.vListInsert)
    vListInsertEnd                           0x08000f11   Thumb Code    24  list.o(i.vListInsertEnd)
    vPortEnterCritical                       0x08000f29   Thumb Code    76  include_port.o(i.vPortEnterCritical)
    vPortExitCritical                        0x08000f7d   Thumb Code    56  include_port.o(i.vPortExitCritical)
    vPortFree                                0x08000fb9   Thumb Code   150  heap_4.o(i.vPortFree)
    vPortSetupTimerInterrupt                 0x0800105d   Thumb Code    36  include_port.o(i.vPortSetupTimerInterrupt)
    vTaskDelay                               0x08001085   Thumb Code    82  tasks.o(i.vTaskDelay)
    vTaskStartScheduler                      0x080010e1   Thumb Code   112  tasks.o(i.vTaskStartScheduler)
    vTaskSuspendAll                          0x08001171   Thumb Code    12  tasks.o(i.vTaskSuspendAll)
    vTaskSwitchContext                       0x08001181   Thumb Code   118  tasks.o(i.vTaskSwitchContext)
    xPortStartScheduler                      0x0800120d   Thumb Code   330  include_port.o(i.xPortStartScheduler)
    xTaskCreate                              0x08001375   Thumb Code    96  tasks.o(i.xTaskCreate)
    xTaskIncrementTick                       0x080013d5   Thumb Code   282  tasks.o(i.xTaskIncrementTick)
    xTaskResumeAll                           0x0800151d   Thumb Code   224  tasks.o(i.xTaskResumeAll)
    _fp_init                                 0x08001621   Thumb Code    10  fpinit.o(x$fpl$fpinit)
    __fplib_config_fpu_vfp                   0x08001629   Thumb Code     0  fpinit.o(x$fpl$fpinit)
    __fplib_config_pureend_doubles           0x08001629   Thumb Code     0  fpinit.o(x$fpl$fpinit)
    Region$$Table$$Base                      0x0800163c   Number         0  anon$$obj.o(Region$$Table)
    Region$$Table$$Limit                     0x0800165c   Number         0  anon$$obj.o(Region$$Table)
    led2_handler                             0x20000000   Data           4  main.o(.data)
    led3_handler                             0x20000004   Data           4  main.o(.data)
    system_core_clock                        0x20000014   Data           4  system_at32f403a_407.o(.data)
    pxCurrentTCB                             0x20000018   Data           4  tasks.o(.data)
    uxTopUsedPriority                        0x20000050   Data           4  tasks.o(.data)
    __libspace_start                         0x20002140   Data          96  libspace.o(.bss)
    __temporary_stack_top$libspace           0x200021a0   Data           0  libspace.o(.bss)



==============================================================================

Memory Map of the image

  Image Entry point : 0x08000185

  Load Region LR_IROM1 (Base: 0x08000000, Size: 0x000016d4, Max: 0x00100000, ABSOLUTE)

    Execution Region ER_IROM1 (Exec base: 0x08000000, Load base: 0x08000000, Size: 0x0000165c, Max: 0x00100000, ABSOLUTE)

    Exec Addr    Load Addr    Size         Type   Attr      Idx    E Section Name        Object

    0x08000000   0x08000000   0x00000184   Data   RO         3777    RESET               startup_at32f403a_407.o
    0x08000184   0x08000184   0x00000008   Code   RO         4737  * !!!main             c_w.l(__main.o)
    0x0800018c   0x0800018c   0x00000034   Code   RO         4900    !!!scatter          c_w.l(__scatter.o)
    0x080001c0   0x080001c0   0x0000001a   Code   RO         4902    !!handler_copy      c_w.l(__scatter_copy.o)
    0x080001da   0x080001da   0x00000002   PAD
    0x080001dc   0x080001dc   0x0000001c   Code   RO         4904    !!handler_zi        c_w.l(__scatter_zi.o)
    0x080001f8   0x080001f8   0x00000002   Code   RO         4768    .ARM.Collect$$libinit$$00000000  c_w.l(libinit.o)
    0x080001fa   0x080001fa   0x00000004   Code   RO         4774    .ARM.Collect$$libinit$$00000001  c_w.l(libinit2.o)
    0x080001fe   0x080001fe   0x00000000   Code   RO         4777    .ARM.Collect$$libinit$$00000004  c_w.l(libinit2.o)
    0x080001fe   0x080001fe   0x00000000   Code   RO         4780    .ARM.Collect$$libinit$$0000000A  c_w.l(libinit2.o)
    0x080001fe   0x080001fe   0x00000000   Code   RO         4782    .ARM.Collect$$libinit$$0000000C  c_w.l(libinit2.o)
    0x080001fe   0x080001fe   0x00000000   Code   RO         4784    .ARM.Collect$$libinit$$0000000E  c_w.l(libinit2.o)
    0x080001fe   0x080001fe   0x00000000   Code   RO         4787    .ARM.Collect$$libinit$$00000011  c_w.l(libinit2.o)
    0x080001fe   0x080001fe   0x00000000   Code   RO         4789    .ARM.Collect$$libinit$$00000013  c_w.l(libinit2.o)
    0x080001fe   0x080001fe   0x00000000   Code   RO         4791    .ARM.Collect$$libinit$$00000015  c_w.l(libinit2.o)
    0x080001fe   0x080001fe   0x00000000   Code   RO         4793    .ARM.Collect$$libinit$$00000017  c_w.l(libinit2.o)
    0x080001fe   0x080001fe   0x00000000   Code   RO         4795    .ARM.Collect$$libinit$$00000019  c_w.l(libinit2.o)
    0x080001fe   0x080001fe   0x00000000   Code   RO         4797    .ARM.Collect$$libinit$$0000001B  c_w.l(libinit2.o)
    0x080001fe   0x080001fe   0x00000000   Code   RO         4799    .ARM.Collect$$libinit$$0000001D  c_w.l(libinit2.o)
    0x080001fe   0x080001fe   0x00000000   Code   RO         4801    .ARM.Collect$$libinit$$0000001F  c_w.l(libinit2.o)
    0x080001fe   0x080001fe   0x00000000   Code   RO         4803    .ARM.Collect$$libinit$$00000021  c_w.l(libinit2.o)
    0x080001fe   0x080001fe   0x00000000   Code   RO         4805    .ARM.Collect$$libinit$$00000023  c_w.l(libinit2.o)
    0x080001fe   0x080001fe   0x00000000   Code   RO         4807    .ARM.Collect$$libinit$$00000025  c_w.l(libinit2.o)
    0x080001fe   0x080001fe   0x00000000   Code   RO         4811    .ARM.Collect$$libinit$$0000002C  c_w.l(libinit2.o)
    0x080001fe   0x080001fe   0x00000000   Code   RO         4813    .ARM.Collect$$libinit$$0000002E  c_w.l(libinit2.o)
    0x080001fe   0x080001fe   0x00000000   Code   RO         4815    .ARM.Collect$$libinit$$00000030  c_w.l(libinit2.o)
    0x080001fe   0x080001fe   0x00000000   Code   RO         4817    .ARM.Collect$$libinit$$00000032  c_w.l(libinit2.o)
    0x080001fe   0x080001fe   0x00000002   Code   RO         4818    .ARM.Collect$$libinit$$00000033  c_w.l(libinit2.o)
    0x08000200   0x08000200   0x00000002   Code   RO         4838    .ARM.Collect$$libshutdown$$00000000  c_w.l(libshutdown.o)
    0x08000202   0x08000202   0x00000000   Code   RO         4851    .ARM.Collect$$libshutdown$$00000002  c_w.l(libshutdown2.o)
    0x08000202   0x08000202   0x00000000   Code   RO         4853    .ARM.Collect$$libshutdown$$00000004  c_w.l(libshutdown2.o)
    0x08000202   0x08000202   0x00000000   Code   RO         4855    .ARM.Collect$$libshutdown$$00000006  c_w.l(libshutdown2.o)
    0x08000202   0x08000202   0x00000000   Code   RO         4858    .ARM.Collect$$libshutdown$$00000009  c_w.l(libshutdown2.o)
    0x08000202   0x08000202   0x00000000   Code   RO         4861    .ARM.Collect$$libshutdown$$0000000C  c_w.l(libshutdown2.o)
    0x08000202   0x08000202   0x00000000   Code   RO         4863    .ARM.Collect$$libshutdown$$0000000E  c_w.l(libshutdown2.o)
    0x08000202   0x08000202   0x00000000   Code   RO         4866    .ARM.Collect$$libshutdown$$00000011  c_w.l(libshutdown2.o)
    0x08000202   0x08000202   0x00000002   Code   RO         4867    .ARM.Collect$$libshutdown$$00000012  c_w.l(libshutdown2.o)
    0x08000204   0x08000204   0x00000000   Code   RO         4739    .ARM.Collect$$rtentry$$00000000  c_w.l(__rtentry.o)
    0x08000204   0x08000204   0x00000000   Code   RO         4745    .ARM.Collect$$rtentry$$00000002  c_w.l(__rtentry2.o)
    0x08000204   0x08000204   0x00000006   Code   RO         4757    .ARM.Collect$$rtentry$$00000004  c_w.l(__rtentry4.o)
    0x0800020a   0x0800020a   0x00000000   Code   RO         4747    .ARM.Collect$$rtentry$$00000009  c_w.l(__rtentry2.o)
    0x0800020a   0x0800020a   0x00000004   Code   RO         4748    .ARM.Collect$$rtentry$$0000000A  c_w.l(__rtentry2.o)
    0x0800020e   0x0800020e   0x00000000   Code   RO         4750    .ARM.Collect$$rtentry$$0000000C  c_w.l(__rtentry2.o)
    0x0800020e   0x0800020e   0x00000008   Code   RO         4751    .ARM.Collect$$rtentry$$0000000D  c_w.l(__rtentry2.o)
    0x08000216   0x08000216   0x00000002   Code   RO         4772    .ARM.Collect$$rtexit$$00000000  c_w.l(rtexit.o)
    0x08000218   0x08000218   0x00000000   Code   RO         4820    .ARM.Collect$$rtexit$$00000002  c_w.l(rtexit2.o)
    0x08000218   0x08000218   0x00000004   Code   RO         4821    .ARM.Collect$$rtexit$$00000003  c_w.l(rtexit2.o)
    0x0800021c   0x0800021c   0x00000006   Code   RO         4822    .ARM.Collect$$rtexit$$00000004  c_w.l(rtexit2.o)
    0x08000222   0x08000222   0x00000002   PAD
    0x08000224   0x08000224   0x000000be   Code   RO          265    .emb_text           include_port.o
    0x080002e2   0x080002e2   0x00000002   PAD
    0x080002e4   0x080002e4   0x00000040   Code   RO         3778    .text               startup_at32f403a_407.o
    0x08000324   0x08000324   0x00000006   Code   RO         4735    .text               c_w.l(heapauxi.o)
    0x0800032a   0x0800032a   0x0000004a   Code   RO         4759    .text               c_w.l(sys_stackheap_outer.o)
    0x08000374   0x08000374   0x00000012   Code   RO         4761    .text               c_w.l(exit.o)
    0x08000386   0x08000386   0x00000002   PAD
    0x08000388   0x08000388   0x00000008   Code   RO         4769    .text               c_w.l(libspace.o)
    0x08000390   0x08000390   0x0000000c   Code   RO         4830    .text               c_w.l(sys_exit.o)
    0x0800039c   0x0800039c   0x00000002   Code   RO         4841    .text               c_w.l(use_no_semi.o)
    0x0800039e   0x0800039e   0x00000000   Code   RO         4843    .text               c_w.l(indicate_semi.o)
    0x0800039e   0x0800039e   0x00000004   Code   RO          142    i.BusFault_Handler  at32f403a_407_int.o
    0x080003a2   0x080003a2   0x00000002   Code   RO          143    i.DebugMon_Handler  at32f403a_407_int.o
    0x080003a4   0x080003a4   0x00000004   Code   RO          144    i.HardFault_Handler  at32f403a_407_int.o
    0x080003a8   0x080003a8   0x00000004   Code   RO          145    i.MemManage_Handler  at32f403a_407_int.o
    0x080003ac   0x080003ac   0x00000002   Code   RO          146    i.NMI_Handler       at32f403a_407_int.o
    0x080003ae   0x080003ae   0x00000002   PAD
    0x080003b0   0x080003b0   0x00000034   Code   RO          266    i.SysTick_Handler   include_port.o
    0x080003e4   0x080003e4   0x00000070   Code   RO         3741    i.SystemInit        system_at32f403a_407.o
    0x08000454   0x08000454   0x00000004   Code   RO          147    i.UsageFault_Handler  at32f403a_407_int.o
    0x08000458   0x08000458   0x00000014   Code   RO         1030    i.crm_ahb_div_set   at32f403a_407_crm.o
    0x0800046c   0x0800046c   0x00000014   Code   RO         1031    i.crm_apb1_div_set  at32f403a_407_crm.o
    0x08000480   0x08000480   0x00000014   Code   RO         1032    i.crm_apb2_div_set  at32f403a_407_crm.o
    0x08000494   0x08000494   0x00000028   Code   RO         1033    i.crm_auto_step_mode_enable  at32f403a_407_crm.o
    0x080004bc   0x080004bc   0x00000060   Code   RO         1039    i.crm_clock_source_enable  at32f403a_407_crm.o
    0x0800051c   0x0800051c   0x00000030   Code   RO         1042    i.crm_flag_get      at32f403a_407_crm.o
    0x0800054c   0x0800054c   0x00000014   Code   RO         1044    i.crm_hext_clock_div_set  at32f403a_407_crm.o
    0x08000560   0x08000560   0x0000002e   Code   RO         1045    i.crm_hext_stable_wait  at32f403a_407_crm.o
    0x0800058e   0x0800058e   0x00000002   PAD
    0x08000590   0x08000590   0x0000007c   Code   RO         1056    i.crm_pll_config    at32f403a_407_crm.o
    0x0800060c   0x0800060c   0x00000058   Code   RO         1057    i.crm_reset         at32f403a_407_crm.o
    0x08000664   0x08000664   0x0000003c   Code   RO         1060    i.crm_sysclk_switch  at32f403a_407_crm.o
    0x080006a0   0x080006a0   0x00000010   Code   RO         1061    i.crm_sysclk_switch_status_get  at32f403a_407_crm.o
    0x080006b0   0x080006b0   0x0000000c   Code   RO          199    i.led2_task_function  main.o
    0x080006bc   0x080006bc   0x0000000c   Code   RO          200    i.led3_task_function  main.o
    0x080006c8   0x080006c8   0x00000068   Code   RO          201    i.main              main.o
    0x08000730   0x08000730   0x00000028   Code   RO         2204    i.nvic_priority_group_config  at32f403a_407_misc.o
    0x08000758   0x08000758   0x00000098   Code   RO         4202    i.prvAddCurrentTaskToDelayedList  tasks.o
    0x080007f0   0x080007f0   0x000000b4   Code   RO         4203    i.prvAddNewTaskToReadyList  tasks.o
    0x080008a4   0x080008a4   0x00000048   Code   RO         4204    i.prvCheckTasksWaitingTermination  tasks.o
    0x080008ec   0x080008ec   0x00000012   Code   RO         4205    i.prvDeleteTCB      tasks.o
    0x080008fe   0x080008fe   0x00000002   PAD
    0x08000900   0x08000900   0x0000007c   Code   RO         4499    i.prvHeapInit       heap_4.o
    0x0800097c   0x0800097c   0x00000028   Code   RO         4206    i.prvIdleTask       tasks.o
    0x080009a4   0x080009a4   0x000000ae   Code   RO         4207    i.prvInitialiseNewTask  tasks.o
    0x08000a52   0x08000a52   0x00000002   PAD
    0x08000a54   0x08000a54   0x00000068   Code   RO         4208    i.prvInitialiseTaskLists  tasks.o
    0x08000abc   0x08000abc   0x00000068   Code   RO         4500    i.prvInsertBlockIntoFreeList  heap_4.o
    0x08000b24   0x08000b24   0x00000030   Code   RO         4209    i.prvResetNextTaskUnblockTime  tasks.o
    0x08000b54   0x08000b54   0x00000040   Code   RO          267    i.prvTaskExitError  include_port.o
    0x08000b94   0x08000b94   0x0000016c   Code   RO         4501    i.pvPortMalloc      heap_4.o
    0x08000d00   0x08000d00   0x0000002c   Code   RO          268    i.pxPortInitialiseStack  include_port.o
    0x08000d2c   0x08000d2c   0x00000070   Code   RO            4    i.system_clock_config  at32f403a_407_clock.o
    0x08000d9c   0x08000d9c   0x000000f8   Code   RO         3742    i.system_core_clock_update  system_at32f403a_407.o
    0x08000e94   0x08000e94   0x00000028   Code   RO         3883    i.uxListRemove      list.o
    0x08000ebc   0x08000ebc   0x0000001a   Code   RO         3884    i.vListInitialise   list.o
    0x08000ed6   0x08000ed6   0x00000006   Code   RO         3885    i.vListInitialiseItem  list.o
    0x08000edc   0x08000edc   0x00000034   Code   RO         3886    i.vListInsert       list.o
    0x08000f10   0x08000f10   0x00000018   Code   RO         3887    i.vListInsertEnd    list.o
    0x08000f28   0x08000f28   0x00000054   Code   RO          270    i.vPortEnterCritical  include_port.o
    0x08000f7c   0x08000f7c   0x0000003c   Code   RO          271    i.vPortExitCritical  include_port.o
    0x08000fb8   0x08000fb8   0x000000a4   Code   RO         4502    i.vPortFree         heap_4.o
    0x0800105c   0x0800105c   0x00000028   Code   RO          272    i.vPortSetupTimerInterrupt  include_port.o
    0x08001084   0x08001084   0x0000005c   Code   RO         4217    i.vTaskDelay        tasks.o
    0x080010e0   0x080010e0   0x00000090   Code   RO         4229    i.vTaskStartScheduler  tasks.o
    0x08001170   0x08001170   0x00000010   Code   RO         4231    i.vTaskSuspendAll   tasks.o
    0x08001180   0x08001180   0x0000008c   Code   RO         4232    i.vTaskSwitchContext  tasks.o
    0x0800120c   0x0800120c   0x00000168   Code   RO          274    i.xPortStartScheduler  include_port.o
    0x08001374   0x08001374   0x00000060   Code   RO         4235    i.xTaskCreate       tasks.o
    0x080013d4   0x080013d4   0x00000148   Code   RO         4244    i.xTaskIncrementTick  tasks.o
    0x0800151c   0x0800151c   0x00000104   Code   RO         4246    i.xTaskResumeAll    tasks.o
    0x08001620   0x08001620   0x0000000a   Code   RO         4828    x$fpl$fpinit        fz_wm.l(fpinit.o)
    0x0800162a   0x0800162a   0x00000010   Data   RO         3743    .constdata          system_at32f403a_407.o
    0x0800163a   0x0800163a   0x00000002   PAD
    0x0800163c   0x0800163c   0x00000020   Data   RO         4898    Region$$Table       anon$$obj.o


    Execution Region RW_IRAM1 (Exec base: 0x20000000, Load base: 0x0800165c, Size: 0x000027a0, Max: 0x00038000, ABSOLUTE)

    Exec Addr    Load Addr    Size         Type   Attr      Idx    E Section Name        Object

    0x20000000   0x0800165c   0x00000008   Data   RW          202    .data               main.o
    0x20000008   0x08001664   0x0000000c   Data   RW          275    .data               include_port.o
    0x20000014   0x08001670   0x00000004   Data   RW         3744    .data               system_at32f403a_407.o
    0x20000018   0x08001674   0x00000040   Data   RW         4249    .data               tasks.o
    0x20000058   0x080016b4   0x00000020   Data   RW         4508    .data               heap_4.o
    0x20000078        -       0x000000c8   Zero   RW         4248    .bss                tasks.o
    0x20000140        -       0x00002000   Zero   RW         4507    .bss                heap_4.o
    0x20002140        -       0x00000060   Zero   RW         4770    .bss                c_w.l(libspace.o)
    0x200021a0        -       0x00000200   Zero   RW         3776    HEAP                startup_at32f403a_407.o
    0x200023a0        -       0x00000400   Zero   RW         3775    STACK               startup_at32f403a_407.o


==============================================================================

Image component sizes


      Code (inc. data)   RO Data    RW Data    ZI Data      Debug   Object Name

       112          0          0          0          0      26306   at32f403a_407_clock.o
       598         74          0          0          0       7421   at32f403a_407_crm.o
        20          0          0          0          0       2957   at32f403a_407_int.o
        40          8          0          0          0      30892   at32f403a_407_misc.o
         0          0          0          0          0       7724   event_groups.o
       756         74          0         32       8192       7571   heap_4.o
       894         78          0         12          0      11340   include_port.o
       148          0          0          0          0       3718   list.o
       128         40          0          8          0      15537   main.o
        64         26        388          0       1536        956   startup_at32f403a_407.o
       360         38         16          4          0       2328   system_at32f403a_407.o
      1864        270          0         64        200      21923   tasks.o

    ----------------------------------------------------------------------
      4994        608        438        120       9928     138673   Object Totals
         0          0         32          0          0          0   (incl. Generated)
        10          0          2          0          0          0   (incl. Padding)

    ----------------------------------------------------------------------

      Code (inc. data)   RO Data    RW Data    ZI Data      Debug   Library Member Name

         8          0          0          0          0         68   __main.o
         0          0          0          0          0          0   __rtentry.o
        12          0          0          0          0          0   __rtentry2.o
         6          0          0          0          0          0   __rtentry4.o
        52          8          0          0          0          0   __scatter.o
        26          0          0          0          0          0   __scatter_copy.o
        28          0          0          0          0          0   __scatter_zi.o
        18          0          0          0          0         80   exit.o
         6          0          0          0          0        152   heapauxi.o
         0          0          0          0          0          0   indicate_semi.o
         2          0          0          0          0          0   libinit.o
         6          0          0          0          0          0   libinit2.o
         2          0          0          0          0          0   libshutdown.o
         2          0          0          0          0          0   libshutdown2.o
         8          4          0          0         96         68   libspace.o
         2          0          0          0          0          0   rtexit.o
        10          0          0          0          0          0   rtexit2.o
        12          4          0          0          0         68   sys_exit.o
        74          0          0          0          0         80   sys_stackheap_outer.o
         2          0          0          0          0         68   use_no_semi.o
        10          0          0          0          0        116   fpinit.o

    ----------------------------------------------------------------------
       292         16          0          0         96        700   Library Totals
         6          0          0          0          0          0   (incl. Padding)

    ----------------------------------------------------------------------

      Code (inc. data)   RO Data    RW Data    ZI Data      Debug   Library Name

       276         16          0          0         96        584   c_w.l
        10          0          0          0          0        116   fz_wm.l

    ----------------------------------------------------------------------
       292         16          0          0         96        700   Library Totals

    ----------------------------------------------------------------------

==============================================================================


      Code (inc. data)   RO Data    RW Data    ZI Data      Debug   

      5286        624        438        120      10024     134117   Grand Totals
      5286        624        438        120      10024     134117   ELF Image Totals
      5286        624        438        120          0          0   ROM Totals

==============================================================================

    Total RO  Size (Code + RO Data)                 5724 (   5.59kB)
    Total RW  Size (RW Data + ZI Data)             10144 (   9.91kB)
    Total ROM Size (Code + RO Data + RW Data)       5844 (   5.71kB)

==============================================================================

