<html>
<body>
<pre>
<h1>µVision Build Log</h1>
<h2>Tool Versions:</h2>
IDE-Version: µVision V5.36.0.0
Copyright (C) 2021 ARM Ltd and ARM Germany GmbH. All rights reserved.
License Information: 1 11, 1, LIC=----
 
Tool Versions:
Toolchain:       MDK-Lite  Version: 5.36.0.0
Toolchain Path:  E:\Prog\Keil\ARM\ARMCC\Bin
C Compiler:      Armcc.exe V5.06 update 7 (build 960)
Assembler:       Armasm.exe V5.06 update 7 (build 960)
Linker/Locator:  ArmLink.exe V5.06 update 7 (build 960)
Library Manager: ArmAr.exe V5.06 update 7 (build 960)
Hex Converter:   FromElf.exe V5.06 update 7 (build 960)
CPU DLL:         SARMCM3.DLL V5.36.0.0
Dialog DLL:      DCM.DLL V1.17.3.0
Target DLL:      CMSIS_AGDI.dll V1.33.0.0
Dialog DLL:      TCM.DLL V1.53.0.0
 
<h2>Project:</h2>
D:\Reposit\AT32_projects\Keil_project\_project\AT32F403_blink\MDK_V5\AT32F403_blink.uvprojx
Project File Date:  06/03/2024

<h2>Output:</h2>
*** Using Compiler 'V5.06 update 7 (build 960)', folder: 'E:\Prog\Keil\ARM\ARMCC\Bin'
Rebuild target 'AT32F403_blink'
compiling main.c...
compiling at32f403a_407_int.c...
compiling at32f403a_407_wk_config.c...
compiling at32f403a_407_gpio.c...
compiling at32f403a_407_crm.c...
compiling at32f403a_407_debug.c...
compiling at32f403a_407_flash.c...
assembling startup_at32f403a_407.s...
compiling at32f403a_407_misc.c...
compiling system_at32f403a_407.c...
compiling at32f403a_407_pwc.c...
compiling delay.c...
linking...
Program Size: Code=2222 RO-data=438 RW-data=12 ZI-data=1636  
FromELF: creating hex file...
".\objects\AT32F403_blink.axf" - 0 Error(s), 0 Warning(s).

<h2>Software Packages used:</h2>

Package Vendor: ArteryTek
                
                ArteryTek.AT32F403A_407_DFP.2.1.4
                ArteryTek AT32F403A_407 Series Device Support,Drivers

<h2>Collection of Component include folders:</h2>
  C:\Users\nchernov\AppData\Local\Arm\Packs\ArteryTek\AT32F403A_407_DFP\2.1.4\Device\Include

<h2>Collection of Component Files used:</h2>
Build Time Elapsed:  00:00:00
</pre>
</body>
</html>
