<html>
<body>
<pre>
<h1>µVision Build Log</h1>
<h2>Tool Versions:</h2>
IDE-Version: µVision V5.36.0.0
Copyright (C) 2021 ARM Ltd and ARM Germany GmbH. All rights reserved.
License Information: 1 11, 1, LIC=----
 
Tool Versions:
Toolchain:       MDK-Lite  Version: 5.36.0.0
Toolchain Path:  E:\Prog\Keil\ARM\ARMCC\Bin
C Compiler:      Armcc.exe V5.06 update 7 (build 960)
Assembler:       Armasm.exe V5.06 update 7 (build 960)
Linker/Locator:  ArmLink.exe V5.06 update 7 (build 960)
Library Manager: ArmAr.exe V5.06 update 7 (build 960)
Hex Converter:   FromElf.exe V5.06 update 7 (build 960)
CPU DLL:         SARMCM3.DLL V5.36.0.0
Dialog DLL:      DCM.DLL V1.17.3.0
Target DLL:      CMSIS_AGDI.dll V1.33.0.0
Dialog DLL:      TCM.DLL V1.53.0.0
 
<h2>Project:</h2>
D:\Reposit\AT32_projects\Keil_project\_project\AT32F403_PWM\MDK_V5\AT32F403_PWM.uvprojx
Project File Date:  06/13/2024

<h2>Output:</h2>
*** Using Compiler 'V5.06 update 7 (build 960)', folder: 'E:\Prog\Keil\ARM\ARMCC\Bin'
Rebuild target 'AT32F403_PWM'
compiling at32f403a_407_int.c...
compiling at32f403a_407_gpio.c...
compiling at32f403a_407_crm.c...
compiling at32f403a_407_flash.c...
compiling main.c...
..\..\..\user_libraries\inc\user_gpio.h(25): warning:  #1-D: last line of file ends without a newline
   */
..\..\..\user_libraries\inc\user_timer.h(25): warning:  #1-D: last line of file ends without a newline
  void init_timer6_test (void);
..\src\main.c: 2 warnings, 0 errors
compiling at32f403a_407_misc.c...
assembling startup_at32f403a_407.s...
compiling at32f403a_407_pwc.c...
compiling at32f403a_407_wk_config.c...
compiling at32f403a_407_debug.c...
compiling system_at32f403a_407.c...
compiling at32f403a_407_tmr.c...
compiling user_gpio.c...
..\..\..\user_libraries\inc\user_gpio.h(25): warning:  #1-D: last line of file ends without a newline
   */
..\..\..\user_libraries\src\user_gpio.c(37): warning:  #1-D: last line of file ends without a newline
  // gpio_read_pin
..\..\..\user_libraries\src\user_gpio.c: 2 warnings, 0 errors
compiling user_timer.c...
..\..\..\user_libraries\inc\user_timer.h(25): warning:  #1-D: last line of file ends without a newline
  void init_timer6_test (void);
..\..\..\user_libraries\inc\user_gpio.h(25): warning:  #1-D: last line of file ends without a newline
   */
..\..\..\user_libraries\src\user_timer.c(59): warning:  #1-D: last line of file ends without a newline
  }
..\..\..\user_libraries\src\user_timer.c: 3 warnings, 0 errors
compiling delay.c...
linking...
Program Size: Code=2602 RO-data=438 RW-data=16 ZI-data=1632  
FromELF: creating hex file...
".\objects\AT32F403_PWM.axf" - 0 Error(s), 7 Warning(s).

<h2>Software Packages used:</h2>

Package Vendor: ArteryTek
                
                ArteryTek.AT32F403A_407_DFP.2.1.4
                ArteryTek AT32F403A_407 Series Device Support,Drivers

<h2>Collection of Component include folders:</h2>
  C:\Users\nchernov\AppData\Local\Arm\Packs\ArteryTek\AT32F403A_407_DFP\2.1.4\Device\Include

<h2>Collection of Component Files used:</h2>
Build Time Elapsed:  00:00:01
</pre>
</body>
</html>
